Archive member included to satisfy reference by file (symbol)

/opt/devkitpro/libctru/lib/libctru.a(console.o)
                              main.o (consoleInit)
/opt/devkitpro/libctru/lib/libctru.a(gfx.o)
                              /opt/devkitpro/libctru/lib/libctru.a(console.o) (gfxSetScreenFormat)
/opt/devkitpro/libctru/lib/libctru.a(gx.o)
                              /opt/devkitpro/libctru/lib/libctru.a(gfx.o) (gxCmdBuf)
/opt/devkitpro/libctru/lib/libctru.a(gspgpu.o)
                              /opt/devkitpro/libctru/lib/libctru.a(gfx.o) (gspInit)
/opt/devkitpro/libctru/lib/libctru.a(apt.o)
                              main.o (aptMainLoop)
/opt/devkitpro/libctru/lib/libctru.a(hid.o)
                              main.o (hidScanInput)
/opt/devkitpro/libctru/lib/libctru.a(swkbd.o)
                              main.o (swkbdInit)
/opt/devkitpro/libctru/lib/libctru.a(utf8_to_utf16.o)
                              /opt/devkitpro/libctru/lib/libctru.a(swkbd.o) (utf8_to_utf16)
/opt/devkitpro/libctru/lib/libctru.a(decode_utf8.o)
                              /opt/devkitpro/libctru/lib/libctru.a(utf8_to_utf16.o) (decode_utf8)
/opt/devkitpro/libctru/lib/libctru.a(utf16_to_utf8.o)
                              /opt/devkitpro/libctru/lib/libctru.a(swkbd.o) (utf16_to_utf8)
/opt/devkitpro/libctru/lib/libctru.a(initSystem.o)
                              /opt/devkitpro/libctru/lib/libctru.a(apt.o) (__system_retAddr)
/opt/devkitpro/libctru/lib/libctru.a(syscalls.o)
                              /opt/devkitpro/libctru/lib/libctru.a(initSystem.o) (__system_initSyscalls)
/opt/devkitpro/libctru/lib/libctru.a(allocateHeaps.o)
                              /opt/devkitpro/libctru/lib/libctru.a(initSystem.o) (__system_allocateHeaps)
/opt/devkitpro/libctru/lib/libctru.a(initArgv.o)
                              /opt/devkitpro/libctru/lib/libctru.a(initSystem.o) (__system_initArgv)
/opt/devkitpro/libctru/lib/libctru.a(svc.o)
                              /opt/devkitpro/libctru/lib/libctru.a(allocateHeaps.o) (svcControlMemory)
/opt/devkitpro/libctru/lib/libctru.a(stack_adjust.o)
                              /opt/devkitpro/devkitARM/lib/gcc/arm-none-eabi/5.3.0/../../../../arm-none-eabi/lib/armv6k/fpu/3dsx_crt0.o (initSystem)
/opt/devkitpro/libctru/lib/libctru.a(default_font.bin.o)
                              /opt/devkitpro/libctru/lib/libctru.a(console.o) (default_font_bin)
/opt/devkitpro/libctru/lib/libctru.a(vram.o)
                              /opt/devkitpro/libctru/lib/libctru.a(gfx.o) (vramAlloc)
/opt/devkitpro/libctru/lib/libctru.a(mappable.o)
                              /opt/devkitpro/libctru/lib/libctru.a(gfx.o) (mappableAlloc)
/opt/devkitpro/libctru/lib/libctru.a(linear.o)
                              /opt/devkitpro/libctru/lib/libctru.a(gfx.o) (linearAlloc)
/opt/devkitpro/libctru/lib/libctru.a(mem_pool.o)
                              /opt/devkitpro/libctru/lib/libctru.a(vram.o) (MemPool::Allocate(MemChunk&, unsigned long, int))
/opt/devkitpro/libctru/lib/libctru.a(synchronization.o)
                              /opt/devkitpro/libctru/lib/libctru.a(initSystem.o) (__sync_init)
/opt/devkitpro/libctru/lib/libctru.a(os.o)
                              /opt/devkitpro/libctru/lib/libctru.a(allocateHeaps.o) (osGetMemRegionUsed)
/opt/devkitpro/libctru/lib/libctru.a(srv.o)
                              /opt/devkitpro/libctru/lib/libctru.a(apt.o) (srvInit)
/opt/devkitpro/libctru/lib/libctru.a(thread.o)
                              /opt/devkitpro/libctru/lib/libctru.a(gspgpu.o) (threadCreate)
/opt/devkitpro/libctru/lib/libctru.a(irrst.o)
                              /opt/devkitpro/libctru/lib/libctru.a(hid.o) (irrstScanInput)
/opt/devkitpro/libctru/lib/libctru.a(ptmsysm.o)
                              /opt/devkitpro/libctru/lib/libctru.a(os.o) (ptmSysmInit)
/opt/devkitpro/libctru/lib/libctru.a(rbtree_init.o)
                              /opt/devkitpro/libctru/lib/libctru.a(vram.o) (rbtree_init)
/opt/devkitpro/libctru/lib/libctru.a(rbtree_insert.o)
                              /opt/devkitpro/libctru/lib/libctru.a(vram.o) (rbtree_insert)
/opt/devkitpro/libctru/lib/libctru.a(rbtree_rotate.o)
                              /opt/devkitpro/libctru/lib/libctru.a(rbtree_insert.o) (rbtree_rotate)
/opt/devkitpro/libctru/lib/libctru.a(rbtree_remove.o)
                              /opt/devkitpro/libctru/lib/libctru.a(vram.o) (rbtree_remove)
/opt/devkitpro/libctru/lib/libctru.a(rbtree_find.o)
                              /opt/devkitpro/libctru/lib/libctru.a(vram.o) (rbtree_find)
/opt/devkitpro/libctru/lib/libctru.a(encode_utf16.o)
                              /opt/devkitpro/libctru/lib/libctru.a(utf8_to_utf16.o) (encode_utf16)
/opt/devkitpro/libctru/lib/libctru.a(encode_utf8.o)
                              /opt/devkitpro/libctru/lib/libctru.a(utf16_to_utf8.o) (encode_utf8)
/opt/devkitpro/libctru/lib/libctru.a(decode_utf16.o)
[...]
Memory Configuration

Name             Origin             Length             Attributes
*default*        0x0000000000000000 0xffffffffffffffff

Linker script and memory map

                0x0000000000100000                . = 0x100000
                0x0000000000100000                __start__ = .

.text           0x0000000000100000    0x21f20
 *(.crt0)
 .crt0          0x0000000000100000       0x94 /opt/devkitpro/devkitARM/lib/gcc/arm-none-eabi/5.3.0/../../../../arm-none-eabi/lib/armv6k/fpu/3dsx_crt0.o
                0x0000000000100000                _start
                0x0000000000100008                __service_ptr
                0x000000000010000c                __apt_appid
                0x0000000000100010                __heap_size
                0x0000000000100014                __linear_heap_size
                0x0000000000100018                __system_arglist
                0x000000000010001c                __system_runflags
 *(.init)
 .init          0x0000000000100094        0xc /opt/devkitpro/devkitARM/lib/gcc/arm-none-eabi/5.3.0/armv6k/fpu/crti.o
                0x0000000000100094                _init
 .init          0x00000000001000a0        0xc /opt/devkitpro/devkitARM/lib/gcc/arm-none-eabi/5.3.0/armv6k/fpu/crtn.o
                0x00000000001000ac                . = ALIGN (0x4)
 *(.text)
 .text          0x00000000001000ac      0x108 /opt/devkitpro/devkitARM/lib/gcc/arm-none-eabi/5.3.0/armv6k/fpu/crtbegin.o
 .text          0x00000000001001b4       0x64 /opt/devkitpro/libctru/lib/libctru.a(stack_adjust.o)
                0x00000000001001b4                initSystem
                0x00000000001001f8                __ctru_exit
 .text          0x0000000000100218      0x240 /opt/devkitpro/devkitARM/lib/gcc/arm-none-eabi/5.3.0/armv6k/fpu/libgcc.a(_divsi3.o)
                0x0000000000100218                __aeabi_idiv
                0x0000000000100218                __divsi3
                0x0000000000100438                __aeabi_idivmod
 .text          0x0000000000100458        0x4 /opt/devkitpro/devkitARM/lib/gcc/arm-none-eabi/5.3.0/armv6k/fpu/libgcc.a(_dvmd_tls.o)
                0x0000000000100458                __aeabi_ldiv0
                0x0000000000100458                __aeabi_idiv0
 .text          0x000000000010045c       0x3c /opt/devkitpro/devkitARM/lib/gcc/arm-none-eabi/5.3.0/armv6k/fpu/libgcc.a(_aeabi_uldivmod.o)
                0x000000000010045c                __aeabi_uldivmod
 .text          0x0000000000100498      0x128 /opt/devkitpro/devkitARM/lib/gcc/arm-none-eabi/5.3.0/armv6k/fpu/libgcc.a(_udivmoddi4.o)
                0x0000000000100498                __udivmoddi4
 .text          0x00000000001005c0      0x3a0 /opt/devkitpro/devkitARM/lib/gcc/arm-none-eabi/5.3.0/../../../../arm-none-eabi/lib/armv6k/fpu/libg.a(lib_a-strcmp.o)
                0x00000000001005c8                strcmp
 .text          0x0000000000100960      0x1c4 /opt/devkitpro/devkitARM/lib/gcc/arm-none-eabi/5.3.0/../../../../arm-none-eabi/lib/armv6k/fpu/libsysbase.a(iosupport.o)
                0x0000000000100968                setDefaultDevice
                0x0000000000100980                FindDevice
                0x0000000000100a3c                RemoveDevice
                0x0000000000100a68                AddDevice
                0x0000000000100b00                GetDeviceOpTab
 .text          0x0000000000100b24       0x7c /opt/devkitpro/devkitARM/lib/gcc/arm-none-eabi/5.3.0/../../../../arm-none-eabi/lib/armv6k/fpu/libsysbase.a(close.o)
                0x0000000000100b24                _close_r
 .text          0x0000000000100ba0       0x6c /opt/devkitpro/devkitARM/lib/gcc/arm-none-eabi/5.3.0/../../../../arm-none-eabi/lib/armv6k/fpu/libsysbase.a(fstat.o)
                0x0000000000100ba0                _fstat_r
 .text          0x0000000000100c0c        0x8 /opt/devkitpro/devkitARM/lib/gcc/arm-none-eabi/5.3.0/../../../../arm-none-eabi/lib/armv6k/fpu/libsysbase.a(isatty.o)
                0x0000000000100c0c                _isatty_r
 .text          0x0000000000100c14       0x78 /opt/devkitpro/devkitARM/lib/gcc/arm-none-eabi/5.3.0/../../../../arm-none-eabi/lib/armv6k/fpu/libsysbase.a(lseek.o)
                0x0000000000100c14                _lseek_r
 .text          0x0000000000100c8c       0x78 /opt/devkitpro/devkitARM/lib/gcc/arm-none-eabi/5.3.0/../../../../arm-none-eabi/lib/armv6k/fpu/libsysbase.a(read.o)
                0x0000000000100c8c                _read_r
 .text          0x0000000000100d04       0x70 /opt/devkitpro/devkitARM/lib/gcc/arm-none-eabi/5.3.0/../../../../arm-none-eabi/lib/armv6k/fpu/libsysbase.a(sbrk.o)
                0x0000000000100d04                _sbrk_r
 .text          0x0000000000100d74       0x78 /opt/devkitpro/devkitARM/lib/gcc/arm-none-eabi/5.3.0/../../../../arm-none-eabi/lib/armv6k/fpu/libsysbase.a(write.o)
                0x0000000000100d74                _write_r
 .text          0x0000000000100dec      0x3b0 /opt/devkitpro/devkitARM/lib/gcc/arm-none-eabi/5.3.0/../../../../arm-none-eabi/lib/armv6k/fpu/libsysbase.a(chdir.o)
                0x0000000000100dec                _concatenate_path
                0x0000000000100fa8                chdir
                0x00000000001010fc                getcwd
 .text          0x000000000010119c       0x10 /opt/devkitpro/devkitARM/lib/gcc/arm-none-eabi/5.3.0/../../../../arm-none-eabi/lib/armv6k/fpu/libsysbase.a(flock.o)
                0x000000000010119c                __flockfile
                0x00000000001011a4                __funlockfile
 .text          0x00000000001011ac      0x108 /opt/devkitpro/devkitARM/lib/gcc/arm-none-eabi/5.3.0/../../../../arm-none-eabi/lib/armv6k/fpu/libsysbase.a(syscall_support.o)
                0x00000000001011ac                __libc_lock_init
                0x00000000001011c4                __libc_lock_acquire
                0x00000000001011dc                __libc_lock_try_acquire
                0x0000000000101200                __libc_lock_release
                0x0000000000101218                __libc_lock_close
                0x0000000000101230                __libc_lock_init_recursive
                0x0000000000101248                __libc_lock_acquire_recursive
                0x0000000000101260                __libc_lock_try_acquire_recursive
                0x0000000000101284                __libc_lock_release_recursive
                0x000000000010129c                __libc_lock_close_recursive
 .text          0x00000000001012b4      0x2c4 /opt/devkitpro/devkitARM/lib/gcc/arm-none-eabi/5.3.0/../../../../arm-none-eabi/lib/armv6k/fpu/libsysbase.a(handle_manager.o)
                0x00000000001012b4                __free_handle
                0x00000000001012f8                __release_handle
                0x0000000000101334                __alloc_handle
                0x00000000001013ac                __get_handle
                0x00000000001013c8                dup
                0x000000000010146c                dup2
 .text          0x0000000000101578       0x28 /opt/devkitpro/devkitARM/lib/gcc/arm-none-eabi/5.3.0/../../../../arm-none-eabi/lib/armv6k/fpu/libsysbase.a(getreent.o)
                0x0000000000101578                __getreent
 .text          0x00000000001015a0      0x20c /opt/devkitpro/devkitARM/lib/gcc/arm-none-eabi/5.3.0/armv6k/fpu/libgcc.a(_udivsi3.o)
                0x00000000001015a0                __udivsi3
                0x00000000001015a0                __aeabi_uidiv
                0x000000000010178c                __aeabi_uidivmod
 *(.text.*)
 .text.MyCallback
                0x00000000001017ac       0x64 main.o
 .text.startup.main
                0x0000000000101810      0x38c main.o
                0x0000000000101810                main
 .text.debug_write
                0x0000000000101b9c       0x1c /opt/devkitpro/libctru/lib/libctru.a(console.o)
                0x0000000000101b9c                debug_write
 .text.consoleDrawChar
                0x0000000000101bb8      0x1ac /opt/devkitpro/libctru/lib/libctru.a(console.o)
                0x0000000000101bb8                consoleDrawChar
 .text.consolePrintChar
                0x0000000000101d64      0x128 /opt/devkitpro/libctru/lib/libctru.a(console.o)
                0x0000000000101d64                consolePrintChar
 .text.consoleCls
                0x0000000000101e8c      0x184 /opt/devkitpro/libctru/lib/libctru.a(console.o)
 .text.consoleInit
                0x0000000000102010       0xf8 /opt/devkitpro/libctru/lib/libctru.a(console.o)
                0x0000000000102010                consoleInit
 .text.consoleClearLine
                0x0000000000102108      0x138 /opt/devkitpro/libctru/lib/libctru.a(console.o)
 .text.newRow   0x0000000000102240       0xc0 /opt/devkitpro/libctru/lib/libctru.a(console.o)
 .text.con_write
                0x0000000000102300      0x86c /opt/devkitpro/libctru/lib/libctru.a(console.o)
                0x0000000000102300                con_write
 .text.gfxSetFramebufferInfo.part.0
                0x0000000000102b6c       0x8c /opt/devkitpro/libctru/lib/libctru.a(gfx.o)
 .text.gfxSetScreenFormat
                0x0000000000102bf8       0x18 /opt/devkitpro/libctru/lib/libctru.a(gfx.o)
                0x0000000000102bf8                gfxSetScreenFormat
 .text.gfxSetDoubleBuffering
                0x0000000000102c10       0x14 /opt/devkitpro/libctru/lib/libctru.a(gfx.o)
                0x0000000000102c10                gfxSetDoubleBuffering
 .text.__get_bytes_per_pixel
                0x0000000000102c24       0x18 /opt/devkitpro/libctru/lib/libctru.a(gfx.o)
                0x0000000000102c24                __get_bytes_per_pixel
 .text.gfxSetFramebufferInfo
                0x0000000000102c3c       0x70 /opt/devkitpro/libctru/lib/libctru.a(gfx.o)
                0x0000000000102c3c                gfxSetFramebufferInfo
 .text.gfxWriteFramebufferInfo
                0x0000000000102cac       0x88 /opt/devkitpro/libctru/lib/libctru.a(gfx.o)
                0x0000000000102cac                gfxWriteFramebufferInfo
 .text.gfxInit  0x0000000000102d34      0x1d0 /opt/devkitpro/libctru/lib/libctru.a(gfx.o)
                0x0000000000102d34                gfxInit
 .text.gfxInitDefault
                0x0000000000102f04       0x10 /opt/devkitpro/libctru/lib/libctru.a(gfx.o)
                0x0000000000102f04                gfxInitDefault
 .text.gfxExit  0x0000000000102f14       0xe0 /opt/devkitpro/libctru/lib/libctru.a(gfx.o)
                0x0000000000102f14                gfxExit
 .text.gfxGetFramebuffer
                0x0000000000102ff4       0xb0 /opt/devkitpro/libctru/lib/libctru.a(gfx.o)
                0x0000000000102ff4                gfxGetFramebuffer
 .text.gfxFlushBuffers
                0x00000000001030a4       0xcc /opt/devkitpro/libctru/lib/libctru.a(gfx.o)
                0x00000000001030a4                gfxFlushBuffers
 .text.gfxConfigScreen
                0x0000000000103170       0x70 /opt/devkitpro/libctru/lib/libctru.a(gfx.o)
                0x0000000000103170                gfxConfigScreen
 .text.gfxSwapBuffers
                0x00000000001031e0       0x20 /opt/devkitpro/libctru/lib/libctru.a(gfx.o)
                0x00000000001031e0                gfxSwapBuffers
 .text.gfxSwapBuffersGpu
                0x0000000000103200       0x20 /opt/devkitpro/libctru/lib/libctru.a(gfx.o)
                0x0000000000103200                gfxSwapBuffersGpu
 .text.gspEventThreadMain
                0x0000000000103220      0x124 /opt/devkitpro/libctru/lib/libctru.a(gspgpu.o)
 .text.gspInit  0x0000000000103344       0x74 /opt/devkitpro/libctru/lib/libctru.a(gspgpu.o)
                0x0000000000103344                gspInit
 .text.gspExit  0x00000000001033b8       0x3c /opt/devkitpro/libctru/lib/libctru.a(gspgpu.o)
                0x00000000001033b8                gspExit
 .text.gspInitEventHandler
                0x00000000001033f4       0xd0 /opt/devkitpro/libctru/lib/libctru.a(gspgpu.o)
                0x00000000001033f4                gspInitEventHandler
 .text.gspExitEventHandler
                0x00000000001034c4       0x5c /opt/devkitpro/libctru/lib/libctru.a(gspgpu.o)
                0x00000000001034c4                gspExitEventHandler
 .text.gspWaitForEvent
                0x0000000000103520       0x58 /opt/devkitpro/libctru/lib/libctru.a(gspgpu.o)
                0x0000000000103520                gspWaitForEvent
 .text.GSPGPU_SetBufferSwap
                0x0000000000103578       0x6c /opt/devkitpro/libctru/lib/libctru.a(gspgpu.o)
                0x0000000000103578                GSPGPU_SetBufferSwap
 .text.GSPGPU_FlushDataCache
                0x00000000001035e4       0x4c /opt/devkitpro/libctru/lib/libctru.a(gspgpu.o)
                0x00000000001035e4                GSPGPU_FlushDataCache
 .text.GSPGPU_SetLcdForceBlack
                0x0000000000103630       0x34 /opt/devkitpro/libctru/lib/libctru.a(gspgpu.o)
                0x0000000000103630                GSPGPU_SetLcdForceBlack
 .text.GSPGPU_RegisterInterruptRelayQueue
                0x0000000000103664       0x64 /opt/devkitpro/libctru/lib/libctru.a(gspgpu.o)
                0x0000000000103664                GSPGPU_RegisterInterruptRelayQueue
 .text.GSPGPU_UnregisterInterruptRelayQueue
                0x00000000001036c8       0x2c /opt/devkitpro/libctru/lib/libctru.a(gspgpu.o)
                0x00000000001036c8                GSPGPU_UnregisterInterruptRelayQueue
 .text.GSPGPU_AcquireRight
                0x00000000001036f4       0x48 /opt/devkitpro/libctru/lib/libctru.a(gspgpu.o)
                0x00000000001036f4                GSPGPU_AcquireRight
 .text.GSPGPU_ReleaseRight
                0x000000000010373c       0x2c /opt/devkitpro/libctru/lib/libctru.a(gspgpu.o)
                0x000000000010373c                GSPGPU_ReleaseRight
 .text.GSPGPU_ImportDisplayCaptureInfo
                0x0000000000103768       0x80 /opt/devkitpro/libctru/lib/libctru.a(gspgpu.o)
                0x0000000000103768                GSPGPU_ImportDisplayCaptureInfo
 .text.GSPGPU_SaveVramSysArea
                0x00000000001037e8       0x2c /opt/devkitpro/libctru/lib/libctru.a(gspgpu.o)
                0x00000000001037e8                GSPGPU_SaveVramSysArea
 .text.GSPGPU_RestoreVramSysArea
                0x0000000000103814       0x2c /opt/devkitpro/libctru/lib/libctru.a(gspgpu.o)
                0x0000000000103814                GSPGPU_RestoreVramSysArea
 .text._aptDebug
                0x0000000000103840        0x4 /opt/devkitpro/libctru/lib/libctru.a(apt.o)
                0x0000000000103840                _aptDebug
 .text.aptSendCommand
                0x0000000000103844      0x12c /opt/devkitpro/libctru/lib/libctru.a(apt.o)
                0x0000000000103844                aptSendCommand
 .text.aptExitProcess
                0x0000000000103970       0x3c /opt/devkitpro/libctru/lib/libctru.a(apt.o)
 .text.aptExit  0x00000000001039ac      0x13c /opt/devkitpro/libctru/lib/libctru.a(apt.o)
                0x00000000001039ac                aptExit
 .text.aptSetMessageCallback
                0x0000000000103ae8       0x14 /opt/devkitpro/libctru/lib/libctru.a(apt.o)
                0x0000000000103ae8                aptSetMessageCallback
 .text.APT_InquireNotification
                0x0000000000103afc       0x4c /opt/devkitpro/libctru/lib/libctru.a(apt.o)
                0x0000000000103afc                APT_InquireNotification
 .text.aptEventHandler
                0x0000000000103b48      0x198 /opt/devkitpro/libctru/lib/libctru.a(apt.o)
 .text.APT_AppletUtility
                0x0000000000103ce0       0x74 /opt/devkitpro/libctru/lib/libctru.a(apt.o)
                0x0000000000103ce0                APT_AppletUtility
 .text.aptSetSleepAllowed
                0x0000000000103d54       0xb0 /opt/devkitpro/libctru/lib/libctru.a(apt.o)
                0x0000000000103d54                aptSetSleepAllowed
 .text.APT_GlanceParameter
                0x0000000000103e04       0xb4 /opt/devkitpro/libctru/lib/libctru.a(apt.o)
                0x0000000000103e04                APT_GlanceParameter
 .text.APT_ReceiveParameter
                0x0000000000103eb8       0xc0 /opt/devkitpro/libctru/lib/libctru.a(apt.o)
                0x0000000000103eb8                APT_ReceiveParameter
 .text.aptReceiveParameter.constprop.1
                0x0000000000103f78       0xa8 /opt/devkitpro/libctru/lib/libctru.a(apt.o)
 .text.aptScreenTransfer
                0x0000000000104020      0x1e0 /opt/devkitpro/libctru/lib/libctru.a(apt.o)
 .text.aptWaitForWakeUp
                0x0000000000104200      0x224 /opt/devkitpro/libctru/lib/libctru.a(apt.o)
 .text.APT_SendParameter
                0x0000000000104424       0x58 /opt/devkitpro/libctru/lib/libctru.a(apt.o)
                0x0000000000104424                APT_SendParameter
 .text.APT_CancelParameter
                0x000000000010447c       0x70 /opt/devkitpro/libctru/lib/libctru.a(apt.o)
                0x000000000010447c                APT_CancelParameter
 .text.aptInit  0x00000000001044ec      0x210 /opt/devkitpro/libctru/lib/libctru.a(apt.o)
                0x00000000001044ec                aptInit
 .text.aptClearParamQueue
                0x00000000001046fc       0x88 /opt/devkitpro/libctru/lib/libctru.a(apt.o)
 .text.aptMainLoop
                0x0000000000104784      0x208 /opt/devkitpro/libctru/lib/libctru.a(apt.o)
                0x0000000000104784                aptMainLoop
 .text.aptLaunchLibraryApplet
                0x000000000010498c       0xdc /opt/devkitpro/libctru/lib/libctru.a(apt.o)
                0x000000000010498c                aptLaunchLibraryApplet
 .text.APT_CheckNew3DS
                0x0000000000104a68       0x70 /opt/devkitpro/libctru/lib/libctru.a(apt.o)
                0x0000000000104a68                APT_CheckNew3DS
 .text.hidExit  0x0000000000104ad8       0xd8 /opt/devkitpro/libctru/lib/libctru.a(hid.o)
                0x0000000000104ad8                hidExit
 .text.hidScanInput
                0x0000000000104bb0      0x238 /opt/devkitpro/libctru/lib/libctru.a(hid.o)
                0x0000000000104bb0                hidScanInput
 .text.hidKeysDown
                0x0000000000104de8       0x10 /opt/devkitpro/libctru/lib/libctru.a(hid.o)
                0x0000000000104de8                hidKeysDown
 .text.HIDUSER_GetHandles
                0x0000000000104df8       0x90 /opt/devkitpro/libctru/lib/libctru.a(hid.o)
                0x0000000000104df8                HIDUSER_GetHandles
 .text.hidInit  0x0000000000104e88      0x184 /opt/devkitpro/libctru/lib/libctru.a(hid.o)
                0x0000000000104e88                hidInit
 .text.swkbdConvertToUTF16.part.0
                0x000000000010500c       0x24 /opt/devkitpro/libctru/lib/libctru.a(swkbd.o)
 .text.swkbdMessageCallback
                0x0000000000105030      0x16c /opt/devkitpro/libctru/lib/libctru.a(swkbd.o)
 .text.swkbdInit
                0x000000000010519c       0x78 /opt/devkitpro/libctru/lib/libctru.a(swkbd.o)
                0x000000000010519c                swkbdInit
 .text.swkbdSetFeatures
                0x0000000000105214       0x3c /opt/devkitpro/libctru/lib/libctru.a(swkbd.o)
                0x0000000000105214                swkbdSetFeatures
 .text.swkbdSetHintText
                0x0000000000105250       0x2c /opt/devkitpro/libctru/lib/libctru.a(swkbd.o)
                0x0000000000105250                swkbdSetHintText
 .text.swkbdSetButton
                0x000000000010527c       0x54 /opt/devkitpro/libctru/lib/libctru.a(swkbd.o)
                0x000000000010527c                swkbdSetButton
 .text.swkbdSetInitialText
                0x00000000001052d0        0x8 /opt/devkitpro/libctru/lib/libctru.a(swkbd.o)
                0x00000000001052d0                swkbdSetInitialText
 .text.swkbdSetDictWord
                0x00000000001052d8       0x78 /opt/devkitpro/libctru/lib/libctru.a(swkbd.o)
                0x00000000001052d8                swkbdSetDictWord
 .text.swkbdSetDictionary
                0x0000000000105350       0x18 /opt/devkitpro/libctru/lib/libctru.a(swkbd.o)
                0x0000000000105350                swkbdSetDictionary
 .text.swkbdSetStatusData
                0x0000000000105368       0x34 /opt/devkitpro/libctru/lib/libctru.a(swkbd.o)
                0x0000000000105368                swkbdSetStatusData
 .text.swkbdSetLearningData
                0x000000000010539c       0x34 /opt/devkitpro/libctru/lib/libctru.a(swkbd.o)
                0x000000000010539c                swkbdSetLearningData
 .text.swkbdSetFilterCallback
                0x00000000001053d0       0x14 /opt/devkitpro/libctru/lib/libctru.a(swkbd.o)
                0x00000000001053d0                swkbdSetFilterCallback
 .text.swkbdInputText
                0x00000000001053e4      0x380 /opt/devkitpro/libctru/lib/libctru.a(swkbd.o)
                0x00000000001053e4                swkbdInputText
 .text.utf8_to_utf16
                0x0000000000105764       0xbc /opt/devkitpro/libctru/lib/libctru.a(utf8_to_utf16.o)
                0x0000000000105764                utf8_to_utf16
 .text.decode_utf8
                0x0000000000105820      0x138 /opt/devkitpro/libctru/lib/libctru.a(decode_utf8.o)
                0x0000000000105820                decode_utf8
 .text.utf16_to_utf8
                0x0000000000105958       0xe4 /opt/devkitpro/libctru/lib/libctru.a(utf16_to_utf8.o)
                0x0000000000105958                utf16_to_utf8
 .text.__libctru_init
                0x0000000000105a3c       0x38 /opt/devkitpro/libctru/lib/libctru.a(initSystem.o)
                0x0000000000105a3c                __libctru_init
 .text.__ctru_get_reent
                0x0000000000105a74       0x30 /opt/devkitpro/libctru/lib/libctru.a(syscalls.o)
 .text.__system_initSyscalls
                0x0000000000105aa4       0xe8 /opt/devkitpro/libctru/lib/libctru.a(syscalls.o)
                0x0000000000105aa4                __system_initSyscalls
 .text.osGetMemRegionSize
                0x0000000000105b8c       0x58 /opt/devkitpro/libctru/lib/libctru.a(allocateHeaps.o)
 .text.__system_allocateHeaps
                0x0000000000105be4      0x124 /opt/devkitpro/libctru/lib/libctru.a(allocateHeaps.o)
                0x0000000000105be4                __system_allocateHeaps
 .text.__system_initArgv
                0x0000000000105d08       0xf4 /opt/devkitpro/libctru/lib/libctru.a(initArgv.o)
                0x0000000000105d08                __system_initArgv
 .text.svcControlMemory
                0x0000000000105dfc       0x20 /opt/devkitpro/libctru/lib/libctru.a(svc.o)
                0x0000000000105dfc                svcControlMemory
 .text.svcExitProcess
                0x0000000000105e1c        0x8 /opt/devkitpro/libctru/lib/libctru.a(svc.o)
                0x0000000000105e1c                svcExitProcess
 .text.svcCreateThread
                0x0000000000105e24       0x20 /opt/devkitpro/libctru/lib/libctru.a(svc.o)
                0x0000000000105e24                svcCreateThread
 .text.svcExitThread
                0x0000000000105e44        0x8 /opt/devkitpro/libctru/lib/libctru.a(svc.o)
                0x0000000000105e44                svcExitThread
 .text.svcSleepThread
                0x0000000000105e4c        0x8 /opt/devkitpro/libctru/lib/libctru.a(svc.o)
                0x0000000000105e4c                svcSleepThread
 .text.svcReleaseMutex
                0x0000000000105e54        0x8 /opt/devkitpro/libctru/lib/libctru.a(svc.o)
                0x0000000000105e54                svcReleaseMutex
 .text.svcCreateEvent
                0x0000000000105e5c       0x14 /opt/devkitpro/libctru/lib/libctru.a(svc.o)
                0x0000000000105e5c                svcCreateEvent
 .text.svcSignalEvent
                0x0000000000105e70        0x8 /opt/devkitpro/libctru/lib/libctru.a(svc.o)
                0x0000000000105e70                svcSignalEvent
 .text.svcClearEvent
                0x0000000000105e78        0x8 /opt/devkitpro/libctru/lib/libctru.a(svc.o)
                0x0000000000105e78                svcClearEvent
 .text.svcCreateMemoryBlock
                0x0000000000105e80       0x18 /opt/devkitpro/libctru/lib/libctru.a(svc.o)
                0x0000000000105e80                svcCreateMemoryBlock
 .text.svcMapMemoryBlock
                0x0000000000105e98        0x8 /opt/devkitpro/libctru/lib/libctru.a(svc.o)
                0x0000000000105e98                svcMapMemoryBlock
 .text.svcUnmapMemoryBlock
                0x0000000000105ea0        0x8 /opt/devkitpro/libctru/lib/libctru.a(svc.o)
                0x0000000000105ea0                svcUnmapMemoryBlock
 .text.svcCreateAddressArbiter
                0x0000000000105ea8       0x14 /opt/devkitpro/libctru/lib/libctru.a(svc.o)
                0x0000000000105ea8                svcCreateAddressArbiter
 .text.svcArbitrateAddress
                0x0000000000105ebc       0x18 /opt/devkitpro/libctru/lib/libctru.a(svc.o)
                0x0000000000105ebc                svcArbitrateAddress
 .text.svcCloseHandle
                0x0000000000105ed4        0x8 /opt/devkitpro/libctru/lib/libctru.a(svc.o)
                0x0000000000105ed4                svcCloseHandle
 .text.svcWaitSynchronization
                0x0000000000105edc        0x8 /opt/devkitpro/libctru/lib/libctru.a(svc.o)
                0x0000000000105edc                svcWaitSynchronization
 .text.svcWaitSynchronizationN
                0x0000000000105ee4       0x28 /opt/devkitpro/libctru/lib/libctru.a(svc.o)
                0x0000000000105ee4                svcWaitSynchronizationN
 .text.svcDuplicateHandle
                0x0000000000105f0c       0x14 /opt/devkitpro/libctru/lib/libctru.a(svc.o)
                0x0000000000105f0c                svcDuplicateHandle
 .text.svcGetSystemTick
                0x0000000000105f20        0x8 /opt/devkitpro/libctru/lib/libctru.a(svc.o)
                0x0000000000105f20                svcGetSystemTick
 .text.svcGetSystemInfo
                0x0000000000105f28       0x18 /opt/devkitpro/libctru/lib/libctru.a(svc.o)
                0x0000000000105f28                svcGetSystemInfo
 .text.svcConnectToPort
                0x0000000000105f40       0x14 /opt/devkitpro/libctru/lib/libctru.a(svc.o)
                0x0000000000105f40                svcConnectToPort
 .text.svcSendSyncRequest
                0x0000000000105f54        0x8 /opt/devkitpro/libctru/lib/libctru.a(svc.o)
                0x0000000000105f54                svcSendSyncRequest
 .text.svcBreak
                0x0000000000105f5c        0x8 /opt/devkitpro/libctru/lib/libctru.a(svc.o)
                0x0000000000105f5c                svcBreak
 .text.svcOutputDebugString
                0x0000000000105f64        0x8 /opt/devkitpro/libctru/lib/libctru.a(svc.o)
                0x0000000000105f64                svcOutputDebugString
 .text._ZL21addrMapNodeComparatorPK11rbtree_nodeS1_
                0x0000000000105f6c       0x24 /opt/devkitpro/libctru/lib/libctru.a(vram.o)
 .text._ZL21addrMapNodeDestructorP11rbtree_node
                0x0000000000105f90        0x4 /opt/devkitpro/libctru/lib/libctru.a(vram.o)
 .text.vramMemAlign
                0x0000000000105f94      0x130 /opt/devkitpro/libctru/lib/libctru.a(vram.o)
                0x0000000000105f94                vramMemAlign
 .text.vramAlloc
                0x00000000001060c4        0x8 /opt/devkitpro/libctru/lib/libctru.a(vram.o)
                0x00000000001060c4                vramAlloc
 .text.vramFree
                0x00000000001060cc       0x50 /opt/devkitpro/libctru/lib/libctru.a(vram.o)
                0x00000000001060cc                vramFree
 .text._ZL21addrMapNodeComparatorPK11rbtree_nodeS1_
                0x000000000010611c       0x24 /opt/devkitpro/libctru/lib/libctru.a(mappable.o)
 .text._ZL21addrMapNodeDestructorP11rbtree_node
                0x0000000000106140        0x4 /opt/devkitpro/libctru/lib/libctru.a(mappable.o)
 .text.mappableAlloc
                0x0000000000106144       0xf4 /opt/devkitpro/libctru/lib/libctru.a(mappable.o)
                0x0000000000106144                mappableAlloc
 .text.mappableFree
                0x0000000000106238       0x50 /opt/devkitpro/libctru/lib/libctru.a(mappable.o)
                0x0000000000106238                mappableFree
 .text._ZL21addrMapNodeComparatorPK11rbtree_nodeS1_
                0x0000000000106288       0x24 /opt/devkitpro/libctru/lib/libctru.a(linear.o)
 .text._ZL21addrMapNodeDestructorP11rbtree_node
                0x00000000001062ac        0x4 /opt/devkitpro/libctru/lib/libctru.a(linear.o)
 .text.linearMemAlign
                0x00000000001062b0      0x140 /opt/devkitpro/libctru/lib/libctru.a(linear.o)
                0x00000000001062b0                linearMemAlign
 .text.linearAlloc
                0x00000000001063f0        0x8 /opt/devkitpro/libctru/lib/libctru.a(linear.o)
                0x00000000001063f0                linearAlloc
 .text.linearFree
                0x00000000001063f8       0x50 /opt/devkitpro/libctru/lib/libctru.a(linear.o)
                0x00000000001063f8                linearFree
 .text._ZN7MemPool13CoalesceRightEP8MemBlock
                0x0000000000106448       0xa0 /opt/devkitpro/libctru/lib/libctru.a(mem_pool.o)
                0x0000000000106448                MemPool::CoalesceRight(MemBlock*)
 .text._ZN7MemPool8AllocateER8MemChunkmi
                0x00000000001064e8      0x18c /opt/devkitpro/libctru/lib/libctru.a(mem_pool.o)
                0x00000000001064e8                MemPool::Allocate(MemChunk&, unsigned long, int)
 .text._ZN7MemPool10DeallocateERK8MemChunk
                0x0000000000106674      0x104 /opt/devkitpro/libctru/lib/libctru.a(mem_pool.o)
                0x0000000000106674                MemPool::Deallocate(MemChunk const&)
 .text.LightLock_Unlock.part.1
                0x0000000000106778       0x34 /opt/devkitpro/libctru/lib/libctru.a(synchronization.o)
 .text.__sync_init
                0x00000000001067ac        0xc /opt/devkitpro/libctru/lib/libctru.a(synchronization.o)
                0x00000000001067ac                __sync_init
 .text.__sync_fini
                0x00000000001067b8       0x18 /opt/devkitpro/libctru/lib/libctru.a(synchronization.o)
                0x00000000001067b8                __sync_fini
 .text.LightLock_Init
                0x00000000001067d0       0x18 /opt/devkitpro/libctru/lib/libctru.a(synchronization.o)
                0x00000000001067d0                LightLock_Init
 .text.LightLock_Lock
                0x00000000001067e8       0x94 /opt/devkitpro/libctru/lib/libctru.a(synchronization.o)
                0x00000000001067e8                LightLock_Lock
 .text.LightLock_TryLock
                0x000000000010687c       0x34 /opt/devkitpro/libctru/lib/libctru.a(synchronization.o)
                0x000000000010687c                LightLock_TryLock
 .text.LightLock_Unlock
                0x00000000001068b0       0x20 /opt/devkitpro/libctru/lib/libctru.a(synchronization.o)
                0x00000000001068b0                LightLock_Unlock
 .text.RecursiveLock_Init
                0x00000000001068d0       0x24 /opt/devkitpro/libctru/lib/libctru.a(synchronization.o)
                0x00000000001068d0                RecursiveLock_Init
 .text.RecursiveLock_Lock
                0x00000000001068f4       0x30 /opt/devkitpro/libctru/lib/libctru.a(synchronization.o)
                0x00000000001068f4                RecursiveLock_Lock
 .text.RecursiveLock_TryLock
                0x0000000000106924       0x58 /opt/devkitpro/libctru/lib/libctru.a(synchronization.o)
                0x0000000000106924                RecursiveLock_TryLock
 .text.RecursiveLock_Unlock
                0x000000000010697c       0x38 /opt/devkitpro/libctru/lib/libctru.a(synchronization.o)
                0x000000000010697c                RecursiveLock_Unlock
 .text.LightEvent_Init
                0x00000000001069b4       0x38 /opt/devkitpro/libctru/lib/libctru.a(synchronization.o)
                0x00000000001069b4                LightEvent_Init
 .text.LightEvent_Signal
                0x00000000001069ec       0xdc /opt/devkitpro/libctru/lib/libctru.a(synchronization.o)
                0x00000000001069ec                LightEvent_Signal
 .text.LightEvent_Wait
                0x0000000000106ac8       0xc8 /opt/devkitpro/libctru/lib/libctru.a(synchronization.o)
                0x0000000000106ac8                LightEvent_Wait
 .text.getSysTime
                0x0000000000106b90       0x58 /opt/devkitpro/libctru/lib/libctru.a(os.o)
 .text.osGetMemRegionUsed
                0x0000000000106be8       0x24 /opt/devkitpro/libctru/lib/libctru.a(os.o)
                0x0000000000106be8                osGetMemRegionUsed
 *fill*         0x0000000000106c0c        0x4 
 .text.__libctru_gtod
                0x0000000000106c10       0xf8 /opt/devkitpro/libctru/lib/libctru.a(os.o)
                0x0000000000106c10                __libctru_gtod
 .text.__ctru_speedup_config
                0x0000000000106d08       0x34 /opt/devkitpro/libctru/lib/libctru.a(os.o)
                0x0000000000106d08                __ctru_speedup_config
 .text.srvExit  0x0000000000106d3c       0x50 /opt/devkitpro/libctru/lib/libctru.a(srv.o)
                0x0000000000106d3c                srvExit
 .text.srvRegisterClient
                0x0000000000106d8c       0x38 /opt/devkitpro/libctru/lib/libctru.a(srv.o)
                0x0000000000106d8c                srvRegisterClient
 .text.srvInit  0x0000000000106dc4       0x70 /opt/devkitpro/libctru/lib/libctru.a(srv.o)
                0x0000000000106dc4                srvInit
 .text.srvGetServiceHandleDirect
                0x0000000000106e34       0x68 /opt/devkitpro/libctru/lib/libctru.a(srv.o)
                0x0000000000106e34                srvGetServiceHandleDirect
 .text.srvGetServiceHandle
                0x0000000000106e9c       0x38 /opt/devkitpro/libctru/lib/libctru.a(srv.o)
                0x0000000000106e9c                srvGetServiceHandle
 .text.threadCreate
                0x0000000000106ed4      0x1c8 /opt/devkitpro/libctru/lib/libctru.a(thread.o)
                0x0000000000106ed4                threadCreate
 .text.threadJoin
                0x000000000010709c       0x24 /opt/devkitpro/libctru/lib/libctru.a(thread.o)
                0x000000000010709c                threadJoin
 .text.threadExit
                0x00000000001070c0       0x6c /opt/devkitpro/libctru/lib/libctru.a(thread.o)
                0x00000000001070c0                threadExit
 .text._thread_begin
                0x000000000010712c       0x3c /opt/devkitpro/libctru/lib/libctru.a(thread.o)
 .text.irrstScanInput
                0x0000000000107168       0xb0 /opt/devkitpro/libctru/lib/libctru.a(irrst.o)
                0x0000000000107168                irrstScanInput
 .text.irrstKeysHeld
                0x0000000000107218       0x1c /opt/devkitpro/libctru/lib/libctru.a(irrst.o)
                0x0000000000107218                irrstKeysHeld
 .text.IRRST_GetHandles
                0x0000000000107234       0x50 /opt/devkitpro/libctru/lib/libctru.a(irrst.o)
                0x0000000000107234                IRRST_GetHandles
 .text.irrstInit
                0x0000000000107284      0x148 /opt/devkitpro/libctru/lib/libctru.a(irrst.o)
                0x0000000000107284                irrstInit
 .text.IRRST_Shutdown
                0x00000000001073cc       0x2c /opt/devkitpro/libctru/lib/libctru.a(irrst.o)
                0x00000000001073cc                IRRST_Shutdown
 .text.irrstExit
                0x00000000001073f8       0xb0 /opt/devkitpro/libctru/lib/libctru.a(irrst.o)
                0x00000000001073f8                irrstExit
 .text.ptmSysmInit
                0x00000000001074a8       0x70 /opt/devkitpro/libctru/lib/libctru.a(ptmsysm.o)
                0x00000000001074a8                ptmSysmInit
 .text.ptmSysmExit
                0x0000000000107518       0x34 /opt/devkitpro/libctru/lib/libctru.a(ptmsysm.o)
                0x0000000000107518                ptmSysmExit
 .text.PTMSYSM_ConfigureNew3DSCPU
                0x000000000010754c       0x34 /opt/devkitpro/libctru/lib/libctru.a(ptmsysm.o)
                0x000000000010754c                PTMSYSM_ConfigureNew3DSCPU
 .text.rbtree_init
                0x0000000000107580       0x14 /opt/devkitpro/libctru/lib/libctru.a(rbtree_init.o)
                0x0000000000107580                rbtree_init
 .text.do_insert
                0x0000000000107594      0x1d4 /opt/devkitpro/libctru/lib/libctru.a(rbtree_insert.o)
 .text.rbtree_insert
                0x0000000000107768        0x8 /opt/devkitpro/libctru/lib/libctru.a(rbtree_insert.o)
                0x0000000000107768                rbtree_insert
 .text.rbtree_rotate
                0x0000000000107770       0xac /opt/devkitpro/libctru/lib/libctru.a(rbtree_rotate.o)
                0x0000000000107770                rbtree_rotate
 .text.rbtree_remove
                0x000000000010781c      0x35c /opt/devkitpro/libctru/lib/libctru.a(rbtree_remove.o)
                0x000000000010781c                rbtree_remove
 .text.rbtree_find
                0x0000000000107b78       0x70 /opt/devkitpro/libctru/lib/libctru.a(rbtree_find.o)
                0x0000000000107b78                rbtree_find
 .text.encode_utf16
                0x0000000000107be8       0x68 /opt/devkitpro/libctru/lib/libctru.a(encode_utf16.o)
                0x0000000000107be8                encode_utf16
 .text.encode_utf8
                0x0000000000107c50      0x104 /opt/devkitpro/libctru/lib/libctru.a(encode_utf8.o)
                0x0000000000107c50                encode_utf8
 .text.decode_utf16
                0x0000000000107d54       0x60 /opt/devkitpro/libctru/lib/libctru.a(decode_utf16.o)
                0x0000000000107d54                decode_utf16
 .text.__appInit
                0x0000000000107db4       0x1c /opt/devkitpro/libctru/lib/libctru.a(appInit.o)
                0x0000000000107db4                __appInit
 .text.__appExit
                0x0000000000107dd0       0x1c /opt/devkitpro/libctru/lib/libctru.a(appExit.o)
                0x0000000000107dd0                __appExit
 .text.__libctru_exit
                0x0000000000107dec       0xa4 /opt/devkitpro/libctru/lib/libctru.a(ctru_exit.o)
                0x0000000000107dec                __libctru_exit
 .text.envGetHandle
                0x0000000000107e90       0x94 /opt/devkitpro/libctru/lib/libctru.a(env.o)
                0x0000000000107e90                envGetHandle
 .text.envDestroyHandles
                0x0000000000107f24       0x4c /opt/devkitpro/libctru/lib/libctru.a(env.o)
                0x0000000000107f24                envDestroyHandles
 .text.sdmc_link
                0x0000000000107f70       0x10 /opt/devkitpro/libctru/lib/libctru.a(sdmc_dev.o)
 .text.sdmc_dirreset
                0x0000000000107f80       0x10 /opt/devkitpro/libctru/lib/libctru.a(sdmc_dev.o)
 .text.sdmc_chmod
                0x0000000000107f90       0x10 /opt/devkitpro/libctru/lib/libctru.a(sdmc_dev.o)
 .text.sdmc_fchmod
                0x0000000000107fa0       0x10 /opt/devkitpro/libctru/lib/libctru.a(sdmc_dev.o)
 .text.error_cmp
                0x0000000000107fb0       0x24 /opt/devkitpro/libctru/lib/libctru.a(sdmc_dev.o)
 .text.sdmc_translate_error
                0x0000000000107fd4       0x50 /opt/devkitpro/libctru/lib/libctru.a(sdmc_dev.o)
 .text.sdmc_fsync
                0x0000000000108024       0x34 /opt/devkitpro/libctru/lib/libctru.a(sdmc_dev.o)
 .text.sdmc_ftruncate
                0x0000000000108058       0x54 /opt/devkitpro/libctru/lib/libctru.a(sdmc_dev.o)
 .text.sdmc_statvfs
                0x00000000001080ac       0xac /opt/devkitpro/libctru/lib/libctru.a(sdmc_dev.o)
 .text.sdmc_dirclose
                0x0000000000108158       0x38 /opt/devkitpro/libctru/lib/libctru.a(sdmc_dev.o)
 .text.sdmc_dirnext
                0x0000000000108190      0x13c /opt/devkitpro/libctru/lib/libctru.a(sdmc_dev.o)
 .text.sdmc_close
                0x00000000001082cc       0x34 /opt/devkitpro/libctru/lib/libctru.a(sdmc_dev.o)
 .text.sdmc_fstat
                0x0000000000108300       0x74 /opt/devkitpro/libctru/lib/libctru.a(sdmc_dev.o)
 .text.sdmc_seek
                0x0000000000108374       0xc0 /opt/devkitpro/libctru/lib/libctru.a(sdmc_dev.o)
 .text.sdmc_read
                0x0000000000108434       0x8c /opt/devkitpro/libctru/lib/libctru.a(sdmc_dev.o)
 .text.sdmc_write_safe
                0x00000000001084c0      0x110 /opt/devkitpro/libctru/lib/libctru.a(sdmc_dev.o)
 .text.sdmc_utf16path
                0x00000000001085d0      0x1b4 /opt/devkitpro/libctru/lib/libctru.a(sdmc_dev.o)
 .text.sdmc_rmdir
                0x0000000000108784       0x74 /opt/devkitpro/libctru/lib/libctru.a(sdmc_dev.o)
 .text.sdmc_diropen
                0x00000000001087f8       0xa8 /opt/devkitpro/libctru/lib/libctru.a(sdmc_dev.o)
 .text.sdmc_chdir
                0x00000000001088a0       0xa0 /opt/devkitpro/libctru/lib/libctru.a(sdmc_dev.o)
 .text.sdmc_mkdir
                0x0000000000108940       0x98 /opt/devkitpro/libctru/lib/libctru.a(sdmc_dev.o)
 .text.sdmc_rename
                0x00000000001089d8      0x108 /opt/devkitpro/libctru/lib/libctru.a(sdmc_dev.o)
 .text.sdmc_unlink
                0x0000000000108ae0       0x74 /opt/devkitpro/libctru/lib/libctru.a(sdmc_dev.o)
 .text.sdmc_stat
                0x0000000000108b54      0x108 /opt/devkitpro/libctru/lib/libctru.a(sdmc_dev.o)
 .text.sdmc_open
                0x0000000000108c5c      0x188 /opt/devkitpro/libctru/lib/libctru.a(sdmc_dev.o)
 .text.sdmcInit
                0x0000000000108de4      0x15c /opt/devkitpro/libctru/lib/libctru.a(sdmc_dev.o)
                0x0000000000108de4                sdmcInit
 .text.sdmcExit
                0x0000000000108f40       0x54 /opt/devkitpro/libctru/lib/libctru.a(sdmc_dev.o)
                0x0000000000108f40                sdmcExit
 .text.fsSessionForArchive.part.0
                0x0000000000108f94       0x28 /opt/devkitpro/libctru/lib/libctru.a(fs.o)
 .text.fsInit   0x0000000000108fbc       0xcc /opt/devkitpro/libctru/lib/libctru.a(fs.o)
                0x0000000000108fbc                fsInit
 .text.fsExit   0x0000000000109088       0x38 /opt/devkitpro/libctru/lib/libctru.a(fs.o)
                0x0000000000109088                fsExit
 .text.fsExemptFromSession
                0x00000000001090c0       0x74 /opt/devkitpro/libctru/lib/libctru.a(fs.o)
                0x00000000001090c0                fsExemptFromSession
 .text.fsUnexemptFromSession
                0x0000000000109134       0x54 /opt/devkitpro/libctru/lib/libctru.a(fs.o)
                0x0000000000109134                fsUnexemptFromSession
 .text.FSUSER_OpenFile
                0x0000000000109188       0xbc /opt/devkitpro/libctru/lib/libctru.a(fs.o)
                0x0000000000109188                FSUSER_OpenFile
 .text.FSUSER_DeleteFile
                0x0000000000109244       0xa4 /opt/devkitpro/libctru/lib/libctru.a(fs.o)
                0x0000000000109244                FSUSER_DeleteFile
 .text.FSUSER_RenameFile
                0x00000000001092e8       0xe0 /opt/devkitpro/libctru/lib/libctru.a(fs.o)
                0x00000000001092e8                FSUSER_RenameFile
 .text.FSUSER_DeleteDirectory
                0x00000000001093c8       0xa4 /opt/devkitpro/libctru/lib/libctru.a(fs.o)
                0x00000000001093c8                FSUSER_DeleteDirectory
 .text.FSUSER_CreateFile
                0x000000000010946c       0xbc /opt/devkitpro/libctru/lib/libctru.a(fs.o)
                0x000000000010946c                FSUSER_CreateFile
 .text.FSUSER_CreateDirectory
                0x0000000000109528       0xac /opt/devkitpro/libctru/lib/libctru.a(fs.o)
                0x0000000000109528                FSUSER_CreateDirectory
 .text.FSUSER_RenameDirectory
                0x00000000001095d4       0xe0 /opt/devkitpro/libctru/lib/libctru.a(fs.o)
                0x00000000001095d4                FSUSER_RenameDirectory
 .text.FSUSER_OpenDirectory
                0x00000000001096b4       0xa4 /opt/devkitpro/libctru/lib/libctru.a(fs.o)
                0x00000000001096b4                FSUSER_OpenDirectory
 .text.FSUSER_OpenArchive
                0x0000000000109758       0x9c /opt/devkitpro/libctru/lib/libctru.a(fs.o)
                0x0000000000109758                FSUSER_OpenArchive
 .text.FSUSER_CloseArchive
                0x00000000001097f4       0x74 /opt/devkitpro/libctru/lib/libctru.a(fs.o)
                0x00000000001097f4                FSUSER_CloseArchive
 .text.FSUSER_GetSdmcArchiveResource
                0x0000000000109868       0x78 /opt/devkitpro/libctru/lib/libctru.a(fs.o)
                0x0000000000109868                FSUSER_GetSdmcArchiveResource
 .text.FSUSER_IsSdmcWritable
                0x00000000001098e0       0x64 /opt/devkitpro/libctru/lib/libctru.a(fs.o)
                0x00000000001098e0                FSUSER_IsSdmcWritable
 .text.FSFILE_Read
                0x0000000000109944       0x5c /opt/devkitpro/libctru/lib/libctru.a(fs.o)
                0x0000000000109944                FSFILE_Read
 .text.FSFILE_Write
                0x00000000001099a0       0x64 /opt/devkitpro/libctru/lib/libctru.a(fs.o)
                0x00000000001099a0                FSFILE_Write
 .text.FSFILE_GetSize
                0x0000000000109a04       0x3c /opt/devkitpro/libctru/lib/libctru.a(fs.o)
                0x0000000000109a04                FSFILE_GetSize
 .text.FSFILE_SetSize
                0x0000000000109a40       0x2c /opt/devkitpro/libctru/lib/libctru.a(fs.o)
                0x0000000000109a40                FSFILE_SetSize
 .text.FSFILE_Close
                0x0000000000109a6c       0x3c /opt/devkitpro/libctru/lib/libctru.a(fs.o)
                0x0000000000109a6c                FSFILE_Close
 .text.FSFILE_Flush
                0x0000000000109aa8       0x24 /opt/devkitpro/libctru/lib/libctru.a(fs.o)
                0x0000000000109aa8                FSFILE_Flush
 .text.FSDIR_Read
                0x0000000000109acc       0x54 /opt/devkitpro/libctru/lib/libctru.a(fs.o)
                0x0000000000109acc                FSDIR_Read
 .text.FSDIR_Close
                0x0000000000109b20       0x3c /opt/devkitpro/libctru/lib/libctru.a(fs.o)
                0x0000000000109b20                FSDIR_Close
 .text.rbtree_node_next
                0x0000000000109b5c       0x8c /opt/devkitpro/libctru/lib/libctru.a(rbtree_iterator.o)
                0x0000000000109b5c                rbtree_node_next
 .text.__aeabi_read_tp
                0x0000000000109be8        0xc /opt/devkitpro/libctru/lib/libctru.a(readtp.o)
                0x0000000000109be8                __aeabi_read_tp
 .text.bsearch  0x0000000000109bf4       0x78 /opt/devkitpro/devkitARM/lib/gcc/arm-none-eabi/5.3.0/../../../../arm-none-eabi/lib/armv6k/fpu/libg.a(lib_a-bsearch.o)
                0x0000000000109bf4                bsearch
 .text.__errno  0x0000000000109c6c        0xc /opt/devkitpro/devkitARM/lib/gcc/arm-none-eabi/5.3.0/../../../../arm-none-eabi/lib/armv6k/fpu/libg.a(lib_a-errno.o)
                0x0000000000109c6c                __errno
 .text.__libc_fini_array
                0x0000000000109c78       0x3c /opt/devkitpro/devkitARM/lib/gcc/arm-none-eabi/5.3.0/../../../../arm-none-eabi/lib/armv6k/fpu/libg.a(lib_a-fini.o)
                0x0000000000109c78                __libc_fini_array
 .text.__libc_init_array
                0x0000000000109cb4       0x78 /opt/devkitpro/devkitARM/lib/gcc/arm-none-eabi/5.3.0/../../../../arm-none-eabi/lib/armv6k/fpu/libg.a(lib_a-init.o)
                0x0000000000109cb4                __libc_init_array
 .text.memalign
                0x0000000000109d2c       0x20 /opt/devkitpro/devkitARM/lib/gcc/arm-none-eabi/5.3.0/../../../../arm-none-eabi/lib/armv6k/fpu/libg.a(lib_a-malign.o)
                0x0000000000109d2c                memalign
 .text._memalign_r
                0x0000000000109d4c      0x15c /opt/devkitpro/devkitARM/lib/gcc/arm-none-eabi/5.3.0/../../../../arm-none-eabi/lib/armv6k/fpu/libg.a(lib_a-malignr.o)
                0x0000000000109d4c                _memalign_r
 .text.malloc   0x0000000000109ea8       0x18 /opt/devkitpro/devkitARM/lib/gcc/arm-none-eabi/5.3.0/../../../../arm-none-eabi/lib/armv6k/fpu/libg.a(lib_a-malloc.o)
                0x0000000000109ea8                malloc
 .text.free     0x0000000000109ec0       0x18 /opt/devkitpro/devkitARM/lib/gcc/arm-none-eabi/5.3.0/../../../../arm-none-eabi/lib/armv6k/fpu/libg.a(lib_a-malloc.o)
                0x0000000000109ec0                free
 .text._malloc_r
                0x0000000000109ed8      0x7a8 /opt/devkitpro/devkitARM/lib/gcc/arm-none-eabi/5.3.0/../../../../arm-none-eabi/lib/armv6k/fpu/libg.a(lib_a-mallocr.o)
                0x0000000000109ed8                _malloc_r
 .text.memcpy   0x000000000010a680       0xf0 /opt/devkitpro/devkitARM/lib/gcc/arm-none-eabi/5.3.0/../../../../arm-none-eabi/lib/armv6k/fpu/libg.a(lib_a-memcpy.o)
                0x000000000010a680                memcpy
 .text.memset   0x000000000010a770       0xf4 /opt/devkitpro/devkitARM/lib/gcc/arm-none-eabi/5.3.0/../../../../arm-none-eabi/lib/armv6k/fpu/libg.a(lib_a-memset.o)
                0x000000000010a770                memset
 .text.__malloc_lock
                0x000000000010a864        0xc /opt/devkitpro/devkitARM/lib/gcc/arm-none-eabi/5.3.0/../../../../arm-none-eabi/lib/armv6k/fpu/libg.a(lib_a-mlock.o)
                0x000000000010a864                __malloc_lock
 .text.__malloc_unlock
                0x000000000010a870        0xc /opt/devkitpro/devkitARM/lib/gcc/arm-none-eabi/5.3.0/../../../../arm-none-eabi/lib/armv6k/fpu/libg.a(lib_a-mlock.o)
                0x000000000010a870                __malloc_unlock
 .text.printf   0x000000000010a87c       0x38 /opt/devkitpro/devkitARM/lib/gcc/arm-none-eabi/5.3.0/../../../../arm-none-eabi/lib/armv6k/fpu/libg.a(lib_a-printf.o)
                0x000000000010a87c                printf
 .text._puts_r  0x000000000010a8b4       0xec /opt/devkitpro/devkitARM/lib/gcc/arm-none-eabi/5.3.0/../../../../arm-none-eabi/lib/armv6k/fpu/libg.a(lib_a-puts.o)
                0x000000000010a8b4                _puts_r
 .text.puts     0x000000000010a9a0       0x18 /opt/devkitpro/devkitARM/lib/gcc/arm-none-eabi/5.3.0/../../../../arm-none-eabi/lib/armv6k/fpu/libg.a(lib_a-puts.o)
                0x000000000010a9a0                puts
 .text.setvbuf  0x000000000010a9b8      0x1fc /opt/devkitpro/devkitARM/lib/gcc/arm-none-eabi/5.3.0/../../../../arm-none-eabi/lib/armv6k/fpu/libg.a(lib_a-setvbuf.o)
                0x000000000010a9b8                setvbuf
 .text.sscanf   0x000000000010abb4       0x74 /opt/devkitpro/devkitARM/lib/gcc/arm-none-eabi/5.3.0/../../../../arm-none-eabi/lib/armv6k/fpu/libg.a(lib_a-sscanf.o)
                0x000000000010abb4                sscanf
 .text.__sread  0x000000000010ac28       0x30 /opt/devkitpro/devkitARM/lib/gcc/arm-none-eabi/5.3.0/../../../../arm-none-eabi/lib/armv6k/fpu/libg.a(lib_a-stdio.o)
                0x000000000010ac28                __sread
 .text.__seofread
                0x000000000010ac58        0x8 /opt/devkitpro/devkitARM/lib/gcc/arm-none-eabi/5.3.0/../../../../arm-none-eabi/lib/armv6k/fpu/libg.a(lib_a-stdio.o)
                0x000000000010ac58                __seofread
 .text.__swrite
                0x000000000010ac60       0x54 /opt/devkitpro/devkitARM/lib/gcc/arm-none-eabi/5.3.0/../../../../arm-none-eabi/lib/armv6k/fpu/libg.a(lib_a-stdio.o)
                0x000000000010ac60                __swrite
 .text.__sseek  0x000000000010acb4       0x2c /opt/devkitpro/devkitARM/lib/gcc/arm-none-eabi/5.3.0/../../../../arm-none-eabi/lib/armv6k/fpu/libg.a(lib_a-stdio.o)
                0x000000000010acb4                __sseek
 .text.__sclose
                0x000000000010ace0        0x8 /opt/devkitpro/devkitARM/lib/gcc/arm-none-eabi/5.3.0/../../../../arm-none-eabi/lib/armv6k/fpu/libg.a(lib_a-stdio.o)
                0x000000000010ace0                __sclose
 .text.critical_factorization
                0x000000000010ace8      0x184 /opt/devkitpro/devkitARM/lib/gcc/arm-none-eabi/5.3.0/../../../../arm-none-eabi/lib/armv6k/fpu/libg.a(lib_a-strcasestr.o)
 .text.two_way_long_needle
                0x000000000010ae6c      0x428 /opt/devkitpro/devkitARM/lib/gcc/arm-none-eabi/5.3.0/../../../../arm-none-eabi/lib/armv6k/fpu/libg.a(lib_a-strcasestr.o)
 .text.strcasestr
                0x000000000010b294      0x3f4 /opt/devkitpro/devkitARM/lib/gcc/arm-none-eabi/5.3.0/../../../../arm-none-eabi/lib/armv6k/fpu/libg.a(lib_a-strcasestr.o)
                0x000000000010b294                strcasestr
 .text.strchr   0x000000000010b688      0x15c /opt/devkitpro/devkitARM/lib/gcc/arm-none-eabi/5.3.0/../../../../arm-none-eabi/lib/armv6k/fpu/libg.a(lib_a-strchr.o)
                0x000000000010b688                strchr
 .text.strlen   0x000000000010b7e4       0x5c /opt/devkitpro/devkitARM/lib/gcc/arm-none-eabi/5.3.0/../../../../arm-none-eabi/lib/armv6k/fpu/libg.a(lib_a-strlen.o)
                0x000000000010b7e4                strlen
 .text.strncasecmp
                0x000000000010b840       0x8c /opt/devkitpro/devkitARM/lib/gcc/arm-none-eabi/5.3.0/../../../../arm-none-eabi/lib/armv6k/fpu/libg.a(lib_a-strncasecmp.o)
                0x000000000010b840                strncasecmp
 .text.strncat  0x000000000010b8cc       0xa4 /opt/devkitpro/devkitARM/lib/gcc/arm-none-eabi/5.3.0/../../../../arm-none-eabi/lib/armv6k/fpu/libg.a(lib_a-strncat.o)
                0x000000000010b8cc                strncat
 .text.strncpy  0x000000000010b970       0xe0 /opt/devkitpro/devkitARM/lib/gcc/arm-none-eabi/5.3.0/../../../../arm-none-eabi/lib/armv6k/fpu/libg.a(lib_a-strncpy.o)
                0x000000000010b970                strncpy
 .text.__ssvfscanf_r
                0x000000000010ba50     0x2c20 /opt/devkitpro/devkitARM/lib/gcc/arm-none-eabi/5.3.0/../../../../arm-none-eabi/lib/armv6k/fpu/libg.a(lib_a-svfscanf.o)
                0x000000000010ba50                __ssvfscanf_r
 .text.__sprint_r.part.0
                0x000000000010e670       0xa4 /opt/devkitpro/devkitARM/lib/gcc/arm-none-eabi/5.3.0/../../../../arm-none-eabi/lib/armv6k/fpu/libg.a(lib_a-vfiprintf.o)
 .text.__sprint_r
                0x000000000010e714       0x1c /opt/devkitpro/devkitARM/lib/gcc/arm-none-eabi/5.3.0/../../../../arm-none-eabi/lib/armv6k/fpu/libg.a(lib_a-vfiprintf.o)
                0x000000000010e714                __sprint_r
 .text.get_arg  0x000000000010e730     0x161c /opt/devkitpro/devkitARM/lib/gcc/arm-none-eabi/5.3.0/../../../../arm-none-eabi/lib/armv6k/fpu/libg.a(lib_a-vfprintf.o)
 *fill*         0x000000000010fd4c        0x4 
 .text._vfprintf_r
                0x000000000010fd50     0x4878 /opt/devkitpro/devkitARM/lib/gcc/arm-none-eabi/5.3.0/../../../../arm-none-eabi/lib/armv6k/fpu/libg.a(lib_a-vfprintf.o)
                0x000000000010fd50                _vfprintf_r
 .text.__sbprintf
                0x00000000001145c8       0xcc /opt/devkitpro/devkitARM/lib/gcc/arm-none-eabi/5.3.0/../../../../arm-none-eabi/lib/armv6k/fpu/libg.a(lib_a-vfprintf.o)
 .text._wcrtomb_r
                0x0000000000114694       0x8c /opt/devkitpro/devkitARM/lib/gcc/arm-none-eabi/5.3.0/../../../../arm-none-eabi/lib/armv6k/fpu/libg.a(lib_a-wcrtomb.o)
                0x0000000000114694                _wcrtomb_r
 .text._wcsrtombs_r
                0x0000000000114720       0x20 /opt/devkitpro/devkitARM/lib/gcc/arm-none-eabi/5.3.0/../../../../arm-none-eabi/lib/armv6k/fpu/libg.a(lib_a-wcsrtombs.o)
                0x0000000000114720                _wcsrtombs_r
 .text.__utf8_wctomb
                0x0000000000114740      0x114 /opt/devkitpro/devkitARM/lib/gcc/arm-none-eabi/5.3.0/../../../../arm-none-eabi/lib/armv6k/fpu/libg.a(lib_a-wctomb_r.o)
                0x0000000000114740                __utf8_wctomb
 .text.__swsetup_r
                0x0000000000114854      0x148 /opt/devkitpro/devkitARM/lib/gcc/arm-none-eabi/5.3.0/../../../../arm-none-eabi/lib/armv6k/fpu/libg.a(lib_a-wsetup.o)
                0x0000000000114854                __swsetup_r
 .text.quorem   0x000000000011499c      0x1bc /opt/devkitpro/devkitARM/lib/gcc/arm-none-eabi/5.3.0/../../../../arm-none-eabi/lib/armv6k/fpu/libg.a(lib_a-dtoa.o)
 .text._dtoa_r  0x0000000000114b58     0x12c8 /opt/devkitpro/devkitARM/lib/gcc/arm-none-eabi/5.3.0/../../../../arm-none-eabi/lib/armv6k/fpu/libg.a(lib_a-dtoa.o)
                0x0000000000114b58                _dtoa_r
 .text.__sflush_r
                0x0000000000115e20      0x230 /opt/devkitpro/devkitARM/lib/gcc/arm-none-eabi/5.3.0/../../../../arm-none-eabi/lib/armv6k/fpu/libg.a(lib_a-fflush.o)
                0x0000000000115e20                __sflush_r
 .text._fflush_r
                0x0000000000116050       0x90 /opt/devkitpro/devkitARM/lib/gcc/arm-none-eabi/5.3.0/../../../../arm-none-eabi/lib/armv6k/fpu/libg.a(lib_a-fflush.o)
                0x0000000000116050                _fflush_r
 .text._cleanup_r
                0x00000000001160e0        0xc /opt/devkitpro/devkitARM/lib/gcc/arm-none-eabi/5.3.0/../../../../arm-none-eabi/lib/armv6k/fpu/libg.a(lib_a-findfp.o)
                0x00000000001160e0                _cleanup_r
 .text.std.isra.0
                0x00000000001160ec       0x80 /opt/devkitpro/devkitARM/lib/gcc/arm-none-eabi/5.3.0/../../../../arm-none-eabi/lib/armv6k/fpu/libg.a(lib_a-findfp.o)
 .text.__sinit  0x000000000011616c       0x8c /opt/devkitpro/devkitARM/lib/gcc/arm-none-eabi/5.3.0/../../../../arm-none-eabi/lib/armv6k/fpu/libg.a(lib_a-findfp.o)
                0x000000000011616c                __sinit
 .text.__sfp_lock_acquire
                0x00000000001161f8        0xc /opt/devkitpro/devkitARM/lib/gcc/arm-none-eabi/5.3.0/../../../../arm-none-eabi/lib/armv6k/fpu/libg.a(lib_a-findfp.o)
                0x00000000001161f8                __sfp_lock_acquire
 .text.__sfp_lock_release
                0x0000000000116204        0xc /opt/devkitpro/devkitARM/lib/gcc/arm-none-eabi/5.3.0/../../../../arm-none-eabi/lib/armv6k/fpu/libg.a(lib_a-findfp.o)
                0x0000000000116204                __sfp_lock_release
 .text.__fputwc
                0x0000000000116210      0x124 /opt/devkitpro/devkitARM/lib/gcc/arm-none-eabi/5.3.0/../../../../arm-none-eabi/lib/armv6k/fpu/libg.a(lib_a-fputwc.o)
                0x0000000000116210                __fputwc
 .text._fputwc_r
                0x0000000000116334       0xa8 /opt/devkitpro/devkitARM/lib/gcc/arm-none-eabi/5.3.0/../../../../arm-none-eabi/lib/armv6k/fpu/libg.a(lib_a-fputwc.o)
                0x0000000000116334                _fputwc_r
 .text._malloc_trim_r
                0x00000000001163dc       0xf8 /opt/devkitpro/devkitARM/lib/gcc/arm-none-eabi/5.3.0/../../../../arm-none-eabi/lib/armv6k/fpu/libg.a(lib_a-freer.o)
                0x00000000001163dc                _malloc_trim_r
 .text._free_r  0x00000000001164d4      0x2e4 /opt/devkitpro/devkitARM/lib/gcc/arm-none-eabi/5.3.0/../../../../arm-none-eabi/lib/armv6k/fpu/libg.a(lib_a-freer.o)
                0x00000000001164d4                _free_r
 .text.__sfvwrite_r
                0x00000000001167b8      0x4a4 /opt/devkitpro/devkitARM/lib/gcc/arm-none-eabi/5.3.0/../../../../arm-none-eabi/lib/armv6k/fpu/libg.a(lib_a-fvwrite.o)
                0x00000000001167b8                __sfvwrite_r
 .text._fwalk_reent
                0x0000000000116c5c       0x80 /opt/devkitpro/devkitARM/lib/gcc/arm-none-eabi/5.3.0/../../../../arm-none-eabi/lib/armv6k/fpu/libg.a(lib_a-fwalk.o)
                0x0000000000116c5c                _fwalk_reent
 .text.iswspace
                0x0000000000116cdc       0x74 /opt/devkitpro/devkitARM/lib/gcc/arm-none-eabi/5.3.0/../../../../arm-none-eabi/lib/armv6k/fpu/libg.a(lib_a-iswspace.o)
                0x0000000000116cdc                iswspace
 .text.__jp2uc  0x0000000000116d50      0x204 /opt/devkitpro/devkitARM/lib/gcc/arm-none-eabi/5.3.0/../../../../arm-none-eabi/lib/armv6k/fpu/libg.a(lib_a-jp2uc.o)
 .text._jp2uc   0x0000000000116f54       0x84 /opt/devkitpro/devkitARM/lib/gcc/arm-none-eabi/5.3.0/../../../../arm-none-eabi/lib/armv6k/fpu/libg.a(lib_a-jp2uc.o)
                0x0000000000116f54                _jp2uc
 .text.__locale_charset
                0x0000000000116fd8        0xc /opt/devkitpro/devkitARM/lib/gcc/arm-none-eabi/5.3.0/../../../../arm-none-eabi/lib/armv6k/fpu/libg.a(lib_a-locale.o)
                0x0000000000116fd8                __locale_charset
 .text.__locale_mb_cur_max
                0x0000000000116fe4       0x10 /opt/devkitpro/devkitARM/lib/gcc/arm-none-eabi/5.3.0/../../../../arm-none-eabi/lib/armv6k/fpu/libg.a(lib_a-locale.o)
                0x0000000000116fe4                __locale_mb_cur_max
 .text._localeconv_r
                0x0000000000116ff4        0xc /opt/devkitpro/devkitARM/lib/gcc/arm-none-eabi/5.3.0/../../../../arm-none-eabi/lib/armv6k/fpu/libg.a(lib_a-locale.o)
                0x0000000000116ff4                _localeconv_r
 .text.__smakebuf_r
                0x0000000000117000      0x160 /opt/devkitpro/devkitARM/lib/gcc/arm-none-eabi/5.3.0/../../../../arm-none-eabi/lib/armv6k/fpu/libg.a(lib_a-makebuf.o)
                0x0000000000117000                __smakebuf_r
 .text._mbrtowc_r
                0x0000000000117160       0x98 /opt/devkitpro/devkitARM/lib/gcc/arm-none-eabi/5.3.0/../../../../arm-none-eabi/lib/armv6k/fpu/libg.a(lib_a-mbrtowc.o)
                0x0000000000117160                _mbrtowc_r
 .text.__utf8_mbtowc
                0x00000000001171f8      0x2fc /opt/devkitpro/devkitARM/lib/gcc/arm-none-eabi/5.3.0/../../../../arm-none-eabi/lib/armv6k/fpu/libg.a(lib_a-mbtowc_r.o)
                0x00000000001171f8                __utf8_mbtowc
 .text.memchr   0x00000000001174f4      0x100 /opt/devkitpro/devkitARM/lib/gcc/arm-none-eabi/5.3.0/../../../../arm-none-eabi/lib/armv6k/fpu/libg.a(lib_a-memchr.o)
                0x00000000001174f4                memchr
 .text.memmove  0x00000000001175f4      0x128 /opt/devkitpro/devkitARM/lib/gcc/arm-none-eabi/5.3.0/../../../../arm-none-eabi/lib/armv6k/fpu/libg.a(lib_a-memmove.o)
                0x00000000001175f4                memmove
 .text._Balloc  0x000000000011771c       0x8c /opt/devkitpro/devkitARM/lib/gcc/arm-none-eabi/5.3.0/../../../../arm-none-eabi/lib/armv6k/fpu/libg.a(lib_a-mprec.o)
                0x000000000011771c                _Balloc
 .text._Bfree   0x00000000001177a8       0x1c /opt/devkitpro/devkitARM/lib/gcc/arm-none-eabi/5.3.0/../../../../arm-none-eabi/lib/armv6k/fpu/libg.a(lib_a-mprec.o)
                0x00000000001177a8                _Bfree
 .text.__multadd
                0x00000000001177c4       0xd0 /opt/devkitpro/devkitARM/lib/gcc/arm-none-eabi/5.3.0/../../../../arm-none-eabi/lib/armv6k/fpu/libg.a(lib_a-mprec.o)
                0x00000000001177c4                __multadd
 .text.__s2b    0x0000000000117894       0xe4 /opt/devkitpro/devkitARM/lib/gcc/arm-none-eabi/5.3.0/../../../../arm-none-eabi/lib/armv6k/fpu/libg.a(lib_a-mprec.o)
                0x0000000000117894                __s2b
 .text.__hi0bits
                0x0000000000117978       0x5c /opt/devkitpro/devkitARM/lib/gcc/arm-none-eabi/5.3.0/../../../../arm-none-eabi/lib/armv6k/fpu/libg.a(lib_a-mprec.o)
                0x0000000000117978                __hi0bits
 .text.__lo0bits
                0x00000000001179d4       0x98 /opt/devkitpro/devkitARM/lib/gcc/arm-none-eabi/5.3.0/../../../../arm-none-eabi/lib/armv6k/fpu/libg.a(lib_a-mprec.o)
                0x00000000001179d4                __lo0bits
 .text.__i2b    0x0000000000117a6c       0x20 /opt/devkitpro/devkitARM/lib/gcc/arm-none-eabi/5.3.0/../../../../arm-none-eabi/lib/armv6k/fpu/libg.a(lib_a-mprec.o)
                0x0000000000117a6c                __i2b
 .text.__multiply
                0x0000000000117a8c      0x1dc /opt/devkitpro/devkitARM/lib/gcc/arm-none-eabi/5.3.0/../../../../arm-none-eabi/lib/armv6k/fpu/libg.a(lib_a-mprec.o)
                0x0000000000117a8c                __multiply
 .text.__pow5mult
                0x0000000000117c68      0x100 /opt/devkitpro/devkitARM/lib/gcc/arm-none-eabi/5.3.0/../../../../arm-none-eabi/lib/armv6k/fpu/libg.a(lib_a-mprec.o)
                0x0000000000117c68                __pow5mult
 .text.__lshift
                0x0000000000117d68       0xf0 /opt/devkitpro/devkitARM/lib/gcc/arm-none-eabi/5.3.0/../../../../arm-none-eabi/lib/armv6k/fpu/libg.a(lib_a-mprec.o)
                0x0000000000117d68                __lshift
 .text.__mcmp   0x0000000000117e58       0x64 /opt/devkitpro/devkitARM/lib/gcc/arm-none-eabi/5.3.0/../../../../arm-none-eabi/lib/armv6k/fpu/libg.a(lib_a-mprec.o)
                0x0000000000117e58                __mcmp
 .text.__mdiff  0x0000000000117ebc      0x198 /opt/devkitpro/devkitARM/lib/gcc/arm-none-eabi/5.3.0/../../../../arm-none-eabi/lib/armv6k/fpu/libg.a(lib_a-mprec.o)
                0x0000000000117ebc                __mdiff
 .text.__ulp    0x0000000000118054       0x78 /opt/devkitpro/devkitARM/lib/gcc/arm-none-eabi/5.3.0/../../../../arm-none-eabi/lib/armv6k/fpu/libg.a(lib_a-mprec.o)
                0x0000000000118054                __ulp
 .text.__b2d    0x00000000001180cc       0xd4 /opt/devkitpro/devkitARM/lib/gcc/arm-none-eabi/5.3.0/../../../../arm-none-eabi/lib/armv6k/fpu/libg.a(lib_a-mprec.o)
                0x00000000001180cc                __b2d
 .text.__d2b    0x00000000001181a0      0x104 /opt/devkitpro/devkitARM/lib/gcc/arm-none-eabi/5.3.0/../../../../arm-none-eabi/lib/armv6k/fpu/libg.a(lib_a-mprec.o)
                0x00000000001181a0                __d2b
 .text.__ratio  0x00000000001182a4       0x78 /opt/devkitpro/devkitARM/lib/gcc/arm-none-eabi/5.3.0/../../../../arm-none-eabi/lib/armv6k/fpu/libg.a(lib_a-mprec.o)
                0x00000000001182a4                __ratio
 .text.__copybits
                0x000000000011831c       0x6c /opt/devkitpro/devkitARM/lib/gcc/arm-none-eabi/5.3.0/../../../../arm-none-eabi/lib/armv6k/fpu/libg.a(lib_a-mprec.o)
                0x000000000011831c                __copybits
 .text.__any_on
                0x0000000000118388       0x80 /opt/devkitpro/devkitARM/lib/gcc/arm-none-eabi/5.3.0/../../../../arm-none-eabi/lib/armv6k/fpu/libg.a(lib_a-mprec.o)
                0x0000000000118388                __any_on
 .text._realloc_r
                0x0000000000118408      0x4c0 /opt/devkitpro/devkitARM/lib/gcc/arm-none-eabi/5.3.0/../../../../arm-none-eabi/lib/armv6k/fpu/libg.a(lib_a-reallocr.o)
                0x0000000000118408                _realloc_r
 .text.__sccl   0x00000000001188c8       0xd0 /opt/devkitpro/devkitARM/lib/gcc/arm-none-eabi/5.3.0/../../../../arm-none-eabi/lib/armv6k/fpu/libg.a(lib_a-sccl.o)
                0x00000000001188c8                __sccl
 .text.nanf     0x0000000000118998        0xc /opt/devkitpro/devkitARM/lib/gcc/arm-none-eabi/5.3.0/../../../../arm-none-eabi/lib/armv6k/fpu/libg.a(lib_a-sf_nan.o)
                0x0000000000118998                nanf
 .text.__fpclassifyd
                0x00000000001189a4       0x74 /opt/devkitpro/devkitARM/lib/gcc/arm-none-eabi/5.3.0/../../../../arm-none-eabi/lib/armv6k/fpu/libg.a(lib_a-s_fpclassify.o)
                0x00000000001189a4                __fpclassifyd
 .text.frexp    0x0000000000118a18       0x98 /opt/devkitpro/devkitARM/lib/gcc/arm-none-eabi/5.3.0/../../../../arm-none-eabi/lib/armv6k/fpu/libg.a(lib_a-s_frexp.o)
                0x0000000000118a18                frexp
 .text.sprintf  0x0000000000118ab0       0x68 /opt/devkitpro/devkitARM/lib/gcc/arm-none-eabi/5.3.0/../../../../arm-none-eabi/lib/armv6k/fpu/libg.a(lib_a-sprintf.o)
                0x0000000000118ab0                sprintf
 .text.stpncpy  0x0000000000118b18      0x108 /opt/devkitpro/devkitARM/lib/gcc/arm-none-eabi/5.3.0/../../../../arm-none-eabi/lib/armv6k/fpu/libg.a(lib_a-stpncpy.o)
                0x0000000000118b18                stpncpy
 .text.strncmp  0x0000000000118c20      0x11c /opt/devkitpro/devkitARM/lib/gcc/arm-none-eabi/5.3.0/../../../../arm-none-eabi/lib/armv6k/fpu/libg.a(lib_a-strncmp.o)
                0x0000000000118c20                strncmp
 .text.unlikely.sulp
                0x0000000000118d3c       0x58 /opt/devkitpro/devkitARM/lib/gcc/arm-none-eabi/5.3.0/../../../../arm-none-eabi/lib/armv6k/fpu/libg.a(lib_a-strtod.o)
 *fill*         0x0000000000118d94        0x4 
 .text._strtod_r
                0x0000000000118d98     0x1450 /opt/devkitpro/devkitARM/lib/gcc/arm-none-eabi/5.3.0/../../../../arm-none-eabi/lib/armv6k/fpu/libg.a(lib_a-strtod.o)
                0x0000000000118d98                _strtod_r
 .text._strtoll_r
                0x000000000011a1e8      0x25c /opt/devkitpro/devkitARM/lib/gcc/arm-none-eabi/5.3.0/../../../../arm-none-eabi/lib/armv6k/fpu/libg.a(lib_a-strtoll_r.o)
                0x000000000011a1e8                _strtoll_r
 .text._strtol_r
                0x000000000011a444      0x1d4 /opt/devkitpro/devkitARM/lib/gcc/arm-none-eabi/5.3.0/../../../../arm-none-eabi/lib/armv6k/fpu/libg.a(lib_a-strtol.o)
                0x000000000011a444                _strtol_r
 .text._strtoull_r
                0x000000000011a618      0x268 /opt/devkitpro/devkitARM/lib/gcc/arm-none-eabi/5.3.0/../../../../arm-none-eabi/lib/armv6k/fpu/libg.a(lib_a-strtoull_r.o)
                0x000000000011a618                _strtoull_r
 .text._strtoul_r
                0x000000000011a880      0x1d4 /opt/devkitpro/devkitARM/lib/gcc/arm-none-eabi/5.3.0/../../../../arm-none-eabi/lib/armv6k/fpu/libg.a(lib_a-strtoul.o)
                0x000000000011a880                _strtoul_r
 .text.__ssprint_r
                0x000000000011aa54      0x1a8 /opt/devkitpro/devkitARM/lib/gcc/arm-none-eabi/5.3.0/../../../../arm-none-eabi/lib/armv6k/fpu/libg.a(lib_a-svfiprintf.o)
                0x000000000011aa54                __ssprint_r
 .text._sungetc_r
                0x000000000011abfc       0xf8 /opt/devkitpro/devkitARM/lib/gcc/arm-none-eabi/5.3.0/../../../../arm-none-eabi/lib/armv6k/fpu/libg.a(lib_a-svfiscanf.o)
                0x000000000011abfc                _sungetc_r
 .text.__ssrefill_r
                0x000000000011acf4       0x6c /opt/devkitpro/devkitARM/lib/gcc/arm-none-eabi/5.3.0/../../../../arm-none-eabi/lib/armv6k/fpu/libg.a(lib_a-svfiscanf.o)
                0x000000000011acf4                __ssrefill_r
 .text._sfread_r
                0x000000000011ad60       0xc8 /opt/devkitpro/devkitARM/lib/gcc/arm-none-eabi/5.3.0/../../../../arm-none-eabi/lib/armv6k/fpu/libg.a(lib_a-svfiscanf.o)
                0x000000000011ad60                _sfread_r
 .text.get_arg  0x000000000011ae28     0x161c /opt/devkitpro/devkitARM/lib/gcc/arm-none-eabi/5.3.0/../../../../arm-none-eabi/lib/armv6k/fpu/libg.a(lib_a-svfprintf.o)
 *fill*         0x000000000011c444        0x4 
 .text._svfprintf_r
                0x000000000011c448     0x4a00 /opt/devkitpro/devkitARM/lib/gcc/arm-none-eabi/5.3.0/../../../../arm-none-eabi/lib/armv6k/fpu/libg.a(lib_a-svfprintf.o)
                0x000000000011c448                _svfprintf_r
 .text.__submore
                0x0000000000120e48       0xa8 /opt/devkitpro/devkitARM/lib/gcc/arm-none-eabi/5.3.0/../../../../arm-none-eabi/lib/armv6k/fpu/libg.a(lib_a-ungetc.o)
                0x0000000000120e48                __submore
 .text.__swbuf_r
                0x0000000000120ef0      0x124 /opt/devkitpro/devkitARM/lib/gcc/arm-none-eabi/5.3.0/../../../../arm-none-eabi/lib/armv6k/fpu/libg.a(lib_a-wbuf.o)
                0x0000000000120ef0                __swbuf_r
 .text._wcsnrtombs_r
                0x0000000000121014      0x190 /opt/devkitpro/devkitARM/lib/gcc/arm-none-eabi/5.3.0/../../../../arm-none-eabi/lib/armv6k/fpu/libg.a(lib_a-wcsnrtombs.o)
                0x0000000000121014                _wcsnrtombs_r
 .text._calloc_r
                0x00000000001211a4       0x90 /opt/devkitpro/devkitARM/lib/gcc/arm-none-eabi/5.3.0/../../../../arm-none-eabi/lib/armv6k/fpu/libg.a(lib_a-callocr.o)
                0x00000000001211a4                _calloc_r
 .text._fclose_r
                0x0000000000121234      0x120 /opt/devkitpro/devkitARM/lib/gcc/arm-none-eabi/5.3.0/../../../../arm-none-eabi/lib/armv6k/fpu/libg.a(lib_a-fclose.o)
                0x0000000000121234                _fclose_r
 .text.rshift   0x0000000000121354       0xec /opt/devkitpro/devkitARM/lib/gcc/arm-none-eabi/5.3.0/../../../../arm-none-eabi/lib/armv6k/fpu/libg.a(lib_a-gdtoa-gethex.o)
 .text.__gethex
                0x0000000000121440      0x7d0 /opt/devkitpro/devkitARM/lib/gcc/arm-none-eabi/5.3.0/../../../../arm-none-eabi/lib/armv6k/fpu/libg.a(lib_a-gdtoa-gethex.o)
                0x0000000000121440                __gethex
 .text.__hexnan
                0x0000000000121c10      0x258 /opt/devkitpro/devkitARM/lib/gcc/arm-none-eabi/5.3.0/../../../../arm-none-eabi/lib/armv6k/fpu/libg.a(lib_a-gdtoa-hexnan.o)
                0x0000000000121c10                __hexnan
 .text.strnlen  0x0000000000121e68       0x5c /opt/devkitpro/devkitARM/lib/gcc/arm-none-eabi/5.3.0/../../../../arm-none-eabi/lib/armv6k/fpu/libg.a(lib_a-strnlen.o)
                0x0000000000121e68                strnlen
 .text.strrchr  0x0000000000121ec4       0x44 /opt/devkitpro/devkitARM/lib/gcc/arm-none-eabi/5.3.0/../../../../arm-none-eabi/lib/armv6k/fpu/libg.a(lib_a-strrchr.o)
                0x0000000000121ec4                strrchr
 *(.glue_7)
 .glue_7        0x0000000000121f08        0x0 linker stubs
 *(.glue_7t)
 .glue_7t       0x0000000000121f08        0x0 linker stubs
 *(.stub)
 *(.gnu.warning)
 *(.gnu.linkonce.t*)
                0x0000000000121f08                . = ALIGN (0x4)
 *(.fini)
 .fini          0x0000000000121f08        0xc /opt/devkitpro/devkitARM/lib/gcc/arm-none-eabi/5.3.0/armv6k/fpu/crti.o
                0x0000000000121f08                _fini
 .fini          0x0000000000121f14        0xc /opt/devkitpro/devkitARM/lib/gcc/arm-none-eabi/5.3.0/armv6k/fpu/crtn.o
                0x0000000000121f20                . = ALIGN (0x4)

.vfp11_veneer   0x0000000000121f20        0x0
 .vfp11_veneer  0x0000000000121f20        0x0 linker stubs

.v4_bx          0x0000000000121f20        0x0
 .v4_bx         0x0000000000121f20        0x0 linker stubs

.iplt           0x0000000000121f20        0x0
 .iplt          0x0000000000121f20        0x0 /opt/devkitpro/devkitARM/lib/gcc/arm-none-eabi/5.3.0/../../../../arm-none-eabi/lib/armv6k/fpu/3dsx_crt0.o

.rodata         0x0000000000122000     0x4960
 *(.rodata)
 .rodata        0x0000000000122000      0x168 /opt/devkitpro/libctru/lib/libctru.a(console.o)
 .rodata        0x0000000000122168       0x1c /opt/devkitpro/libctru/lib/libctru.a(gfx.o)
 .rodata        0x0000000000122184        0xc /opt/devkitpro/libctru/lib/libctru.a(apt.o)
 .rodata        0x0000000000122190       0x14 /opt/devkitpro/libctru/lib/libctru.a(swkbd.o)
 .rodata        0x00000000001221a4      0x804 /opt/devkitpro/libctru/lib/libctru.a(default_font.bin.o)
                0x00000000001221a4                default_font_bin
                0x00000000001229a4                default_font_bin_end
                0x00000000001229a4                default_font_bin_size
 .rodata        0x00000000001229a8       0x3c /opt/devkitpro/libctru/lib/libctru.a(sdmc_dev.o)
 .rodata        0x00000000001229e4       0x68 /opt/devkitpro/devkitARM/lib/gcc/arm-none-eabi/5.3.0/../../../../arm-none-eabi/lib/armv6k/fpu/libsysbase.a(iosupport.o)
                0x00000000001229e4                dotab_stdnull
 .rodata        0x0000000000122a4c        0xc /opt/devkitpro/devkitARM/lib/gcc/arm-none-eabi/5.3.0/../../../../arm-none-eabi/lib/armv6k/fpu/libsysbase.a(chdir.o)
                0x0000000000122a4c                DIRECTORY_PARENT
                0x0000000000122a50                DIRECTORY_THIS
                0x0000000000122a54                DIRECTORY_SEPARATOR
 *(.roda)
 *(.rodata.*)
 .rodata.str1.4
                0x0000000000122a58      0x221 main.o
                                        0x224 (size before relaxing)
 *fill*         0x0000000000122c79        0x3 
 .rodata.str1.4
                0x0000000000122c7c       0x70 /opt/devkitpro/libctru/lib/libctru.a(console.o)
 .rodata.str1.4
                0x0000000000122cec        0x9 /opt/devkitpro/libctru/lib/libctru.a(gspgpu.o)
                                          0xc (size before relaxing)
 *fill*         0x0000000000122cf5        0x3 
 .rodata.str1.4
                0x0000000000122cf8       0x16 /opt/devkitpro/libctru/lib/libctru.a(apt.o)
                                         0x18 (size before relaxing)
 *fill*         0x0000000000122d0e        0x2 
 .rodata.str1.4
                0x0000000000122d10       0x15 /opt/devkitpro/libctru/lib/libctru.a(hid.o)
                                         0x18 (size before relaxing)
 *fill*         0x0000000000122d25        0x3 
 .rodata.str1.4
                0x0000000000122d28        0x5 /opt/devkitpro/libctru/lib/libctru.a(srv.o)
                                          0x8 (size before relaxing)
 *fill*         0x0000000000122d2d        0x3 
 .rodata.str1.4
                0x0000000000122d30        0x2 /opt/devkitpro/libctru/lib/libctru.a(thread.o)
                                          0x4 (size before relaxing)
 *fill*         0x0000000000122d32        0x2 
 .rodata.str1.4
                0x0000000000122d34        0x7 /opt/devkitpro/libctru/lib/libctru.a(irrst.o)
                                          0x8 (size before relaxing)
 *fill*         0x0000000000122d3b        0x1 
 .rodata.str1.4
                0x0000000000122d3c        0x9 /opt/devkitpro/libctru/lib/libctru.a(ptmsysm.o)
                                          0xc (size before relaxing)
 *fill*         0x0000000000122d45        0x3 
 .rodata.str1.4
                0x0000000000122d48        0xd /opt/devkitpro/libctru/lib/libctru.a(sdmc_dev.o)
                                         0x14 (size before relaxing)
 *fill*         0x0000000000122d55        0x3 
 .rodata.str1.4
                0x0000000000122d58        0x8 /opt/devkitpro/libctru/lib/libctru.a(fs.o)
                                          0xc (size before relaxing)
 .rodata.str1.4
                0x0000000000122d60        0x4 /opt/devkitpro/devkitARM/lib/gcc/arm-none-eabi/5.3.0/../../../../arm-none-eabi/lib/armv6k/fpu/libg.a(lib_a-impure.o)
 .rodata.str1.4
                0x0000000000122d60        0x8 /opt/devkitpro/devkitARM/lib/gcc/arm-none-eabi/5.3.0/../../../../arm-none-eabi/lib/armv6k/fpu/libg.a(lib_a-puts.o)
                                          0x4 (size before relaxing)
 .rodata.basefix.7044
                0x0000000000122d60       0x24 /opt/devkitpro/devkitARM/lib/gcc/arm-none-eabi/5.3.0/../../../../arm-none-eabi/lib/armv6k/fpu/libg.a(lib_a-svfscanf.o)
 .rodata.str1.4
                0x0000000000122d84        0x5 /opt/devkitpro/devkitARM/lib/gcc/arm-none-eabi/5.3.0/../../../../arm-none-eabi/lib/armv6k/fpu/libg.a(lib_a-svfscanf.o)
                                          0x8 (size before relaxing)
 *fill*         0x0000000000122d89        0x3 
 .rodata.zeroes.7138
                0x0000000000122d8c       0x10 /opt/devkitpro/devkitARM/lib/gcc/arm-none-eabi/5.3.0/../../../../arm-none-eabi/lib/armv6k/fpu/libg.a(lib_a-vfprintf.o)
 .rodata.str1.4
                0x0000000000122d9c       0x42 /opt/devkitpro/devkitARM/lib/gcc/arm-none-eabi/5.3.0/../../../../arm-none-eabi/lib/armv6k/fpu/libg.a(lib_a-vfprintf.o)
                                         0x44 (size before relaxing)
 *fill*         0x0000000000122dde        0x2 
 .rodata.blanks.7137
                0x0000000000122de0       0x10 /opt/devkitpro/devkitARM/lib/gcc/arm-none-eabi/5.3.0/../../../../arm-none-eabi/lib/armv6k/fpu/libg.a(lib_a-vfprintf.o)
 .rodata._ctype_
                0x0000000000122df0      0x104 /opt/devkitpro/devkitARM/lib/gcc/arm-none-eabi/5.3.0/../../../../arm-none-eabi/lib/armv6k/fpu/libg.a(lib_a-ctype_.o)
                0x0000000000122df0                _ctype_
 .rodata.str1.4
                0x0000000000122ef4       0x10 /opt/devkitpro/devkitARM/lib/gcc/arm-none-eabi/5.3.0/../../../../arm-none-eabi/lib/armv6k/fpu/libg.a(lib_a-dtoa.o)
                                         0x14 (size before relaxing)
 .rodata.a1     0x0000000000122f04       0xbc /opt/devkitpro/devkitARM/lib/gcc/arm-none-eabi/5.3.0/../../../../arm-none-eabi/lib/armv6k/fpu/libg.a(lib_a-jp2uc.o)
 .rodata.a2     0x0000000000122fc0       0xbc /opt/devkitpro/devkitARM/lib/gcc/arm-none-eabi/5.3.0/../../../../arm-none-eabi/lib/armv6k/fpu/libg.a(lib_a-jp2uc.o)
 .rodata.a3     0x000000000012307c       0x5c /opt/devkitpro/devkitARM/lib/gcc/arm-none-eabi/5.3.0/../../../../arm-none-eabi/lib/armv6k/fpu/libg.a(lib_a-jp2uc.o)
 .rodata.a6     0x00000000001230d8       0x70 /opt/devkitpro/devkitARM/lib/gcc/arm-none-eabi/5.3.0/../../../../arm-none-eabi/lib/armv6k/fpu/libg.a(lib_a-jp2uc.o)
 .rodata.a7     0x0000000000123148       0xa4 /opt/devkitpro/devkitARM/lib/gcc/arm-none-eabi/5.3.0/../../../../arm-none-eabi/lib/armv6k/fpu/libg.a(lib_a-jp2uc.o)
 .rodata.a8     0x00000000001231ec       0x40 /opt/devkitpro/devkitARM/lib/gcc/arm-none-eabi/5.3.0/../../../../arm-none-eabi/lib/armv6k/fpu/libg.a(lib_a-jp2uc.o)
 .rodata.str1.4
                0x000000000012322c       0x12 /opt/devkitpro/devkitARM/lib/gcc/arm-none-eabi/5.3.0/../../../../arm-none-eabi/lib/armv6k/fpu/libg.a(lib_a-jp2uc.o)
                                         0x14 (size before relaxing)
 *fill*         0x000000000012323e        0x2 
 .rodata.b02cf  0x0000000000123240     0x172c /opt/devkitpro/devkitARM/lib/gcc/arm-none-eabi/5.3.0/../../../../arm-none-eabi/lib/armv6k/fpu/libg.a(lib_a-jp2uc.o)
 .rodata.d02f4  0x000000000012496c     0x1a7c /opt/devkitpro/devkitARM/lib/gcc/arm-none-eabi/5.3.0/../../../../arm-none-eabi/lib/armv6k/fpu/libg.a(lib_a-jp2uc.o)
 .rodata.str1.4
                0x00000000001263e8      0x112 /opt/devkitpro/devkitARM/lib/gcc/arm-none-eabi/5.3.0/../../../../arm-none-eabi/lib/armv6k/fpu/libg.a(lib_a-locale.o)
                                        0x130 (size before relaxing)
 .rodata.str1.4
                0x00000000001264fa        0x4 /opt/devkitpro/devkitARM/lib/gcc/arm-none-eabi/5.3.0/../../../../arm-none-eabi/lib/armv6k/fpu/libg.a(lib_a-mbrtowc.o)
 *fill*         0x00000000001264fa        0x6 
 .rodata.__mprec_tens
                0x0000000000126500       0xc8 /opt/devkitpro/devkitARM/lib/gcc/arm-none-eabi/5.3.0/../../../../arm-none-eabi/lib/armv6k/fpu/libg.a(lib_a-mprec.o)
                0x0000000000126500                __mprec_tens
 .rodata.p05.5412
                0x00000000001265c8        0xc /opt/devkitpro/devkitARM/lib/gcc/arm-none-eabi/5.3.0/../../../../arm-none-eabi/lib/armv6k/fpu/libg.a(lib_a-mprec.o)
 *fill*         0x00000000001265d4        0x4 
 .rodata.__mprec_bigtens
                0x00000000001265d8       0x28 /opt/devkitpro/devkitARM/lib/gcc/arm-none-eabi/5.3.0/../../../../arm-none-eabi/lib/armv6k/fpu/libg.a(lib_a-mprec.o)
                0x00000000001265d8                __mprec_bigtens
 .rodata.fpinan.5417
                0x0000000000126600       0x14 /opt/devkitpro/devkitARM/lib/gcc/arm-none-eabi/5.3.0/../../../../arm-none-eabi/lib/armv6k/fpu/libg.a(lib_a-strtod.o)
 .rodata.str1.4
                0x0000000000126614        0xf /opt/devkitpro/devkitARM/lib/gcc/arm-none-eabi/5.3.0/../../../../arm-none-eabi/lib/armv6k/fpu/libg.a(lib_a-strtod.o)
                                         0x10 (size before relaxing)
 *fill*         0x0000000000126623        0x1 
 .rodata.fpi.5381
                0x0000000000126624       0x14 /opt/devkitpro/devkitARM/lib/gcc/arm-none-eabi/5.3.0/../../../../arm-none-eabi/lib/armv6k/fpu/libg.a(lib_a-strtod.o)
 .rodata.tinytens
                0x0000000000126638       0x28 /opt/devkitpro/devkitARM/lib/gcc/arm-none-eabi/5.3.0/../../../../arm-none-eabi/lib/armv6k/fpu/libg.a(lib_a-strtod.o)
 .rodata.__state_table
                0x0000000000126660       0x6c /opt/devkitpro/devkitARM/lib/gcc/arm-none-eabi/5.3.0/../../../../arm-none-eabi/lib/armv6k/fpu/libg.a(lib_a-svfiprintf.o)
                0x0000000000126660                __state_table
 .rodata.__chclass
                0x00000000001266cc      0x100 /opt/devkitpro/devkitARM/lib/gcc/arm-none-eabi/5.3.0/../../../../arm-none-eabi/lib/armv6k/fpu/libg.a(lib_a-svfiprintf.o)
                0x00000000001266cc                __chclass
 .rodata.__action_table
                0x00000000001267cc       0x6c /opt/devkitpro/devkitARM/lib/gcc/arm-none-eabi/5.3.0/../../../../arm-none-eabi/lib/armv6k/fpu/libg.a(lib_a-svfiprintf.o)
                0x00000000001267cc                __action_table
 .rodata.blanks.7122
                0x0000000000126838       0x10 /opt/devkitpro/devkitARM/lib/gcc/arm-none-eabi/5.3.0/../../../../arm-none-eabi/lib/armv6k/fpu/libg.a(lib_a-svfprintf.o)
 .rodata.str1.4
                0x0000000000126848       0x44 /opt/devkitpro/devkitARM/lib/gcc/arm-none-eabi/5.3.0/../../../../arm-none-eabi/lib/armv6k/fpu/libg.a(lib_a-svfprintf.o)
 .rodata.zeroes.7123
                0x0000000000126848       0x10 /opt/devkitpro/devkitARM/lib/gcc/arm-none-eabi/5.3.0/../../../../arm-none-eabi/lib/armv6k/fpu/libg.a(lib_a-svfprintf.o)
 .rodata.__hexdig
                0x0000000000126858      0x100 /opt/devkitpro/devkitARM/lib/gcc/arm-none-eabi/5.3.0/../../../../arm-none-eabi/lib/armv6k/fpu/libg.a(lib_a-gdtoa-gethex.o)
                0x0000000000126858                __hexdig
 .rodata.str1.4
                0x0000000000126958        0x8 /opt/devkitpro/devkitARM/lib/gcc/arm-none-eabi/5.3.0/../../../../arm-none-eabi/lib/armv6k/fpu/libsysbase.a(iosupport.o)
 *all.rodata*(*)
 *(.gnu.linkonce.r*)
                0x0000000000126960                . = ALIGN (0x4)

.eh_frame       0x0000000000126960        0x0
 .eh_frame      0x0000000000126960        0x0 /opt/devkitpro/devkitARM/lib/gcc/arm-none-eabi/5.3.0/armv6k/fpu/crtbegin.o

.rel.dyn        0x0000000000126960        0x0
 .rel.iplt      0x0000000000126960        0x0 /opt/devkitpro/devkitARM/lib/gcc/arm-none-eabi/5.3.0/../../../../arm-none-eabi/lib/armv6k/fpu/3dsx_crt0.o

.ARM.extab
 *(.ARM.extab* .gnu.linkonce.armextab.*)
                0x0000000000126960                __exidx_start = .

ARM.exidx
 *(.ARM.exidx* .gnu.linkonce.armexidx.*)
                0x0000000000126960                __exidx_end = .

.data           0x0000000000127000     0x2e20
 *(.data)
 .data          0x0000000000127000       0x54 /opt/devkitpro/libctru/lib/libctru.a(console.o)
                0x0000000000127000                defaultConsole
                0x000000000012704c                currentConsole
 .data          0x0000000000127054        0xc /opt/devkitpro/libctru/lib/libctru.a(gfx.o)
 .data          0x0000000000127060        0x4 /opt/devkitpro/libctru/lib/libctru.a(apt.o)
 .data          0x0000000000127064        0x4 /opt/devkitpro/libctru/lib/libctru.a(stack_adjust.o)
                0x0000000000127064                __stacksize__
 .data          0x0000000000127068      0x46c /opt/devkitpro/libctru/lib/libctru.a(sdmc_dev.o)
 .data          0x00000000001274d4       0x44 /opt/devkitpro/devkitARM/lib/gcc/arm-none-eabi/5.3.0/../../../../arm-none-eabi/lib/armv6k/fpu/libsysbase.a(iosupport.o)
                0x00000000001274d8                devoptab_list
 .data          0x0000000000127518     0x1000 /opt/devkitpro/devkitARM/lib/gcc/arm-none-eabi/5.3.0/../../../../arm-none-eabi/lib/armv6k/fpu/libsysbase.a(chdir.o)
 .data          0x0000000000128518     0x1028 /opt/devkitpro/devkitARM/lib/gcc/arm-none-eabi/5.3.0/../../../../arm-none-eabi/lib/armv6k/fpu/libsysbase.a(handle_manager.o)
 *(.data.*)
 .data.impure_data
                0x0000000000129540      0x440 /opt/devkitpro/devkitARM/lib/gcc/arm-none-eabi/5.3.0/../../../../arm-none-eabi/lib/armv6k/fpu/libg.a(lib_a-impure.o)
 .data._impure_ptr
                0x0000000000129980        0x4 /opt/devkitpro/devkitARM/lib/gcc/arm-none-eabi/5.3.0/../../../../arm-none-eabi/lib/armv6k/fpu/libg.a(lib_a-impure.o)
                0x0000000000129980                _impure_ptr
 .data.__malloc_av_
                0x0000000000129984      0x408 /opt/devkitpro/devkitARM/lib/gcc/arm-none-eabi/5.3.0/../../../../arm-none-eabi/lib/armv6k/fpu/libg.a(lib_a-mallocr.o)
                0x0000000000129984                __malloc_av_
 .data.__malloc_trim_threshold
                0x0000000000129d8c        0x4 /opt/devkitpro/devkitARM/lib/gcc/arm-none-eabi/5.3.0/../../../../arm-none-eabi/lib/armv6k/fpu/libg.a(lib_a-mallocr.o)
                0x0000000000129d8c                __malloc_trim_threshold
 .data.__malloc_sbrk_base
                0x0000000000129d90        0x4 /opt/devkitpro/devkitARM/lib/gcc/arm-none-eabi/5.3.0/../../../../arm-none-eabi/lib/armv6k/fpu/libg.a(lib_a-mallocr.o)
                0x0000000000129d90                __malloc_sbrk_base
 .data.__malloc_lock_object
                0x0000000000129d94        0xc /opt/devkitpro/devkitARM/lib/gcc/arm-none-eabi/5.3.0/../../../../arm-none-eabi/lib/armv6k/fpu/libg.a(lib_a-mlock.o)
 .data.__wctomb
                0x0000000000129da0        0x4 /opt/devkitpro/devkitARM/lib/gcc/arm-none-eabi/5.3.0/../../../../arm-none-eabi/lib/armv6k/fpu/libg.a(lib_a-wctomb_r.o)
                0x0000000000129da0                __wctomb
 .data.__ctype_ptr__
                0x0000000000129da4        0x4 /opt/devkitpro/devkitARM/lib/gcc/arm-none-eabi/5.3.0/../../../../arm-none-eabi/lib/armv6k/fpu/libg.a(lib_a-ctype_.o)
                0x0000000000129da4                __ctype_ptr__
 .data.__sfp_lock
                0x0000000000129da8        0xc /opt/devkitpro/devkitARM/lib/gcc/arm-none-eabi/5.3.0/../../../../arm-none-eabi/lib/armv6k/fpu/libg.a(lib_a-findfp.o)
 .data.__sinit_lock
                0x0000000000129db4        0xc /opt/devkitpro/devkitARM/lib/gcc/arm-none-eabi/5.3.0/../../../../arm-none-eabi/lib/armv6k/fpu/libg.a(lib_a-findfp.o)
 .data.lconv    0x0000000000129dc0       0x38 /opt/devkitpro/devkitARM/lib/gcc/arm-none-eabi/5.3.0/../../../../arm-none-eabi/lib/armv6k/fpu/libg.a(lib_a-locale.o)
 .data.lc_ctype_charset
                0x0000000000129df8       0x20 /opt/devkitpro/devkitARM/lib/gcc/arm-none-eabi/5.3.0/../../../../arm-none-eabi/lib/armv6k/fpu/libg.a(lib_a-locale.o)
 .data.__mb_cur_max
                0x0000000000129e18        0x4 /opt/devkitpro/devkitARM/lib/gcc/arm-none-eabi/5.3.0/../../../../arm-none-eabi/lib/armv6k/fpu/libg.a(lib_a-locale.o)
                0x0000000000129e18                __mb_cur_max
 .data.__mbtowc
                0x0000000000129e1c        0x4 /opt/devkitpro/devkitARM/lib/gcc/arm-none-eabi/5.3.0/../../../../arm-none-eabi/lib/armv6k/fpu/libg.a(lib_a-mbtowc_r.o)
                0x0000000000129e1c                __mbtowc
 *(.gnu.linkonce.d*)
                0x0000000000129e20                . = ALIGN (0x4)

.igot.plt       0x0000000000129e20        0x0
 .igot.plt      0x0000000000129e20        0x0 /opt/devkitpro/devkitARM/lib/gcc/arm-none-eabi/5.3.0/../../../../arm-none-eabi/lib/armv6k/fpu/3dsx_crt0.o

.jcr            0x0000000000129e20        0x0
 .jcr           0x0000000000129e20        0x0 /opt/devkitpro/devkitARM/lib/gcc/arm-none-eabi/5.3.0/armv6k/fpu/crtbegin.o

.tm_clone_table
                0x0000000000129e20        0x0
 .tm_clone_table
                0x0000000000129e20        0x0 /opt/devkitpro/devkitARM/lib/gcc/arm-none-eabi/5.3.0/armv6k/fpu/crtbegin.o
 .tm_clone_table
                0x0000000000129e20        0x0 /opt/devkitpro/devkitARM/lib/gcc/arm-none-eabi/5.3.0/armv6k/fpu/crtend.o
                0x0000000000129e20                __TMC_END__

.tdata          0x0000000000129e20        0x0
                0x0000000000129e20                __tdata_lma = .
 *(.tdata)
 *(.tdata.*)
 *(.gnu.linkonce.td.*)
                0x0000000000129e20                . = ALIGN (0x4)
                0x0000000000129e20                __tdata_lma_end = .

.tbss           0x0000000000129e20     0x340c
 *(.tbss)
 .tbss          0x0000000000129e20     0x340c /opt/devkitpro/libctru/lib/libctru.a(sdmc_dev.o)
 *(.tbss.*)
 *(.gnu.linkonce.tb.*)
 *(.tcommon)
                0x000000000012d22c                . = ALIGN (0x4)

.preinit_array  0x0000000000129e20        0x0
                0x0000000000129e20                PROVIDE (__preinit_array_start, .)
 *(.preinit_array)
                0x0000000000129e20                PROVIDE (__preinit_array_end, .)

.init_array     0x0000000000129e20        0x4
                0x0000000000129e20                PROVIDE (__init_array_start, .)
 *(SORT(.init_array.*))
 *(.init_array)
 .init_array    0x0000000000129e20        0x4 /opt/devkitpro/devkitARM/lib/gcc/arm-none-eabi/5.3.0/armv6k/fpu/crtbegin.o
                0x0000000000129e24                PROVIDE (__init_array_end, .)

.fini_array     0x0000000000129e24        0x4
                0x0000000000129e24                PROVIDE (__fini_array_start, .)
 *(.fini_array)
 .fini_array    0x0000000000129e24        0x4 /opt/devkitpro/devkitARM/lib/gcc/arm-none-eabi/5.3.0/armv6k/fpu/crtbegin.o
 *(SORT(.fini_array.*))
                0x0000000000129e28                PROVIDE (__fini_array_end, .)

.ctors
 *crtbegin.o(.ctors)
 *(EXCLUDE_FILE(*crtend.o) .ctors)
 *(SORT(.ctors.*))
 *(.ctors)

.dtors
 *crtbegin.o(.dtors)
 *(EXCLUDE_FILE(*crtend.o) .dtors)
 *(SORT(.dtors.*))
 *(.dtors)
                0x0000000000129e28                __bss_start__ = .

.bss            0x0000000000129e28    0x1009c
 *(.dynbss)
 *(.bss)
 .bss           0x0000000000129e28       0x1c /opt/devkitpro/devkitARM/lib/gcc/arm-none-eabi/5.3.0/armv6k/fpu/crtbegin.o
 .bss           0x0000000000129e44     0xa8f0 main.o
 .bss           0x0000000000134734        0xc /opt/devkitpro/libctru/lib/libctru.a(gfx.o)
 .bss           0x0000000000134740        0xc /opt/devkitpro/libctru/lib/libctru.a(gspgpu.o)
 .bss           0x000000000013474c     0x1040 /opt/devkitpro/libctru/lib/libctru.a(apt.o)
 .bss           0x000000000013578c       0x2c /opt/devkitpro/libctru/lib/libctru.a(hid.o)
 .bss           0x00000000001357b8        0x8 /opt/devkitpro/libctru/lib/libctru.a(swkbd.o)
 .bss           0x00000000001357c0        0x8 /opt/devkitpro/libctru/lib/libctru.a(stack_adjust.o)
 .bss           0x00000000001357c8       0x14 /opt/devkitpro/libctru/lib/libctru.a(vram.o)
 .bss           0x00000000001357dc       0x14 /opt/devkitpro/libctru/lib/libctru.a(mappable.o)
 .bss           0x00000000001357f0       0x14 /opt/devkitpro/libctru/lib/libctru.a(linear.o)
 .bss           0x0000000000135804        0x4 /opt/devkitpro/libctru/lib/libctru.a(synchronization.o)
 .bss           0x0000000000135808        0x1 /opt/devkitpro/libctru/lib/libctru.a(os.o)
                0x0000000000135808                __ctru_speedup
 *fill*         0x0000000000135809        0x3 
 .bss           0x000000000013580c        0x8 /opt/devkitpro/libctru/lib/libctru.a(srv.o)
 .bss           0x0000000000135814        0xc /opt/devkitpro/libctru/lib/libctru.a(irrst.o)
 .bss           0x0000000000135820        0x8 /opt/devkitpro/libctru/lib/libctru.a(ptmsysm.o)
 .bss           0x0000000000135828       0x10 /opt/devkitpro/libctru/lib/libctru.a(sdmc_dev.o)
 .bss           0x0000000000135838       0x88 /opt/devkitpro/libctru/lib/libctru.a(fs.o)