Archive member included to satisfy reference by file (symbol)

/opt/devkitpro/libctru/lib/libctru.a(linear.o)
                              main.o (linearAlloc)
/opt/devkitpro/libctru/lib/libctru.a(mem_pool.o)
                              /opt/devkitpro/libctru/lib/libctru.a(linear.o) (MemPool::Allocate(MemChunk&, unsigned long, int))
/opt/devkitpro/libctru/lib/libctru.a(os.o)
                              main.o (osGetTime)
/opt/devkitpro/libctru/lib/libctru.a(console.o)
                              main.o (consoleSelect)
/opt/devkitpro/libctru/lib/libctru.a(gfx.o)
                              main.o (gfxSetScreenFormat)
/opt/devkitpro/libctru/lib/libctru.a(gx.o)
                              /opt/devkitpro/libctru/lib/libctru.a(gfx.o) (gxCmdBuf)
/opt/devkitpro/libctru/lib/libctru.a(gspgpu.o)
                              /opt/devkitpro/libctru/lib/libctru.a(gfx.o) (gspInit)
/opt/devkitpro/libctru/lib/libctru.a(apt.o)
                              main.o (aptMainLoop)
/opt/devkitpro/libctru/lib/libctru.a(hid.o)
                              main.o (hidScanInput)
/opt/devkitpro/libctru/lib/libctru.a(httpc.o)
                              main.o (httpcOpenContext)
/opt/devkitpro/libctru/lib/libctru.a(ptmsysm.o)
                              /opt/devkitpro/libctru/lib/libctru.a(os.o) (ptmSysmInit)
/opt/devkitpro/libctru/lib/libctru.a(rbtree_init.o)
                              /opt/devkitpro/libctru/lib/libctru.a(linear.o) (rbtree_init)
/opt/devkitpro/libctru/lib/libctru.a(rbtree_insert.o)
                              /opt/devkitpro/libctru/lib/libctru.a(linear.o) (rbtree_insert)
/opt/devkitpro/libctru/lib/libctru.a(rbtree_rotate.o)
                              /opt/devkitpro/libctru/lib/libctru.a(rbtree_insert.o) (rbtree_rotate)
/opt/devkitpro/libctru/lib/libctru.a(rbtree_remove.o)
                              /opt/devkitpro/libctru/lib/libctru.a(linear.o) (rbtree_remove)
/opt/devkitpro/libctru/lib/libctru.a(rbtree_find.o)
                              /opt/devkitpro/libctru/lib/libctru.a(linear.o) (rbtree_find)
/opt/devkitpro/libctru/lib/libctru.a(initSystem.o)
                              /opt/devkitpro/libctru/lib/libctru.a(apt.o) (__system_retAddr)
/opt/devkitpro/libctru/lib/libctru.a(syscalls.o)
                              /opt/devkitpro/libctru/lib/libctru.a(initSystem.o) (__system_initSyscalls)
/opt/devkitpro/libctru/lib/libctru.a(allocateHeaps.o)
                              /opt/devkitpro/libctru/lib/libctru.a(initSystem.o) (__system_allocateHeaps)
/opt/devkitpro/libctru/lib/libctru.a(initArgv.o)
                              /opt/devkitpro/libctru/lib/libctru.a(initSystem.o) (__system_initArgv)
/opt/devkitpro/libctru/lib/libctru.a(svc.o)
                              /opt/devkitpro/libctru/lib/libctru.a(allocateHeaps.o) (svcControlMemory)
/opt/devkitpro/libctru/lib/libctru.a(stack_adjust.o)
                              /opt/devkitpro/devkitARM/lib/gcc/arm-none-eabi/5.3.0/../../../../arm-none-eabi/lib/armv6k/fpu/3dsx_crt0.o (initSystem)
/opt/devkitpro/libctru/lib/libctru.a(default_font.bin.o)
                              /opt/devkitpro/libctru/lib/libctru.a(console.o) (default_font_bin)
/opt/devkitpro/libctru/lib/libctru.a(vram.o)
                              /opt/devkitpro/libctru/lib/libctru.a(gfx.o) (vramAlloc)
/opt/devkitpro/libctru/lib/libctru.a(mappable.o)
                              /opt/devkitpro/libctru/lib/libctru.a(gfx.o) (mappableAlloc)
/opt/devkitpro/libctru/lib/libctru.a(synchronization.o)
                              /opt/devkitpro/libctru/lib/libctru.a(initSystem.o) (__sync_init)
/opt/devkitpro/libctru/lib/libctru.a(srv.o)
                              /opt/devkitpro/libctru/lib/libctru.a(apt.o) (srvInit)
/opt/devkitpro/libctru/lib/libctru.a(thread.o)
                              /opt/devkitpro/libctru/lib/libctru.a(gspgpu.o) (threadCreate)
/opt/devkitpro/libctru/lib/libctru.a(irrst.o)
                              /opt/devkitpro/libctru/lib/libctru.a(hid.o) (irrstScanInput)
/opt/devkitpro/libctru/lib/libctru.a(rbtree_iterator.o)
                              /opt/devkitpro/libctru/lib/libctru.a(rbtree_remove.o) (rbtree_node_next)
/opt/devkitpro/libctru/lib/libctru.a(appInit.o)
                              /opt/devkitpro/libctru/lib/libctru.a(stack_adjust.o) (__appInit)
/opt/devkitpro/libctru/lib/libctru.a(appExit.o)
                              /opt/devkitpro/libctru/lib/libctru.a(stack_adjust.o) (__appExit)
/opt/devkitpro/libctru/lib/libctru.a(ctru_exit.o)
                              /opt/devkitpro/libctru/lib/libctru.a(stack_adjust.o) (__libctru_exit)
/opt/devkitpro/libctru/lib/libctru.a(env.o)
                              /opt/devkitpro/libctru/lib/libctru.a(srv.o) (envGetHandle)
/opt/devkitpro/libctru/lib/libctru.a(sdmc_dev.o)
                              /opt/devkitpro/libctru/lib/libctru.a(appInit.o) (sdmcInit)
/opt/devkitpro/libctru/lib/libctru.a(fs.o)
                              /opt/devkitpro/libctru/lib/libctru.a(appInit.o) (fsInit)
[...]
Memory Configuration

Name             Origin             Length             Attributes
*default*        0x0000000000000000 0xffffffffffffffff

Linker script and memory map

                0x0000000000100000                . = 0x100000
                0x0000000000100000                __start__ = .

.text           0x0000000000100000    0x207ec
 *(.crt0)
 .crt0          0x0000000000100000       0x94 /opt/devkitpro/devkitARM/lib/gcc/arm-none-eabi/5.3.0/../../../../arm-none-eabi/lib/armv6k/fpu/3dsx_crt0.o
                0x0000000000100000                _start
                0x0000000000100008                __service_ptr
                0x000000000010000c                __apt_appid
                0x0000000000100010                __heap_size
                0x0000000000100014                __linear_heap_size
                0x0000000000100018                __system_arglist
                0x000000000010001c                __system_runflags
 *(.init)
 .init          0x0000000000100094        0xc /opt/devkitpro/devkitARM/lib/gcc/arm-none-eabi/5.3.0/armv6k/fpu/crti.o
                0x0000000000100094                _init
 .init          0x00000000001000a0        0xc /opt/devkitpro/devkitARM/lib/gcc/arm-none-eabi/5.3.0/armv6k/fpu/crtn.o
                0x00000000001000ac                . = ALIGN (0x4)
 *(.text)
 .text          0x00000000001000ac      0x108 /opt/devkitpro/devkitARM/lib/gcc/arm-none-eabi/5.3.0/armv6k/fpu/crtbegin.o
 .text          0x00000000001001b4       0x64 /opt/devkitpro/libctru/lib/libctru.a(stack_adjust.o)
                0x00000000001001b4                initSystem
                0x00000000001001f8                __ctru_exit
 .text          0x0000000000100218      0x240 /opt/devkitpro/devkitARM/lib/gcc/arm-none-eabi/5.3.0/armv6k/fpu/libgcc.a(_divsi3.o)
                0x0000000000100218                __aeabi_idiv
                0x0000000000100218                __divsi3
                0x0000000000100438                __aeabi_idivmod
 .text          0x0000000000100458        0x4 /opt/devkitpro/devkitARM/lib/gcc/arm-none-eabi/5.3.0/armv6k/fpu/libgcc.a(_dvmd_tls.o)
                0x0000000000100458                __aeabi_ldiv0
                0x0000000000100458                __aeabi_idiv0
 .text          0x000000000010045c       0x3c /opt/devkitpro/devkitARM/lib/gcc/arm-none-eabi/5.3.0/armv6k/fpu/libgcc.a(_aeabi_uldivmod.o)
                0x000000000010045c                __aeabi_uldivmod
 .text          0x0000000000100498      0x128 /opt/devkitpro/devkitARM/lib/gcc/arm-none-eabi/5.3.0/armv6k/fpu/libgcc.a(_udivmoddi4.o)
                0x0000000000100498                __udivmoddi4
 .text          0x00000000001005c0      0x3a0 /opt/devkitpro/devkitARM/lib/gcc/arm-none-eabi/5.3.0/../../../../arm-none-eabi/lib/armv6k/fpu/libg.a(lib_a-strcmp.o)
                0x00000000001005c8                strcmp
 .text          0x0000000000100960      0x1c4 /opt/devkitpro/devkitARM/lib/gcc/arm-none-eabi/5.3.0/../../../../arm-none-eabi/lib/armv6k/fpu/libsysbase.a(iosupport.o)
                0x0000000000100968                setDefaultDevice
                0x0000000000100980                FindDevice
                0x0000000000100a3c                RemoveDevice
                0x0000000000100a68                AddDevice
                0x0000000000100b00                GetDeviceOpTab
 .text          0x0000000000100b24       0x7c /opt/devkitpro/devkitARM/lib/gcc/arm-none-eabi/5.3.0/../../../../arm-none-eabi/lib/armv6k/fpu/libsysbase.a(close.o)
                0x0000000000100b24                _close_r
 .text          0x0000000000100ba0       0x6c /opt/devkitpro/devkitARM/lib/gcc/arm-none-eabi/5.3.0/../../../../arm-none-eabi/lib/armv6k/fpu/libsysbase.a(fstat.o)
                0x0000000000100ba0                _fstat_r
 .text          0x0000000000100c0c        0x8 /opt/devkitpro/devkitARM/lib/gcc/arm-none-eabi/5.3.0/../../../../arm-none-eabi/lib/armv6k/fpu/libsysbase.a(isatty.o)
                0x0000000000100c0c                _isatty_r
 .text          0x0000000000100c14       0x78 /opt/devkitpro/devkitARM/lib/gcc/arm-none-eabi/5.3.0/../../../../arm-none-eabi/lib/armv6k/fpu/libsysbase.a(lseek.o)
                0x0000000000100c14                _lseek_r
 .text          0x0000000000100c8c       0x78 /opt/devkitpro/devkitARM/lib/gcc/arm-none-eabi/5.3.0/../../../../arm-none-eabi/lib/armv6k/fpu/libsysbase.a(read.o)
                0x0000000000100c8c                _read_r
 .text          0x0000000000100d04       0x70 /opt/devkitpro/devkitARM/lib/gcc/arm-none-eabi/5.3.0/../../../../arm-none-eabi/lib/armv6k/fpu/libsysbase.a(sbrk.o)
                0x0000000000100d04                _sbrk_r
 .text          0x0000000000100d74       0x78 /opt/devkitpro/devkitARM/lib/gcc/arm-none-eabi/5.3.0/../../../../arm-none-eabi/lib/armv6k/fpu/libsysbase.a(write.o)
                0x0000000000100d74                _write_r
 .text          0x0000000000100dec      0x3b0 /opt/devkitpro/devkitARM/lib/gcc/arm-none-eabi/5.3.0/../../../../arm-none-eabi/lib/armv6k/fpu/libsysbase.a(chdir.o)
                0x0000000000100dec                _concatenate_path
                0x0000000000100fa8                chdir
                0x00000000001010fc                getcwd
 .text          0x000000000010119c       0x10 /opt/devkitpro/devkitARM/lib/gcc/arm-none-eabi/5.3.0/../../../../arm-none-eabi/lib/armv6k/fpu/libsysbase.a(flock.o)
                0x000000000010119c                __flockfile
                0x00000000001011a4                __funlockfile
 .text          0x00000000001011ac      0x108 /opt/devkitpro/devkitARM/lib/gcc/arm-none-eabi/5.3.0/../../../../arm-none-eabi/lib/armv6k/fpu/libsysbase.a(syscall_support.o)
                0x00000000001011ac                __libc_lock_init
                0x00000000001011c4                __libc_lock_acquire
                0x00000000001011dc                __libc_lock_try_acquire
                0x0000000000101200                __libc_lock_release
                0x0000000000101218                __libc_lock_close
                0x0000000000101230                __libc_lock_init_recursive
                0x0000000000101248                __libc_lock_acquire_recursive
                0x0000000000101260                __libc_lock_try_acquire_recursive
                0x0000000000101284                __libc_lock_release_recursive
                0x000000000010129c                __libc_lock_close_recursive
 .text          0x00000000001012b4      0x2c4 /opt/devkitpro/devkitARM/lib/gcc/arm-none-eabi/5.3.0/../../../../arm-none-eabi/lib/armv6k/fpu/libsysbase.a(handle_manager.o)
                0x00000000001012b4                __free_handle
                0x00000000001012f8                __release_handle
                0x0000000000101334                __alloc_handle
                0x00000000001013ac                __get_handle
                0x00000000001013c8                dup
                0x000000000010146c                dup2
 .text          0x0000000000101578       0x28 /opt/devkitpro/devkitARM/lib/gcc/arm-none-eabi/5.3.0/../../../../arm-none-eabi/lib/armv6k/fpu/libsysbase.a(getreent.o)
                0x0000000000101578                __getreent
 .text          0x00000000001015a0      0x20c /opt/devkitpro/devkitARM/lib/gcc/arm-none-eabi/5.3.0/armv6k/fpu/libgcc.a(_udivsi3.o)
                0x00000000001015a0                __udivsi3
                0x00000000001015a0                __aeabi_uidiv
                0x000000000010178c                __aeabi_uidivmod
 *(.text.*)
 .text.startup.main
                0x00000000001017ac       0x84 main.o
                0x00000000001017ac                main
 .text._ZL21addrMapNodeComparatorPK11rbtree_nodeS1_
                0x0000000000101830       0x24 /opt/devkitpro/libctru/lib/libctru.a(linear.o)
 .text._ZL21addrMapNodeDestructorP11rbtree_node
                0x0000000000101854        0x4 /opt/devkitpro/libctru/lib/libctru.a(linear.o)
 .text.linearMemAlign
                0x0000000000101858      0x140 /opt/devkitpro/libctru/lib/libctru.a(linear.o)
                0x0000000000101858                linearMemAlign
 .text.linearAlloc
                0x0000000000101998        0x8 /opt/devkitpro/libctru/lib/libctru.a(linear.o)
                0x0000000000101998                linearAlloc
 .text.linearFree
                0x00000000001019a0       0x50 /opt/devkitpro/libctru/lib/libctru.a(linear.o)
                0x00000000001019a0                linearFree
 .text._ZN7MemPool13CoalesceRightEP8MemBlock
                0x00000000001019f0       0xa0 /opt/devkitpro/libctru/lib/libctru.a(mem_pool.o)
                0x00000000001019f0                MemPool::CoalesceRight(MemBlock*)
 .text._ZN7MemPool8AllocateER8MemChunkmi
                0x0000000000101a90      0x18c /opt/devkitpro/libctru/lib/libctru.a(mem_pool.o)
                0x0000000000101a90                MemPool::Allocate(MemChunk&, unsigned long, int)
 .text._ZN7MemPool10DeallocateERK8MemChunk
                0x0000000000101c1c      0x104 /opt/devkitpro/libctru/lib/libctru.a(mem_pool.o)
                0x0000000000101c1c                MemPool::Deallocate(MemChunk const&)
 .text.getSysTime
                0x0000000000101d20       0x58 /opt/devkitpro/libctru/lib/libctru.a(os.o)
 .text.osGetMemRegionUsed
                0x0000000000101d78       0x24 /opt/devkitpro/libctru/lib/libctru.a(os.o)
                0x0000000000101d78                osGetMemRegionUsed
 *fill*         0x0000000000101d9c        0x4 
 .text.__libctru_gtod
                0x0000000000101da0       0xf8 /opt/devkitpro/libctru/lib/libctru.a(os.o)
                0x0000000000101da0                __libctru_gtod
 .text.__ctru_speedup_config
                0x0000000000101e98       0x34 /opt/devkitpro/libctru/lib/libctru.a(os.o)
                0x0000000000101e98                __ctru_speedup_config
 .text.debug_write
                0x0000000000101ecc       0x1c /opt/devkitpro/libctru/lib/libctru.a(console.o)
                0x0000000000101ecc                debug_write
 .text.consoleSelect
                0x0000000000101ee8       0x18 /opt/devkitpro/libctru/lib/libctru.a(console.o)
                0x0000000000101ee8                consoleSelect
 .text.consoleDrawChar
                0x0000000000101f00      0x1ac /opt/devkitpro/libctru/lib/libctru.a(console.o)
                0x0000000000101f00                consoleDrawChar
 .text.consolePrintChar
                0x00000000001020ac      0x128 /opt/devkitpro/libctru/lib/libctru.a(console.o)
                0x00000000001020ac                consolePrintChar
 .text.consoleCls
                0x00000000001021d4      0x184 /opt/devkitpro/libctru/lib/libctru.a(console.o)
 .text.consoleInit
                0x0000000000102358       0xf8 /opt/devkitpro/libctru/lib/libctru.a(console.o)
                0x0000000000102358                consoleInit
 .text.consoleClearLine
                0x0000000000102450      0x138 /opt/devkitpro/libctru/lib/libctru.a(console.o)
 .text.newRow   0x0000000000102588       0xc0 /opt/devkitpro/libctru/lib/libctru.a(console.o)
 .text.con_write
                0x0000000000102648      0x86c /opt/devkitpro/libctru/lib/libctru.a(console.o)
                0x0000000000102648                con_write
 .text.gfxSetFramebufferInfo.part.0
                0x0000000000102eb4       0x8c /opt/devkitpro/libctru/lib/libctru.a(gfx.o)
 .text.gfxSetScreenFormat
                0x0000000000102f40       0x18 /opt/devkitpro/libctru/lib/libctru.a(gfx.o)
                0x0000000000102f40                gfxSetScreenFormat
 .text.gfxSetDoubleBuffering
                0x0000000000102f58       0x14 /opt/devkitpro/libctru/lib/libctru.a(gfx.o)
                0x0000000000102f58                gfxSetDoubleBuffering
 .text.__get_bytes_per_pixel
                0x0000000000102f6c       0x18 /opt/devkitpro/libctru/lib/libctru.a(gfx.o)
                0x0000000000102f6c                __get_bytes_per_pixel
 .text.gfxSetFramebufferInfo
                0x0000000000102f84       0x70 /opt/devkitpro/libctru/lib/libctru.a(gfx.o)
                0x0000000000102f84                gfxSetFramebufferInfo
 .text.gfxWriteFramebufferInfo
                0x0000000000102ff4       0x88 /opt/devkitpro/libctru/lib/libctru.a(gfx.o)
                0x0000000000102ff4                gfxWriteFramebufferInfo
 .text.gfxInit  0x000000000010307c      0x1d0 /opt/devkitpro/libctru/lib/libctru.a(gfx.o)
                0x000000000010307c                gfxInit
 .text.gfxInitDefault
                0x000000000010324c       0x10 /opt/devkitpro/libctru/lib/libctru.a(gfx.o)
                0x000000000010324c                gfxInitDefault
 .text.gfxExit  0x000000000010325c       0xe0 /opt/devkitpro/libctru/lib/libctru.a(gfx.o)
                0x000000000010325c                gfxExit
 .text.gfxGetFramebuffer
                0x000000000010333c       0xb0 /opt/devkitpro/libctru/lib/libctru.a(gfx.o)
                0x000000000010333c                gfxGetFramebuffer
 .text.gfxFlushBuffers
                0x00000000001033ec       0xcc /opt/devkitpro/libctru/lib/libctru.a(gfx.o)
                0x00000000001033ec                gfxFlushBuffers
 .text.gfxConfigScreen
                0x00000000001034b8       0x70 /opt/devkitpro/libctru/lib/libctru.a(gfx.o)
                0x00000000001034b8                gfxConfigScreen
 .text.gfxSwapBuffers
                0x0000000000103528       0x20 /opt/devkitpro/libctru/lib/libctru.a(gfx.o)
                0x0000000000103528                gfxSwapBuffers
 .text.gfxSwapBuffersGpu
                0x0000000000103548       0x20 /opt/devkitpro/libctru/lib/libctru.a(gfx.o)
                0x0000000000103548                gfxSwapBuffersGpu
 .text.gspEventThreadMain
                0x0000000000103568      0x124 /opt/devkitpro/libctru/lib/libctru.a(gspgpu.o)
 .text.gspInit  0x000000000010368c       0x74 /opt/devkitpro/libctru/lib/libctru.a(gspgpu.o)
                0x000000000010368c                gspInit
 .text.gspExit  0x0000000000103700       0x3c /opt/devkitpro/libctru/lib/libctru.a(gspgpu.o)
                0x0000000000103700                gspExit
 .text.gspInitEventHandler
                0x000000000010373c       0xd0 /opt/devkitpro/libctru/lib/libctru.a(gspgpu.o)
                0x000000000010373c                gspInitEventHandler
 .text.gspExitEventHandler
                0x000000000010380c       0x5c /opt/devkitpro/libctru/lib/libctru.a(gspgpu.o)
                0x000000000010380c                gspExitEventHandler
 .text.gspWaitForEvent
                0x0000000000103868       0x58 /opt/devkitpro/libctru/lib/libctru.a(gspgpu.o)
                0x0000000000103868                gspWaitForEvent
 .text.GSPGPU_SetBufferSwap
                0x00000000001038c0       0x6c /opt/devkitpro/libctru/lib/libctru.a(gspgpu.o)
                0x00000000001038c0                GSPGPU_SetBufferSwap
 .text.GSPGPU_FlushDataCache
                0x000000000010392c       0x4c /opt/devkitpro/libctru/lib/libctru.a(gspgpu.o)
                0x000000000010392c                GSPGPU_FlushDataCache
 .text.GSPGPU_SetLcdForceBlack
                0x0000000000103978       0x34 /opt/devkitpro/libctru/lib/libctru.a(gspgpu.o)
                0x0000000000103978                GSPGPU_SetLcdForceBlack
 .text.GSPGPU_RegisterInterruptRelayQueue
                0x00000000001039ac       0x64 /opt/devkitpro/libctru/lib/libctru.a(gspgpu.o)
                0x00000000001039ac                GSPGPU_RegisterInterruptRelayQueue
 .text.GSPGPU_UnregisterInterruptRelayQueue
                0x0000000000103a10       0x2c /opt/devkitpro/libctru/lib/libctru.a(gspgpu.o)
                0x0000000000103a10                GSPGPU_UnregisterInterruptRelayQueue
 .text.GSPGPU_AcquireRight
                0x0000000000103a3c       0x48 /opt/devkitpro/libctru/lib/libctru.a(gspgpu.o)
                0x0000000000103a3c                GSPGPU_AcquireRight
 .text.GSPGPU_ReleaseRight
                0x0000000000103a84       0x2c /opt/devkitpro/libctru/lib/libctru.a(gspgpu.o)
                0x0000000000103a84                GSPGPU_ReleaseRight
 .text.GSPGPU_ImportDisplayCaptureInfo
                0x0000000000103ab0       0x80 /opt/devkitpro/libctru/lib/libctru.a(gspgpu.o)
                0x0000000000103ab0                GSPGPU_ImportDisplayCaptureInfo
 .text.GSPGPU_SaveVramSysArea
                0x0000000000103b30       0x2c /opt/devkitpro/libctru/lib/libctru.a(gspgpu.o)
                0x0000000000103b30                GSPGPU_SaveVramSysArea
 .text.GSPGPU_RestoreVramSysArea
                0x0000000000103b5c       0x2c /opt/devkitpro/libctru/lib/libctru.a(gspgpu.o)
                0x0000000000103b5c                GSPGPU_RestoreVramSysArea
 .text._aptDebug
                0x0000000000103b88        0x4 /opt/devkitpro/libctru/lib/libctru.a(apt.o)
                0x0000000000103b88                _aptDebug
 .text.aptSendCommand
                0x0000000000103b8c      0x12c /opt/devkitpro/libctru/lib/libctru.a(apt.o)
                0x0000000000103b8c                aptSendCommand
 .text.aptExitProcess
                0x0000000000103cb8       0x3c /opt/devkitpro/libctru/lib/libctru.a(apt.o)
 .text.aptExit  0x0000000000103cf4      0x13c /opt/devkitpro/libctru/lib/libctru.a(apt.o)
                0x0000000000103cf4                aptExit
 .text.APT_InquireNotification
                0x0000000000103e30       0x4c /opt/devkitpro/libctru/lib/libctru.a(apt.o)
                0x0000000000103e30                APT_InquireNotification
 .text.aptEventHandler
                0x0000000000103e7c      0x198 /opt/devkitpro/libctru/lib/libctru.a(apt.o)
 .text.APT_AppletUtility
                0x0000000000104014       0x74 /opt/devkitpro/libctru/lib/libctru.a(apt.o)
                0x0000000000104014                APT_AppletUtility
 .text.aptSetSleepAllowed
                0x0000000000104088       0xb0 /opt/devkitpro/libctru/lib/libctru.a(apt.o)
                0x0000000000104088                aptSetSleepAllowed
 .text.APT_GlanceParameter
                0x0000000000104138       0xb4 /opt/devkitpro/libctru/lib/libctru.a(apt.o)
                0x0000000000104138                APT_GlanceParameter
 .text.APT_ReceiveParameter
                0x00000000001041ec       0xc0 /opt/devkitpro/libctru/lib/libctru.a(apt.o)
                0x00000000001041ec                APT_ReceiveParameter
 .text.aptReceiveParameter.constprop.1
                0x00000000001042ac       0xa8 /opt/devkitpro/libctru/lib/libctru.a(apt.o)
 *fill*         0x0000000000104354        0x4 
 .text.aptScreenTransfer
                0x0000000000104358      0x1e0 /opt/devkitpro/libctru/lib/libctru.a(apt.o)
 .text.aptWaitForWakeUp
                0x0000000000104538      0x224 /opt/devkitpro/libctru/lib/libctru.a(apt.o)
 .text.APT_CancelParameter
                0x000000000010475c       0x70 /opt/devkitpro/libctru/lib/libctru.a(apt.o)
                0x000000000010475c                APT_CancelParameter
 .text.aptInit  0x00000000001047cc      0x210 /opt/devkitpro/libctru/lib/libctru.a(apt.o)
                0x00000000001047cc                aptInit
 .text.aptClearParamQueue
                0x00000000001049dc       0x88 /opt/devkitpro/libctru/lib/libctru.a(apt.o)
 .text.aptMainLoop
                0x0000000000104a64      0x208 /opt/devkitpro/libctru/lib/libctru.a(apt.o)
                0x0000000000104a64                aptMainLoop
 .text.APT_CheckNew3DS
                0x0000000000104c6c       0x70 /opt/devkitpro/libctru/lib/libctru.a(apt.o)
                0x0000000000104c6c                APT_CheckNew3DS
 .text.hidExit  0x0000000000104cdc       0xd8 /opt/devkitpro/libctru/lib/libctru.a(hid.o)
                0x0000000000104cdc                hidExit
 .text.hidScanInput
                0x0000000000104db4      0x238 /opt/devkitpro/libctru/lib/libctru.a(hid.o)
                0x0000000000104db4                hidScanInput
 .text.hidKeysDown
                0x0000000000104fec       0x10 /opt/devkitpro/libctru/lib/libctru.a(hid.o)
                0x0000000000104fec                hidKeysDown
 .text.HIDUSER_GetHandles
                0x0000000000104ffc       0x90 /opt/devkitpro/libctru/lib/libctru.a(hid.o)
                0x0000000000104ffc                HIDUSER_GetHandles
 .text.hidInit  0x000000000010508c      0x184 /opt/devkitpro/libctru/lib/libctru.a(hid.o)
                0x000000000010508c                hidInit
 .text.ptmSysmInit
                0x0000000000105210       0x70 /opt/devkitpro/libctru/lib/libctru.a(ptmsysm.o)
                0x0000000000105210                ptmSysmInit
 .text.ptmSysmExit
                0x0000000000105280       0x34 /opt/devkitpro/libctru/lib/libctru.a(ptmsysm.o)
                0x0000000000105280                ptmSysmExit
 .text.PTMSYSM_ConfigureNew3DSCPU
                0x00000000001052b4       0x34 /opt/devkitpro/libctru/lib/libctru.a(ptmsysm.o)
                0x00000000001052b4                PTMSYSM_ConfigureNew3DSCPU
 .text.rbtree_init
                0x00000000001052e8       0x14 /opt/devkitpro/libctru/lib/libctru.a(rbtree_init.o)
                0x00000000001052e8                rbtree_init
 .text.do_insert
                0x00000000001052fc      0x1d4 /opt/devkitpro/libctru/lib/libctru.a(rbtree_insert.o)
 .text.rbtree_insert
                0x00000000001054d0        0x8 /opt/devkitpro/libctru/lib/libctru.a(rbtree_insert.o)
                0x00000000001054d0                rbtree_insert
 .text.rbtree_rotate
                0x00000000001054d8       0xac /opt/devkitpro/libctru/lib/libctru.a(rbtree_rotate.o)
                0x00000000001054d8                rbtree_rotate
 .text.rbtree_remove
                0x0000000000105584      0x35c /opt/devkitpro/libctru/lib/libctru.a(rbtree_remove.o)
                0x0000000000105584                rbtree_remove
 .text.rbtree_find
                0x00000000001058e0       0x70 /opt/devkitpro/libctru/lib/libctru.a(rbtree_find.o)
                0x00000000001058e0                rbtree_find
 .text.__libctru_init
                0x0000000000105950       0x38 /opt/devkitpro/libctru/lib/libctru.a(initSystem.o)
                0x0000000000105950                __libctru_init
 .text.__ctru_get_reent
                0x0000000000105988       0x30 /opt/devkitpro/libctru/lib/libctru.a(syscalls.o)
 .text.__system_initSyscalls
                0x00000000001059b8       0xe8 /opt/devkitpro/libctru/lib/libctru.a(syscalls.o)
                0x00000000001059b8                __system_initSyscalls
 .text.osGetMemRegionSize
                0x0000000000105aa0       0x58 /opt/devkitpro/libctru/lib/libctru.a(allocateHeaps.o)
 .text.__system_allocateHeaps
                0x0000000000105af8      0x124 /opt/devkitpro/libctru/lib/libctru.a(allocateHeaps.o)
                0x0000000000105af8                __system_allocateHeaps
 .text.__system_initArgv
                0x0000000000105c1c       0xf4 /opt/devkitpro/libctru/lib/libctru.a(initArgv.o)
                0x0000000000105c1c                __system_initArgv
 .text.svcControlMemory
                0x0000000000105d10       0x20 /opt/devkitpro/libctru/lib/libctru.a(svc.o)
                0x0000000000105d10                svcControlMemory
 .text.svcExitProcess
                0x0000000000105d30        0x8 /opt/devkitpro/libctru/lib/libctru.a(svc.o)
                0x0000000000105d30                svcExitProcess
 .text.svcCreateThread
                0x0000000000105d38       0x20 /opt/devkitpro/libctru/lib/libctru.a(svc.o)
                0x0000000000105d38                svcCreateThread
 .text.svcExitThread
                0x0000000000105d58        0x8 /opt/devkitpro/libctru/lib/libctru.a(svc.o)
                0x0000000000105d58                svcExitThread
 .text.svcSleepThread
                0x0000000000105d60        0x8 /opt/devkitpro/libctru/lib/libctru.a(svc.o)
                0x0000000000105d60                svcSleepThread
 .text.svcReleaseMutex
                0x0000000000105d68        0x8 /opt/devkitpro/libctru/lib/libctru.a(svc.o)
                0x0000000000105d68                svcReleaseMutex
 .text.svcCreateEvent
                0x0000000000105d70       0x14 /opt/devkitpro/libctru/lib/libctru.a(svc.o)
                0x0000000000105d70                svcCreateEvent
 .text.svcSignalEvent
                0x0000000000105d84        0x8 /opt/devkitpro/libctru/lib/libctru.a(svc.o)
                0x0000000000105d84                svcSignalEvent
 .text.svcClearEvent
                0x0000000000105d8c        0x8 /opt/devkitpro/libctru/lib/libctru.a(svc.o)
                0x0000000000105d8c                svcClearEvent
 .text.svcMapMemoryBlock
                0x0000000000105d94        0x8 /opt/devkitpro/libctru/lib/libctru.a(svc.o)
                0x0000000000105d94                svcMapMemoryBlock
 .text.svcUnmapMemoryBlock
                0x0000000000105d9c        0x8 /opt/devkitpro/libctru/lib/libctru.a(svc.o)
                0x0000000000105d9c                svcUnmapMemoryBlock
 .text.svcCreateAddressArbiter
                0x0000000000105da4       0x14 /opt/devkitpro/libctru/lib/libctru.a(svc.o)
                0x0000000000105da4                svcCreateAddressArbiter
 .text.svcArbitrateAddress
                0x0000000000105db8       0x18 /opt/devkitpro/libctru/lib/libctru.a(svc.o)
                0x0000000000105db8                svcArbitrateAddress
 .text.svcCloseHandle
                0x0000000000105dd0        0x8 /opt/devkitpro/libctru/lib/libctru.a(svc.o)
                0x0000000000105dd0                svcCloseHandle
 .text.svcWaitSynchronization
                0x0000000000105dd8        0x8 /opt/devkitpro/libctru/lib/libctru.a(svc.o)
                0x0000000000105dd8                svcWaitSynchronization
 .text.svcWaitSynchronizationN
                0x0000000000105de0       0x28 /opt/devkitpro/libctru/lib/libctru.a(svc.o)
                0x0000000000105de0                svcWaitSynchronizationN
 .text.svcDuplicateHandle
                0x0000000000105e08       0x14 /opt/devkitpro/libctru/lib/libctru.a(svc.o)
                0x0000000000105e08                svcDuplicateHandle
 .text.svcGetSystemTick
                0x0000000000105e1c        0x8 /opt/devkitpro/libctru/lib/libctru.a(svc.o)
                0x0000000000105e1c                svcGetSystemTick
 .text.svcGetSystemInfo
                0x0000000000105e24       0x18 /opt/devkitpro/libctru/lib/libctru.a(svc.o)
                0x0000000000105e24                svcGetSystemInfo
 .text.svcConnectToPort
                0x0000000000105e3c       0x14 /opt/devkitpro/libctru/lib/libctru.a(svc.o)
                0x0000000000105e3c                svcConnectToPort
 .text.svcSendSyncRequest
                0x0000000000105e50        0x8 /opt/devkitpro/libctru/lib/libctru.a(svc.o)
                0x0000000000105e50                svcSendSyncRequest
 .text.svcBreak
                0x0000000000105e58        0x8 /opt/devkitpro/libctru/lib/libctru.a(svc.o)
                0x0000000000105e58                svcBreak
 .text.svcOutputDebugString
                0x0000000000105e60        0x8 /opt/devkitpro/libctru/lib/libctru.a(svc.o)
                0x0000000000105e60                svcOutputDebugString
 .text._ZL21addrMapNodeComparatorPK11rbtree_nodeS1_
                0x0000000000105e68       0x24 /opt/devkitpro/libctru/lib/libctru.a(vram.o)
 .text._ZL21addrMapNodeDestructorP11rbtree_node
                0x0000000000105e8c        0x4 /opt/devkitpro/libctru/lib/libctru.a(vram.o)
 .text.vramMemAlign
                0x0000000000105e90      0x130 /opt/devkitpro/libctru/lib/libctru.a(vram.o)
                0x0000000000105e90                vramMemAlign
 .text.vramAlloc
                0x0000000000105fc0        0x8 /opt/devkitpro/libctru/lib/libctru.a(vram.o)
                0x0000000000105fc0                vramAlloc
 .text.vramFree
                0x0000000000105fc8       0x50 /opt/devkitpro/libctru/lib/libctru.a(vram.o)
                0x0000000000105fc8                vramFree
 .text._ZL21addrMapNodeComparatorPK11rbtree_nodeS1_
                0x0000000000106018       0x24 /opt/devkitpro/libctru/lib/libctru.a(mappable.o)
 .text._ZL21addrMapNodeDestructorP11rbtree_node
                0x000000000010603c        0x4 /opt/devkitpro/libctru/lib/libctru.a(mappable.o)
 .text.mappableAlloc
                0x0000000000106040       0xf4 /opt/devkitpro/libctru/lib/libctru.a(mappable.o)
                0x0000000000106040                mappableAlloc
 .text.mappableFree
                0x0000000000106134       0x50 /opt/devkitpro/libctru/lib/libctru.a(mappable.o)
                0x0000000000106134                mappableFree
 .text.LightLock_Unlock.part.1
                0x0000000000106184       0x34 /opt/devkitpro/libctru/lib/libctru.a(synchronization.o)
 .text.__sync_init
                0x00000000001061b8        0xc /opt/devkitpro/libctru/lib/libctru.a(synchronization.o)
                0x00000000001061b8                __sync_init
 .text.__sync_fini
                0x00000000001061c4       0x18 /opt/devkitpro/libctru/lib/libctru.a(synchronization.o)
                0x00000000001061c4                __sync_fini
 .text.LightLock_Init
                0x00000000001061dc       0x18 /opt/devkitpro/libctru/lib/libctru.a(synchronization.o)
                0x00000000001061dc                LightLock_Init
 .text.LightLock_Lock
                0x00000000001061f4       0x94 /opt/devkitpro/libctru/lib/libctru.a(synchronization.o)
                0x00000000001061f4                LightLock_Lock
 .text.LightLock_TryLock
                0x0000000000106288       0x34 /opt/devkitpro/libctru/lib/libctru.a(synchronization.o)
                0x0000000000106288                LightLock_TryLock
 .text.LightLock_Unlock
                0x00000000001062bc       0x20 /opt/devkitpro/libctru/lib/libctru.a(synchronization.o)
                0x00000000001062bc                LightLock_Unlock
 .text.RecursiveLock_Init
                0x00000000001062dc       0x24 /opt/devkitpro/libctru/lib/libctru.a(synchronization.o)
                0x00000000001062dc                RecursiveLock_Init
 .text.RecursiveLock_Lock
                0x0000000000106300       0x30 /opt/devkitpro/libctru/lib/libctru.a(synchronization.o)
                0x0000000000106300                RecursiveLock_Lock
 .text.RecursiveLock_TryLock
                0x0000000000106330       0x58 /opt/devkitpro/libctru/lib/libctru.a(synchronization.o)
                0x0000000000106330                RecursiveLock_TryLock
 .text.RecursiveLock_Unlock
                0x0000000000106388       0x38 /opt/devkitpro/libctru/lib/libctru.a(synchronization.o)
                0x0000000000106388                RecursiveLock_Unlock
 .text.LightEvent_Init
                0x00000000001063c0       0x38 /opt/devkitpro/libctru/lib/libctru.a(synchronization.o)
                0x00000000001063c0                LightEvent_Init
 .text.LightEvent_Signal
                0x00000000001063f8       0xdc /opt/devkitpro/libctru/lib/libctru.a(synchronization.o)
                0x00000000001063f8                LightEvent_Signal
 .text.LightEvent_Wait
                0x00000000001064d4       0xc8 /opt/devkitpro/libctru/lib/libctru.a(synchronization.o)
                0x00000000001064d4                LightEvent_Wait
 .text.srvExit  0x000000000010659c       0x50 /opt/devkitpro/libctru/lib/libctru.a(srv.o)
                0x000000000010659c                srvExit
 .text.srvRegisterClient
                0x00000000001065ec       0x38 /opt/devkitpro/libctru/lib/libctru.a(srv.o)
                0x00000000001065ec                srvRegisterClient
 .text.srvInit  0x0000000000106624       0x70 /opt/devkitpro/libctru/lib/libctru.a(srv.o)
                0x0000000000106624                srvInit
 .text.srvGetServiceHandleDirect
                0x0000000000106694       0x68 /opt/devkitpro/libctru/lib/libctru.a(srv.o)
                0x0000000000106694                srvGetServiceHandleDirect
 .text.srvGetServiceHandle
                0x00000000001066fc       0x38 /opt/devkitpro/libctru/lib/libctru.a(srv.o)
                0x00000000001066fc                srvGetServiceHandle
 .text.threadCreate
                0x0000000000106734      0x1c8 /opt/devkitpro/libctru/lib/libctru.a(thread.o)
                0x0000000000106734                threadCreate
 .text.threadJoin
                0x00000000001068fc       0x24 /opt/devkitpro/libctru/lib/libctru.a(thread.o)
                0x00000000001068fc                threadJoin
 .text.threadExit
                0x0000000000106920       0x6c /opt/devkitpro/libctru/lib/libctru.a(thread.o)
                0x0000000000106920                threadExit
 .text._thread_begin
                0x000000000010698c       0x3c /opt/devkitpro/libctru/lib/libctru.a(thread.o)
 .text.irrstScanInput
                0x00000000001069c8       0xb0 /opt/devkitpro/libctru/lib/libctru.a(irrst.o)
                0x00000000001069c8                irrstScanInput
 .text.irrstKeysHeld
                0x0000000000106a78       0x1c /opt/devkitpro/libctru/lib/libctru.a(irrst.o)
                0x0000000000106a78                irrstKeysHeld
 .text.IRRST_GetHandles
                0x0000000000106a94       0x50 /opt/devkitpro/libctru/lib/libctru.a(irrst.o)
                0x0000000000106a94                IRRST_GetHandles
 .text.irrstInit
                0x0000000000106ae4      0x148 /opt/devkitpro/libctru/lib/libctru.a(irrst.o)
                0x0000000000106ae4                irrstInit
 .text.IRRST_Shutdown
                0x0000000000106c2c       0x2c /opt/devkitpro/libctru/lib/libctru.a(irrst.o)
                0x0000000000106c2c                IRRST_Shutdown
 .text.irrstExit
                0x0000000000106c58       0xb0 /opt/devkitpro/libctru/lib/libctru.a(irrst.o)
                0x0000000000106c58                irrstExit
 .text.rbtree_node_next
                0x0000000000106d08       0x8c /opt/devkitpro/libctru/lib/libctru.a(rbtree_iterator.o)
                0x0000000000106d08                rbtree_node_next
 .text.__appInit
                0x0000000000106d94       0x1c /opt/devkitpro/libctru/lib/libctru.a(appInit.o)
                0x0000000000106d94                __appInit
 .text.__appExit
                0x0000000000106db0       0x1c /opt/devkitpro/libctru/lib/libctru.a(appExit.o)
                0x0000000000106db0                __appExit
 .text.__libctru_exit
                0x0000000000106dcc       0xa4 /opt/devkitpro/libctru/lib/libctru.a(ctru_exit.o)
                0x0000000000106dcc                __libctru_exit
 .text.envGetHandle
                0x0000000000106e70       0x94 /opt/devkitpro/libctru/lib/libctru.a(env.o)
                0x0000000000106e70                envGetHandle
 .text.envDestroyHandles
                0x0000000000106f04       0x4c /opt/devkitpro/libctru/lib/libctru.a(env.o)
                0x0000000000106f04                envDestroyHandles
 .text.sdmc_link
                0x0000000000106f50       0x10 /opt/devkitpro/libctru/lib/libctru.a(sdmc_dev.o)
 .text.sdmc_dirreset
                0x0000000000106f60       0x10 /opt/devkitpro/libctru/lib/libctru.a(sdmc_dev.o)
 .text.sdmc_chmod
                0x0000000000106f70       0x10 /opt/devkitpro/libctru/lib/libctru.a(sdmc_dev.o)
 .text.sdmc_fchmod
                0x0000000000106f80       0x10 /opt/devkitpro/libctru/lib/libctru.a(sdmc_dev.o)
 .text.error_cmp
                0x0000000000106f90       0x24 /opt/devkitpro/libctru/lib/libctru.a(sdmc_dev.o)
 .text.sdmc_translate_error
                0x0000000000106fb4       0x50 /opt/devkitpro/libctru/lib/libctru.a(sdmc_dev.o)
 .text.sdmc_fsync
                0x0000000000107004       0x34 /opt/devkitpro/libctru/lib/libctru.a(sdmc_dev.o)
 .text.sdmc_ftruncate
                0x0000000000107038       0x54 /opt/devkitpro/libctru/lib/libctru.a(sdmc_dev.o)
 .text.sdmc_statvfs
                0x000000000010708c       0xac /opt/devkitpro/libctru/lib/libctru.a(sdmc_dev.o)
 .text.sdmc_dirclose
                0x0000000000107138       0x38 /opt/devkitpro/libctru/lib/libctru.a(sdmc_dev.o)
 .text.sdmc_dirnext
                0x0000000000107170      0x13c /opt/devkitpro/libctru/lib/libctru.a(sdmc_dev.o)
 .text.sdmc_close
                0x00000000001072ac       0x34 /opt/devkitpro/libctru/lib/libctru.a(sdmc_dev.o)
 .text.sdmc_fstat
                0x00000000001072e0       0x74 /opt/devkitpro/libctru/lib/libctru.a(sdmc_dev.o)
 .text.sdmc_seek
                0x0000000000107354       0xc0 /opt/devkitpro/libctru/lib/libctru.a(sdmc_dev.o)
 .text.sdmc_read
                0x0000000000107414       0x8c /opt/devkitpro/libctru/lib/libctru.a(sdmc_dev.o)
 .text.sdmc_write_safe
                0x00000000001074a0      0x110 /opt/devkitpro/libctru/lib/libctru.a(sdmc_dev.o)
 .text.sdmc_utf16path
                0x00000000001075b0      0x1b4 /opt/devkitpro/libctru/lib/libctru.a(sdmc_dev.o)
 .text.sdmc_rmdir
                0x0000000000107764       0x74 /opt/devkitpro/libctru/lib/libctru.a(sdmc_dev.o)
 .text.sdmc_diropen
                0x00000000001077d8       0xa8 /opt/devkitpro/libctru/lib/libctru.a(sdmc_dev.o)
 .text.sdmc_chdir
                0x0000000000107880       0xa0 /opt/devkitpro/libctru/lib/libctru.a(sdmc_dev.o)
 .text.sdmc_mkdir
                0x0000000000107920       0x98 /opt/devkitpro/libctru/lib/libctru.a(sdmc_dev.o)
 .text.sdmc_rename
                0x00000000001079b8      0x108 /opt/devkitpro/libctru/lib/libctru.a(sdmc_dev.o)
 .text.sdmc_unlink
                0x0000000000107ac0       0x74 /opt/devkitpro/libctru/lib/libctru.a(sdmc_dev.o)
 .text.sdmc_stat
                0x0000000000107b34      0x108 /opt/devkitpro/libctru/lib/libctru.a(sdmc_dev.o)
 .text.sdmc_open
                0x0000000000107c3c      0x188 /opt/devkitpro/libctru/lib/libctru.a(sdmc_dev.o)
 .text.sdmcInit
                0x0000000000107dc4      0x15c /opt/devkitpro/libctru/lib/libctru.a(sdmc_dev.o)
                0x0000000000107dc4                sdmcInit
 .text.sdmcExit
                0x0000000000107f20       0x54 /opt/devkitpro/libctru/lib/libctru.a(sdmc_dev.o)
                0x0000000000107f20                sdmcExit
 .text.fsSessionForArchive.part.0
                0x0000000000107f74       0x28 /opt/devkitpro/libctru/lib/libctru.a(fs.o)
 .text.fsInit   0x0000000000107f9c       0xcc /opt/devkitpro/libctru/lib/libctru.a(fs.o)
                0x0000000000107f9c                fsInit
 .text.fsExit   0x0000000000108068       0x38 /opt/devkitpro/libctru/lib/libctru.a(fs.o)
                0x0000000000108068                fsExit
 .text.fsExemptFromSession
                0x00000000001080a0       0x74 /opt/devkitpro/libctru/lib/libctru.a(fs.o)
                0x00000000001080a0                fsExemptFromSession
 .text.fsUnexemptFromSession
                0x0000000000108114       0x54 /opt/devkitpro/libctru/lib/libctru.a(fs.o)
                0x0000000000108114                fsUnexemptFromSession
 .text.FSUSER_OpenFile
                0x0000000000108168       0xbc /opt/devkitpro/libctru/lib/libctru.a(fs.o)
                0x0000000000108168                FSUSER_OpenFile
 .text.FSUSER_DeleteFile
                0x0000000000108224       0xa4 /opt/devkitpro/libctru/lib/libctru.a(fs.o)
                0x0000000000108224                FSUSER_DeleteFile
 .text.FSUSER_RenameFile
                0x00000000001082c8       0xe0 /opt/devkitpro/libctru/lib/libctru.a(fs.o)
                0x00000000001082c8                FSUSER_RenameFile
 .text.FSUSER_DeleteDirectory
                0x00000000001083a8       0xa4 /opt/devkitpro/libctru/lib/libctru.a(fs.o)
                0x00000000001083a8                FSUSER_DeleteDirectory
 .text.FSUSER_CreateFile
                0x000000000010844c       0xbc /opt/devkitpro/libctru/lib/libctru.a(fs.o)
                0x000000000010844c                FSUSER_CreateFile
 .text.FSUSER_CreateDirectory
                0x0000000000108508       0xac /opt/devkitpro/libctru/lib/libctru.a(fs.o)
                0x0000000000108508                FSUSER_CreateDirectory
 .text.FSUSER_RenameDirectory
                0x00000000001085b4       0xe0 /opt/devkitpro/libctru/lib/libctru.a(fs.o)
                0x00000000001085b4                FSUSER_RenameDirectory
 .text.FSUSER_OpenDirectory
                0x0000000000108694       0xa4 /opt/devkitpro/libctru/lib/libctru.a(fs.o)
                0x0000000000108694                FSUSER_OpenDirectory
 .text.FSUSER_OpenArchive
                0x0000000000108738       0x9c /opt/devkitpro/libctru/lib/libctru.a(fs.o)
                0x0000000000108738                FSUSER_OpenArchive
 .text.FSUSER_CloseArchive
                0x00000000001087d4       0x74 /opt/devkitpro/libctru/lib/libctru.a(fs.o)
                0x00000000001087d4                FSUSER_CloseArchive
 .text.FSUSER_GetSdmcArchiveResource
                0x0000000000108848       0x78 /opt/devkitpro/libctru/lib/libctru.a(fs.o)
                0x0000000000108848                FSUSER_GetSdmcArchiveResource
 .text.FSUSER_IsSdmcWritable
                0x00000000001088c0       0x64 /opt/devkitpro/libctru/lib/libctru.a(fs.o)
                0x00000000001088c0                FSUSER_IsSdmcWritable
 .text.FSFILE_Read
                0x0000000000108924       0x5c /opt/devkitpro/libctru/lib/libctru.a(fs.o)
                0x0000000000108924                FSFILE_Read
 .text.FSFILE_Write
                0x0000000000108980       0x64 /opt/devkitpro/libctru/lib/libctru.a(fs.o)
                0x0000000000108980                FSFILE_Write
 .text.FSFILE_GetSize
                0x00000000001089e4       0x3c /opt/devkitpro/libctru/lib/libctru.a(fs.o)
                0x00000000001089e4                FSFILE_GetSize
 .text.FSFILE_SetSize
                0x0000000000108a20       0x2c /opt/devkitpro/libctru/lib/libctru.a(fs.o)
                0x0000000000108a20                FSFILE_SetSize
 .text.FSFILE_Close
                0x0000000000108a4c       0x3c /opt/devkitpro/libctru/lib/libctru.a(fs.o)
                0x0000000000108a4c                FSFILE_Close
 .text.FSFILE_Flush
                0x0000000000108a88       0x24 /opt/devkitpro/libctru/lib/libctru.a(fs.o)
                0x0000000000108a88                FSFILE_Flush
 .text.FSDIR_Read
                0x0000000000108aac       0x54 /opt/devkitpro/libctru/lib/libctru.a(fs.o)
                0x0000000000108aac                FSDIR_Read
 .text.FSDIR_Close
                0x0000000000108b00       0x3c /opt/devkitpro/libctru/lib/libctru.a(fs.o)
                0x0000000000108b00                FSDIR_Close
 .text.utf8_to_utf16
                0x0000000000108b3c       0xbc /opt/devkitpro/libctru/lib/libctru.a(utf8_to_utf16.o)
                0x0000000000108b3c                utf8_to_utf16
 .text.decode_utf8
                0x0000000000108bf8      0x138 /opt/devkitpro/libctru/lib/libctru.a(decode_utf8.o)
                0x0000000000108bf8                decode_utf8
 .text.utf16_to_utf8
                0x0000000000108d30       0xe4 /opt/devkitpro/libctru/lib/libctru.a(utf16_to_utf8.o)
                0x0000000000108d30                utf16_to_utf8
 .text.__aeabi_read_tp
                0x0000000000108e14        0xc /opt/devkitpro/libctru/lib/libctru.a(readtp.o)
                0x0000000000108e14                __aeabi_read_tp
 .text.encode_utf16
                0x0000000000108e20       0x68 /opt/devkitpro/libctru/lib/libctru.a(encode_utf16.o)
                0x0000000000108e20                encode_utf16
 .text.encode_utf8
                0x0000000000108e88      0x104 /opt/devkitpro/libctru/lib/libctru.a(encode_utf8.o)
                0x0000000000108e88                encode_utf8
 .text.decode_utf16
                0x0000000000108f8c       0x60 /opt/devkitpro/libctru/lib/libctru.a(decode_utf16.o)
                0x0000000000108f8c                decode_utf16
 .text.bsearch  0x0000000000108fec       0x78 /opt/devkitpro/devkitARM/lib/gcc/arm-none-eabi/5.3.0/../../../../arm-none-eabi/lib/armv6k/fpu/libg.a(lib_a-bsearch.o)
                0x0000000000108fec                bsearch
 .text.__errno  0x0000000000109064        0xc /opt/devkitpro/devkitARM/lib/gcc/arm-none-eabi/5.3.0/../../../../arm-none-eabi/lib/armv6k/fpu/libg.a(lib_a-errno.o)
                0x0000000000109064                __errno
 .text.__libc_fini_array
                0x0000000000109070       0x3c /opt/devkitpro/devkitARM/lib/gcc/arm-none-eabi/5.3.0/../../../../arm-none-eabi/lib/armv6k/fpu/libg.a(lib_a-fini.o)
                0x0000000000109070                __libc_fini_array
 .text.__libc_init_array
                0x00000000001090ac       0x78 /opt/devkitpro/devkitARM/lib/gcc/arm-none-eabi/5.3.0/../../../../arm-none-eabi/lib/armv6k/fpu/libg.a(lib_a-init.o)
                0x00000000001090ac                __libc_init_array
 .text.memalign
                0x0000000000109124       0x20 /opt/devkitpro/devkitARM/lib/gcc/arm-none-eabi/5.3.0/../../../../arm-none-eabi/lib/armv6k/fpu/libg.a(lib_a-malign.o)
                0x0000000000109124                memalign
 .text._memalign_r
                0x0000000000109144      0x15c /opt/devkitpro/devkitARM/lib/gcc/arm-none-eabi/5.3.0/../../../../arm-none-eabi/lib/armv6k/fpu/libg.a(lib_a-malignr.o)
                0x0000000000109144                _memalign_r
 .text.malloc   0x00000000001092a0       0x18 /opt/devkitpro/devkitARM/lib/gcc/arm-none-eabi/5.3.0/../../../../arm-none-eabi/lib/armv6k/fpu/libg.a(lib_a-malloc.o)
                0x00000000001092a0                malloc
 .text.free     0x00000000001092b8       0x18 /opt/devkitpro/devkitARM/lib/gcc/arm-none-eabi/5.3.0/../../../../arm-none-eabi/lib/armv6k/fpu/libg.a(lib_a-malloc.o)
                0x00000000001092b8                free
 .text._malloc_r
                0x00000000001092d0      0x7a8 /opt/devkitpro/devkitARM/lib/gcc/arm-none-eabi/5.3.0/../../../../arm-none-eabi/lib/armv6k/fpu/libg.a(lib_a-mallocr.o)
                0x00000000001092d0                _malloc_r
 .text.memcpy   0x0000000000109a78       0xf0 /opt/devkitpro/devkitARM/lib/gcc/arm-none-eabi/5.3.0/../../../../arm-none-eabi/lib/armv6k/fpu/libg.a(lib_a-memcpy.o)
                0x0000000000109a78                memcpy
 .text.memset   0x0000000000109b68       0xf4 /opt/devkitpro/devkitARM/lib/gcc/arm-none-eabi/5.3.0/../../../../arm-none-eabi/lib/armv6k/fpu/libg.a(lib_a-memset.o)
                0x0000000000109b68                memset
 .text.__malloc_lock
                0x0000000000109c5c        0xc /opt/devkitpro/devkitARM/lib/gcc/arm-none-eabi/5.3.0/../../../../arm-none-eabi/lib/armv6k/fpu/libg.a(lib_a-mlock.o)
                0x0000000000109c5c                __malloc_lock
 .text.__malloc_unlock
                0x0000000000109c68        0xc /opt/devkitpro/devkitARM/lib/gcc/arm-none-eabi/5.3.0/../../../../arm-none-eabi/lib/armv6k/fpu/libg.a(lib_a-mlock.o)
                0x0000000000109c68                __malloc_unlock
 .text.printf   0x0000000000109c74       0x38 /opt/devkitpro/devkitARM/lib/gcc/arm-none-eabi/5.3.0/../../../../arm-none-eabi/lib/armv6k/fpu/libg.a(lib_a-printf.o)
                0x0000000000109c74                printf
 .text.setvbuf  0x0000000000109cac      0x1fc /opt/devkitpro/devkitARM/lib/gcc/arm-none-eabi/5.3.0/../../../../arm-none-eabi/lib/armv6k/fpu/libg.a(lib_a-setvbuf.o)
                0x0000000000109cac                setvbuf
 .text.sscanf   0x0000000000109ea8       0x74 /opt/devkitpro/devkitARM/lib/gcc/arm-none-eabi/5.3.0/../../../../arm-none-eabi/lib/armv6k/fpu/libg.a(lib_a-sscanf.o)
                0x0000000000109ea8                sscanf
 .text.__sread  0x0000000000109f1c       0x30 /opt/devkitpro/devkitARM/lib/gcc/arm-none-eabi/5.3.0/../../../../arm-none-eabi/lib/armv6k/fpu/libg.a(lib_a-stdio.o)
                0x0000000000109f1c                __sread
 .text.__seofread
                0x0000000000109f4c        0x8 /opt/devkitpro/devkitARM/lib/gcc/arm-none-eabi/5.3.0/../../../../arm-none-eabi/lib/armv6k/fpu/libg.a(lib_a-stdio.o)
                0x0000000000109f4c                __seofread
 .text.__swrite
                0x0000000000109f54       0x54 /opt/devkitpro/devkitARM/lib/gcc/arm-none-eabi/5.3.0/../../../../arm-none-eabi/lib/armv6k/fpu/libg.a(lib_a-stdio.o)
                0x0000000000109f54                __swrite
 .text.__sseek  0x0000000000109fa8       0x2c /opt/devkitpro/devkitARM/lib/gcc/arm-none-eabi/5.3.0/../../../../arm-none-eabi/lib/armv6k/fpu/libg.a(lib_a-stdio.o)
                0x0000000000109fa8                __sseek
 .text.__sclose
                0x0000000000109fd4        0x8 /opt/devkitpro/devkitARM/lib/gcc/arm-none-eabi/5.3.0/../../../../arm-none-eabi/lib/armv6k/fpu/libg.a(lib_a-stdio.o)
                0x0000000000109fd4                __sclose
 .text.strchr   0x0000000000109fdc      0x15c /opt/devkitpro/devkitARM/lib/gcc/arm-none-eabi/5.3.0/../../../../arm-none-eabi/lib/armv6k/fpu/libg.a(lib_a-strchr.o)
                0x0000000000109fdc                strchr
 .text.strlen   0x000000000010a138       0x5c /opt/devkitpro/devkitARM/lib/gcc/arm-none-eabi/5.3.0/../../../../arm-none-eabi/lib/armv6k/fpu/libg.a(lib_a-strlen.o)
                0x000000000010a138                strlen
 .text.strncat  0x000000000010a194       0xa4 /opt/devkitpro/devkitARM/lib/gcc/arm-none-eabi/5.3.0/../../../../arm-none-eabi/lib/armv6k/fpu/libg.a(lib_a-strncat.o)
                0x000000000010a194                strncat
 .text.strncpy  0x000000000010a238       0xe0 /opt/devkitpro/devkitARM/lib/gcc/arm-none-eabi/5.3.0/../../../../arm-none-eabi/lib/armv6k/fpu/libg.a(lib_a-strncpy.o)
                0x000000000010a238                strncpy
 .text.__ssvfscanf_r
                0x000000000010a318     0x2c20 /opt/devkitpro/devkitARM/lib/gcc/arm-none-eabi/5.3.0/../../../../arm-none-eabi/lib/armv6k/fpu/libg.a(lib_a-svfscanf.o)
                0x000000000010a318                __ssvfscanf_r
 .text.__sprint_r.part.0
                0x000000000010cf38       0xa4 /opt/devkitpro/devkitARM/lib/gcc/arm-none-eabi/5.3.0/../../../../arm-none-eabi/lib/armv6k/fpu/libg.a(lib_a-vfiprintf.o)
 .text.__sprint_r
                0x000000000010cfdc       0x1c /opt/devkitpro/devkitARM/lib/gcc/arm-none-eabi/5.3.0/../../../../arm-none-eabi/lib/armv6k/fpu/libg.a(lib_a-vfiprintf.o)
                0x000000000010cfdc                __sprint_r
 .text.get_arg  0x000000000010cff8     0x161c /opt/devkitpro/devkitARM/lib/gcc/arm-none-eabi/5.3.0/../../../../arm-none-eabi/lib/armv6k/fpu/libg.a(lib_a-vfprintf.o)
 *fill*         0x000000000010e614        0x4 
 .text._vfprintf_r
                0x000000000010e618     0x4878 /opt/devkitpro/devkitARM/lib/gcc/arm-none-eabi/5.3.0/../../../../arm-none-eabi/lib/armv6k/fpu/libg.a(lib_a-vfprintf.o)
                0x000000000010e618                _vfprintf_r
 .text.__sbprintf
                0x0000000000112e90       0xcc /opt/devkitpro/devkitARM/lib/gcc/arm-none-eabi/5.3.0/../../../../arm-none-eabi/lib/armv6k/fpu/libg.a(lib_a-vfprintf.o)
 .text.__swbuf_r
                0x0000000000112f5c      0x124 /opt/devkitpro/devkitARM/lib/gcc/arm-none-eabi/5.3.0/../../../../arm-none-eabi/lib/armv6k/fpu/libg.a(lib_a-wbuf.o)
                0x0000000000112f5c                __swbuf_r
 .text._wcrtomb_r
                0x0000000000113080       0x8c /opt/devkitpro/devkitARM/lib/gcc/arm-none-eabi/5.3.0/../../../../arm-none-eabi/lib/armv6k/fpu/libg.a(lib_a-wcrtomb.o)
                0x0000000000113080                _wcrtomb_r
 .text._wcsrtombs_r
                0x000000000011310c       0x20 /opt/devkitpro/devkitARM/lib/gcc/arm-none-eabi/5.3.0/../../../../arm-none-eabi/lib/armv6k/fpu/libg.a(lib_a-wcsrtombs.o)
                0x000000000011310c                _wcsrtombs_r
 .text.__utf8_wctomb
                0x000000000011312c      0x114 /opt/devkitpro/devkitARM/lib/gcc/arm-none-eabi/5.3.0/../../../../arm-none-eabi/lib/armv6k/fpu/libg.a(lib_a-wctomb_r.o)
                0x000000000011312c                __utf8_wctomb
 .text.__swsetup_r
                0x0000000000113240      0x148 /opt/devkitpro/devkitARM/lib/gcc/arm-none-eabi/5.3.0/../../../../arm-none-eabi/lib/armv6k/fpu/libg.a(lib_a-wsetup.o)
                0x0000000000113240                __swsetup_r
 .text.quorem   0x0000000000113388      0x1bc /opt/devkitpro/devkitARM/lib/gcc/arm-none-eabi/5.3.0/../../../../arm-none-eabi/lib/armv6k/fpu/libg.a(lib_a-dtoa.o)
 *fill*         0x0000000000113544        0x4 
 .text._dtoa_r  0x0000000000113548     0x12c8 /opt/devkitpro/devkitARM/lib/gcc/arm-none-eabi/5.3.0/../../../../arm-none-eabi/lib/armv6k/fpu/libg.a(lib_a-dtoa.o)
                0x0000000000113548                _dtoa_r
 .text.__sflush_r
                0x0000000000114810      0x230 /opt/devkitpro/devkitARM/lib/gcc/arm-none-eabi/5.3.0/../../../../arm-none-eabi/lib/armv6k/fpu/libg.a(lib_a-fflush.o)
                0x0000000000114810                __sflush_r
 .text._fflush_r
                0x0000000000114a40       0x90 /opt/devkitpro/devkitARM/lib/gcc/arm-none-eabi/5.3.0/../../../../arm-none-eabi/lib/armv6k/fpu/libg.a(lib_a-fflush.o)
                0x0000000000114a40                _fflush_r
 .text._cleanup_r
                0x0000000000114ad0        0xc /opt/devkitpro/devkitARM/lib/gcc/arm-none-eabi/5.3.0/../../../../arm-none-eabi/lib/armv6k/fpu/libg.a(lib_a-findfp.o)
                0x0000000000114ad0                _cleanup_r
 .text.std.isra.0
                0x0000000000114adc       0x80 /opt/devkitpro/devkitARM/lib/gcc/arm-none-eabi/5.3.0/../../../../arm-none-eabi/lib/armv6k/fpu/libg.a(lib_a-findfp.o)
 .text.__sinit  0x0000000000114b5c       0x8c /opt/devkitpro/devkitARM/lib/gcc/arm-none-eabi/5.3.0/../../../../arm-none-eabi/lib/armv6k/fpu/libg.a(lib_a-findfp.o)
                0x0000000000114b5c                __sinit
 .text.__sfp_lock_acquire
                0x0000000000114be8        0xc /opt/devkitpro/devkitARM/lib/gcc/arm-none-eabi/5.3.0/../../../../arm-none-eabi/lib/armv6k/fpu/libg.a(lib_a-findfp.o)
                0x0000000000114be8                __sfp_lock_acquire
 .text.__sfp_lock_release
                0x0000000000114bf4        0xc /opt/devkitpro/devkitARM/lib/gcc/arm-none-eabi/5.3.0/../../../../arm-none-eabi/lib/armv6k/fpu/libg.a(lib_a-findfp.o)
                0x0000000000114bf4                __sfp_lock_release
 .text.__fputwc
                0x0000000000114c00      0x124 /opt/devkitpro/devkitARM/lib/gcc/arm-none-eabi/5.3.0/../../../../arm-none-eabi/lib/armv6k/fpu/libg.a(lib_a-fputwc.o)
                0x0000000000114c00                __fputwc
 .text._fputwc_r
                0x0000000000114d24       0xa8 /opt/devkitpro/devkitARM/lib/gcc/arm-none-eabi/5.3.0/../../../../arm-none-eabi/lib/armv6k/fpu/libg.a(lib_a-fputwc.o)
                0x0000000000114d24                _fputwc_r
 .text._malloc_trim_r
                0x0000000000114dcc       0xf8 /opt/devkitpro/devkitARM/lib/gcc/arm-none-eabi/5.3.0/../../../../arm-none-eabi/lib/armv6k/fpu/libg.a(lib_a-freer.o)
                0x0000000000114dcc                _malloc_trim_r
 .text._free_r  0x0000000000114ec4      0x2e4 /opt/devkitpro/devkitARM/lib/gcc/arm-none-eabi/5.3.0/../../../../arm-none-eabi/lib/armv6k/fpu/libg.a(lib_a-freer.o)
                0x0000000000114ec4                _free_r
 .text.__sfvwrite_r
                0x00000000001151a8      0x4a4 /opt/devkitpro/devkitARM/lib/gcc/arm-none-eabi/5.3.0/../../../../arm-none-eabi/lib/armv6k/fpu/libg.a(lib_a-fvwrite.o)
                0x00000000001151a8                __sfvwrite_r
 .text._fwalk_reent
                0x000000000011564c       0x80 /opt/devkitpro/devkitARM/lib/gcc/arm-none-eabi/5.3.0/../../../../arm-none-eabi/lib/armv6k/fpu/libg.a(lib_a-fwalk.o)
                0x000000000011564c                _fwalk_reent
 .text.iswspace
                0x00000000001156cc       0x74 /opt/devkitpro/devkitARM/lib/gcc/arm-none-eabi/5.3.0/../../../../arm-none-eabi/lib/armv6k/fpu/libg.a(lib_a-iswspace.o)
                0x00000000001156cc                iswspace
 .text.__jp2uc  0x0000000000115740      0x204 /opt/devkitpro/devkitARM/lib/gcc/arm-none-eabi/5.3.0/../../../../arm-none-eabi/lib/armv6k/fpu/libg.a(lib_a-jp2uc.o)
 .text._jp2uc   0x0000000000115944       0x84 /opt/devkitpro/devkitARM/lib/gcc/arm-none-eabi/5.3.0/../../../../arm-none-eabi/lib/armv6k/fpu/libg.a(lib_a-jp2uc.o)
                0x0000000000115944                _jp2uc
 .text.__locale_charset
                0x00000000001159c8        0xc /opt/devkitpro/devkitARM/lib/gcc/arm-none-eabi/5.3.0/../../../../arm-none-eabi/lib/armv6k/fpu/libg.a(lib_a-locale.o)
                0x00000000001159c8                __locale_charset
 .text.__locale_mb_cur_max
                0x00000000001159d4       0x10 /opt/devkitpro/devkitARM/lib/gcc/arm-none-eabi/5.3.0/../../../../arm-none-eabi/lib/armv6k/fpu/libg.a(lib_a-locale.o)
                0x00000000001159d4                __locale_mb_cur_max
 .text._localeconv_r
                0x00000000001159e4        0xc /opt/devkitpro/devkitARM/lib/gcc/arm-none-eabi/5.3.0/../../../../arm-none-eabi/lib/armv6k/fpu/libg.a(lib_a-locale.o)
                0x00000000001159e4                _localeconv_r
 .text.__smakebuf_r
                0x00000000001159f0      0x160 /opt/devkitpro/devkitARM/lib/gcc/arm-none-eabi/5.3.0/../../../../arm-none-eabi/lib/armv6k/fpu/libg.a(lib_a-makebuf.o)
                0x00000000001159f0                __smakebuf_r
 .text._mbrtowc_r
                0x0000000000115b50       0x98 /opt/devkitpro/devkitARM/lib/gcc/arm-none-eabi/5.3.0/../../../../arm-none-eabi/lib/armv6k/fpu/libg.a(lib_a-mbrtowc.o)
                0x0000000000115b50                _mbrtowc_r
 .text.__utf8_mbtowc
                0x0000000000115be8      0x2fc /opt/devkitpro/devkitARM/lib/gcc/arm-none-eabi/5.3.0/../../../../arm-none-eabi/lib/armv6k/fpu/libg.a(lib_a-mbtowc_r.o)
                0x0000000000115be8                __utf8_mbtowc
 .text.memchr   0x0000000000115ee4      0x100 /opt/devkitpro/devkitARM/lib/gcc/arm-none-eabi/5.3.0/../../../../arm-none-eabi/lib/armv6k/fpu/libg.a(lib_a-memchr.o)
                0x0000000000115ee4                memchr
 .text.memmove  0x0000000000115fe4      0x128 /opt/devkitpro/devkitARM/lib/gcc/arm-none-eabi/5.3.0/../../../../arm-none-eabi/lib/armv6k/fpu/libg.a(lib_a-memmove.o)
                0x0000000000115fe4                memmove
 .text._Balloc  0x000000000011610c       0x8c /opt/devkitpro/devkitARM/lib/gcc/arm-none-eabi/5.3.0/../../../../arm-none-eabi/lib/armv6k/fpu/libg.a(lib_a-mprec.o)
                0x000000000011610c                _Balloc
 .text._Bfree   0x0000000000116198       0x1c /opt/devkitpro/devkitARM/lib/gcc/arm-none-eabi/5.3.0/../../../../arm-none-eabi/lib/armv6k/fpu/libg.a(lib_a-mprec.o)
                0x0000000000116198                _Bfree
 .text.__multadd
                0x00000000001161b4       0xd0 /opt/devkitpro/devkitARM/lib/gcc/arm-none-eabi/5.3.0/../../../../arm-none-eabi/lib/armv6k/fpu/libg.a(lib_a-mprec.o)
                0x00000000001161b4                __multadd
 .text.__s2b    0x0000000000116284       0xe4 /opt/devkitpro/devkitARM/lib/gcc/arm-none-eabi/5.3.0/../../../../arm-none-eabi/lib/armv6k/fpu/libg.a(lib_a-mprec.o)
                0x0000000000116284                __s2b
 .text.__hi0bits
                0x0000000000116368       0x5c /opt/devkitpro/devkitARM/lib/gcc/arm-none-eabi/5.3.0/../../../../arm-none-eabi/lib/armv6k/fpu/libg.a(lib_a-mprec.o)
                0x0000000000116368                __hi0bits
 .text.__lo0bits
                0x00000000001163c4       0x98 /opt/devkitpro/devkitARM/lib/gcc/arm-none-eabi/5.3.0/../../../../arm-none-eabi/lib/armv6k/fpu/libg.a(lib_a-mprec.o)
                0x00000000001163c4                __lo0bits
 .text.__i2b    0x000000000011645c       0x20 /opt/devkitpro/devkitARM/lib/gcc/arm-none-eabi/5.3.0/../../../../arm-none-eabi/lib/armv6k/fpu/libg.a(lib_a-mprec.o)
                0x000000000011645c                __i2b
 .text.__multiply
                0x000000000011647c      0x1dc /opt/devkitpro/devkitARM/lib/gcc/arm-none-eabi/5.3.0/../../../../arm-none-eabi/lib/armv6k/fpu/libg.a(lib_a-mprec.o)
                0x000000000011647c                __multiply
 .text.__pow5mult
                0x0000000000116658      0x100 /opt/devkitpro/devkitARM/lib/gcc/arm-none-eabi/5.3.0/../../../../arm-none-eabi/lib/armv6k/fpu/libg.a(lib_a-mprec.o)
                0x0000000000116658                __pow5mult
 .text.__lshift
                0x0000000000116758       0xf0 /opt/devkitpro/devkitARM/lib/gcc/arm-none-eabi/5.3.0/../../../../arm-none-eabi/lib/armv6k/fpu/libg.a(lib_a-mprec.o)
                0x0000000000116758                __lshift
 .text.__mcmp   0x0000000000116848       0x64 /opt/devkitpro/devkitARM/lib/gcc/arm-none-eabi/5.3.0/../../../../arm-none-eabi/lib/armv6k/fpu/libg.a(lib_a-mprec.o)
                0x0000000000116848                __mcmp
 .text.__mdiff  0x00000000001168ac      0x198 /opt/devkitpro/devkitARM/lib/gcc/arm-none-eabi/5.3.0/../../../../arm-none-eabi/lib/armv6k/fpu/libg.a(lib_a-mprec.o)
                0x00000000001168ac                __mdiff
 .text.__ulp    0x0000000000116a44       0x78 /opt/devkitpro/devkitARM/lib/gcc/arm-none-eabi/5.3.0/../../../../arm-none-eabi/lib/armv6k/fpu/libg.a(lib_a-mprec.o)
                0x0000000000116a44                __ulp
 .text.__b2d    0x0000000000116abc       0xd4 /opt/devkitpro/devkitARM/lib/gcc/arm-none-eabi/5.3.0/../../../../arm-none-eabi/lib/armv6k/fpu/libg.a(lib_a-mprec.o)
                0x0000000000116abc                __b2d
 .text.__d2b    0x0000000000116b90      0x104 /opt/devkitpro/devkitARM/lib/gcc/arm-none-eabi/5.3.0/../../../../arm-none-eabi/lib/armv6k/fpu/libg.a(lib_a-mprec.o)
                0x0000000000116b90                __d2b
 .text.__ratio  0x0000000000116c94       0x78 /opt/devkitpro/devkitARM/lib/gcc/arm-none-eabi/5.3.0/../../../../arm-none-eabi/lib/armv6k/fpu/libg.a(lib_a-mprec.o)
                0x0000000000116c94                __ratio
 .text.__copybits
                0x0000000000116d0c       0x6c /opt/devkitpro/devkitARM/lib/gcc/arm-none-eabi/5.3.0/../../../../arm-none-eabi/lib/armv6k/fpu/libg.a(lib_a-mprec.o)
                0x0000000000116d0c                __copybits
 .text.__any_on
                0x0000000000116d78       0x80 /opt/devkitpro/devkitARM/lib/gcc/arm-none-eabi/5.3.0/../../../../arm-none-eabi/lib/armv6k/fpu/libg.a(lib_a-mprec.o)
                0x0000000000116d78                __any_on
 .text._realloc_r
                0x0000000000116df8      0x4c0 /opt/devkitpro/devkitARM/lib/gcc/arm-none-eabi/5.3.0/../../../../arm-none-eabi/lib/armv6k/fpu/libg.a(lib_a-reallocr.o)
                0x0000000000116df8                _realloc_r
 .text.__sccl   0x00000000001172b8       0xd0 /opt/devkitpro/devkitARM/lib/gcc/arm-none-eabi/5.3.0/../../../../arm-none-eabi/lib/armv6k/fpu/libg.a(lib_a-sccl.o)
                0x00000000001172b8                __sccl
 .text.nanf     0x0000000000117388        0xc /opt/devkitpro/devkitARM/lib/gcc/arm-none-eabi/5.3.0/../../../../arm-none-eabi/lib/armv6k/fpu/libg.a(lib_a-sf_nan.o)
                0x0000000000117388                nanf
 .text.__fpclassifyd
                0x0000000000117394       0x74 /opt/devkitpro/devkitARM/lib/gcc/arm-none-eabi/5.3.0/../../../../arm-none-eabi/lib/armv6k/fpu/libg.a(lib_a-s_fpclassify.o)
                0x0000000000117394                __fpclassifyd
 .text.frexp    0x0000000000117408       0x98 /opt/devkitpro/devkitARM/lib/gcc/arm-none-eabi/5.3.0/../../../../arm-none-eabi/lib/armv6k/fpu/libg.a(lib_a-s_frexp.o)
                0x0000000000117408                frexp
 .text.sprintf  0x00000000001174a0       0x68 /opt/devkitpro/devkitARM/lib/gcc/arm-none-eabi/5.3.0/../../../../arm-none-eabi/lib/armv6k/fpu/libg.a(lib_a-sprintf.o)
                0x00000000001174a0                sprintf
 .text.stpncpy  0x0000000000117508      0x108 /opt/devkitpro/devkitARM/lib/gcc/arm-none-eabi/5.3.0/../../../../arm-none-eabi/lib/armv6k/fpu/libg.a(lib_a-stpncpy.o)
                0x0000000000117508                stpncpy
 .text.strncmp  0x0000000000117610      0x11c /opt/devkitpro/devkitARM/lib/gcc/arm-none-eabi/5.3.0/../../../../arm-none-eabi/lib/armv6k/fpu/libg.a(lib_a-strncmp.o)
                0x0000000000117610                strncmp
 .text.unlikely.sulp
                0x000000000011772c       0x58 /opt/devkitpro/devkitARM/lib/gcc/arm-none-eabi/5.3.0/../../../../arm-none-eabi/lib/armv6k/fpu/libg.a(lib_a-strtod.o)
 *fill*         0x0000000000117784        0x4 
 .text._strtod_r
                0x0000000000117788     0x1450 /opt/devkitpro/devkitARM/lib/gcc/arm-none-eabi/5.3.0/../../../../arm-none-eabi/lib/armv6k/fpu/libg.a(lib_a-strtod.o)
                0x0000000000117788                _strtod_r
 .text._strtoll_r
                0x0000000000118bd8      0x25c /opt/devkitpro/devkitARM/lib/gcc/arm-none-eabi/5.3.0/../../../../arm-none-eabi/lib/armv6k/fpu/libg.a(lib_a-strtoll_r.o)
                0x0000000000118bd8                _strtoll_r
 .text._strtol_r
                0x0000000000118e34      0x1d4 /opt/devkitpro/devkitARM/lib/gcc/arm-none-eabi/5.3.0/../../../../arm-none-eabi/lib/armv6k/fpu/libg.a(lib_a-strtol.o)
                0x0000000000118e34                _strtol_r
 .text._strtoull_r
                0x0000000000119008      0x268 /opt/devkitpro/devkitARM/lib/gcc/arm-none-eabi/5.3.0/../../../../arm-none-eabi/lib/armv6k/fpu/libg.a(lib_a-strtoull_r.o)
                0x0000000000119008                _strtoull_r
 .text._strtoul_r
                0x0000000000119270      0x1d4 /opt/devkitpro/devkitARM/lib/gcc/arm-none-eabi/5.3.0/../../../../arm-none-eabi/lib/armv6k/fpu/libg.a(lib_a-strtoul.o)
                0x0000000000119270                _strtoul_r
 .text.__ssprint_r
                0x0000000000119444      0x1a8 /opt/devkitpro/devkitARM/lib/gcc/arm-none-eabi/5.3.0/../../../../arm-none-eabi/lib/armv6k/fpu/libg.a(lib_a-svfiprintf.o)
                0x0000000000119444                __ssprint_r
 .text._sungetc_r
                0x00000000001195ec       0xf8 /opt/devkitpro/devkitARM/lib/gcc/arm-none-eabi/5.3.0/../../../../arm-none-eabi/lib/armv6k/fpu/libg.a(lib_a-svfiscanf.o)
                0x00000000001195ec                _sungetc_r
 .text.__ssrefill_r
                0x00000000001196e4       0x6c /opt/devkitpro/devkitARM/lib/gcc/arm-none-eabi/5.3.0/../../../../arm-none-eabi/lib/armv6k/fpu/libg.a(lib_a-svfiscanf.o)
                0x00000000001196e4                __ssrefill_r
 .text._sfread_r
                0x0000000000119750       0xc8 /opt/devkitpro/devkitARM/lib/gcc/arm-none-eabi/5.3.0/../../../../arm-none-eabi/lib/armv6k/fpu/libg.a(lib_a-svfiscanf.o)
                0x0000000000119750                _sfread_r
 .text.get_arg  0x0000000000119818     0x161c /opt/devkitpro/devkitARM/lib/gcc/arm-none-eabi/5.3.0/../../../../arm-none-eabi/lib/armv6k/fpu/libg.a(lib_a-svfprintf.o)
 *fill*         0x000000000011ae34        0x4 
 .text._svfprintf_r
                0x000000000011ae38     0x4a00 /opt/devkitpro/devkitARM/lib/gcc/arm-none-eabi/5.3.0/../../../../arm-none-eabi/lib/armv6k/fpu/libg.a(lib_a-svfprintf.o)
                0x000000000011ae38                _svfprintf_r
 .text.__submore
                0x000000000011f838       0xa8 /opt/devkitpro/devkitARM/lib/gcc/arm-none-eabi/5.3.0/../../../../arm-none-eabi/lib/armv6k/fpu/libg.a(lib_a-ungetc.o)
                0x000000000011f838                __submore
 .text._wcsnrtombs_r
                0x000000000011f8e0      0x190 /opt/devkitpro/devkitARM/lib/gcc/arm-none-eabi/5.3.0/../../../../arm-none-eabi/lib/armv6k/fpu/libg.a(lib_a-wcsnrtombs.o)
                0x000000000011f8e0                _wcsnrtombs_r
 .text._calloc_r
                0x000000000011fa70       0x90 /opt/devkitpro/devkitARM/lib/gcc/arm-none-eabi/5.3.0/../../../../arm-none-eabi/lib/armv6k/fpu/libg.a(lib_a-callocr.o)
                0x000000000011fa70                _calloc_r
 .text._fclose_r
                0x000000000011fb00      0x120 /opt/devkitpro/devkitARM/lib/gcc/arm-none-eabi/5.3.0/../../../../arm-none-eabi/lib/armv6k/fpu/libg.a(lib_a-fclose.o)
                0x000000000011fb00                _fclose_r
 .text.rshift   0x000000000011fc20       0xec /opt/devkitpro/devkitARM/lib/gcc/arm-none-eabi/5.3.0/../../../../arm-none-eabi/lib/armv6k/fpu/libg.a(lib_a-gdtoa-gethex.o)
 .text.__gethex
                0x000000000011fd0c      0x7d0 /opt/devkitpro/devkitARM/lib/gcc/arm-none-eabi/5.3.0/../../../../arm-none-eabi/lib/armv6k/fpu/libg.a(lib_a-gdtoa-gethex.o)
                0x000000000011fd0c                __gethex
 .text.__hexnan
                0x00000000001204dc      0x258 /opt/devkitpro/devkitARM/lib/gcc/arm-none-eabi/5.3.0/../../../../arm-none-eabi/lib/armv6k/fpu/libg.a(lib_a-gdtoa-hexnan.o)
                0x00000000001204dc                __hexnan
 .text.strnlen  0x0000000000120734       0x5c /opt/devkitpro/devkitARM/lib/gcc/arm-none-eabi/5.3.0/../../../../arm-none-eabi/lib/armv6k/fpu/libg.a(lib_a-strnlen.o)
                0x0000000000120734                strnlen
 .text.strrchr  0x0000000000120790       0x44 /opt/devkitpro/devkitARM/lib/gcc/arm-none-eabi/5.3.0/../../../../arm-none-eabi/lib/armv6k/fpu/libg.a(lib_a-strrchr.o)
                0x0000000000120790                strrchr
 *(.glue_7)
 .glue_7        0x00000000001207d4        0x0 linker stubs
 *(.glue_7t)
 .glue_7t       0x00000000001207d4        0x0 linker stubs
 *(.stub)
 *(.gnu.warning)
 *(.gnu.linkonce.t*)
                0x00000000001207d4                . = ALIGN (0x4)
 *(.fini)
 .fini          0x00000000001207d4        0xc /opt/devkitpro/devkitARM/lib/gcc/arm-none-eabi/5.3.0/armv6k/fpu/crti.o
                0x00000000001207d4                _fini
 .fini          0x00000000001207e0        0xc /opt/devkitpro/devkitARM/lib/gcc/arm-none-eabi/5.3.0/armv6k/fpu/crtn.o
                0x00000000001207ec                . = ALIGN (0x4)

.vfp11_veneer   0x00000000001207ec        0x0
 .vfp11_veneer  0x00000000001207ec        0x0 linker stubs

.v4_bx          0x00000000001207ec        0x0
 .v4_bx         0x00000000001207ec        0x0 linker stubs

.iplt           0x00000000001207ec        0x0
 .iplt          0x00000000001207ec        0x0 /opt/devkitpro/devkitARM/lib/gcc/arm-none-eabi/5.3.0/../../../../arm-none-eabi/lib/armv6k/fpu/3dsx_crt0.o

.rodata         0x0000000000121000     0x47a8
 *(.rodata)
 .rodata        0x0000000000121000      0x168 /opt/devkitpro/libctru/lib/libctru.a(console.o)
 .rodata        0x0000000000121168       0x1c /opt/devkitpro/libctru/lib/libctru.a(gfx.o)
 .rodata        0x0000000000121184        0xc /opt/devkitpro/libctru/lib/libctru.a(apt.o)
 .rodata        0x0000000000121190      0x804 /opt/devkitpro/libctru/lib/libctru.a(default_font.bin.o)
                0x0000000000121190                default_font_bin
                0x0000000000121990                default_font_bin_end
                0x0000000000121990                default_font_bin_size
 .rodata        0x0000000000121994       0x3c /opt/devkitpro/libctru/lib/libctru.a(sdmc_dev.o)
 .rodata        0x00000000001219d0       0x68 /opt/devkitpro/devkitARM/lib/gcc/arm-none-eabi/5.3.0/../../../../arm-none-eabi/lib/armv6k/fpu/libsysbase.a(iosupport.o)
                0x00000000001219d0                dotab_stdnull
 .rodata        0x0000000000121a38        0xc /opt/devkitpro/devkitARM/lib/gcc/arm-none-eabi/5.3.0/../../../../arm-none-eabi/lib/armv6k/fpu/libsysbase.a(chdir.o)
                0x0000000000121a38                DIRECTORY_PARENT
                0x0000000000121a3c                DIRECTORY_THIS
                0x0000000000121a40                DIRECTORY_SEPARATOR
 *(.roda)
 *(.rodata.*)
 .rodata.str1.4
                0x0000000000121a44       0x83 main.o
                                         0x88 (size before relaxing)
 *fill*         0x0000000000121ac7        0x1 
 .rodata.str1.4
                0x0000000000121ac8       0x70 /opt/devkitpro/libctru/lib/libctru.a(console.o)
 .rodata.str1.4
                0x0000000000121b38        0x9 /opt/devkitpro/libctru/lib/libctru.a(gspgpu.o)
                                          0xc (size before relaxing)
 *fill*         0x0000000000121b41        0x3 
 .rodata.str1.4
                0x0000000000121b44       0x16 /opt/devkitpro/libctru/lib/libctru.a(apt.o)
                                         0x18 (size before relaxing)
 *fill*         0x0000000000121b5a        0x2 
 .rodata.str1.4
                0x0000000000121b5c       0x15 /opt/devkitpro/libctru/lib/libctru.a(hid.o)
                                         0x18 (size before relaxing)
 *fill*         0x0000000000121b71        0x3 
 .rodata.str1.4
                0x0000000000121b74        0x9 /opt/devkitpro/libctru/lib/libctru.a(ptmsysm.o)
                                          0xc (size before relaxing)
 *fill*         0x0000000000121b7d        0x3 
 .rodata.str1.4
                0x0000000000121b80        0x5 /opt/devkitpro/libctru/lib/libctru.a(srv.o)
                                          0x8 (size before relaxing)
 *fill*         0x0000000000121b85        0x3 
 .rodata.str1.4
                0x0000000000121b88        0x2 /opt/devkitpro/libctru/lib/libctru.a(thread.o)
                                          0x4 (size before relaxing)
 *fill*         0x0000000000121b8a        0x2 
 .rodata.str1.4
                0x0000000000121b8c        0x7 /opt/devkitpro/libctru/lib/libctru.a(irrst.o)
                                          0x8 (size before relaxing)
 *fill*         0x0000000000121b93        0x1 
 .rodata.str1.4
                0x0000000000121b94        0xd /opt/devkitpro/libctru/lib/libctru.a(sdmc_dev.o)
                                         0x14 (size before relaxing)
 *fill*         0x0000000000121ba1        0x3 
 .rodata.str1.4
                0x0000000000121ba4        0x8 /opt/devkitpro/libctru/lib/libctru.a(fs.o)
                                          0xc (size before relaxing)
 .rodata.str1.4
                0x0000000000121bac        0x4 /opt/devkitpro/devkitARM/lib/gcc/arm-none-eabi/5.3.0/../../../../arm-none-eabi/lib/armv6k/fpu/libg.a(lib_a-impure.o)
 .rodata.basefix.7044
                0x0000000000121bac       0x24 /opt/devkitpro/devkitARM/lib/gcc/arm-none-eabi/5.3.0/../../../../arm-none-eabi/lib/armv6k/fpu/libg.a(lib_a-svfscanf.o)
 .rodata.str1.4
                0x0000000000121bd0        0x5 /opt/devkitpro/devkitARM/lib/gcc/arm-none-eabi/5.3.0/../../../../arm-none-eabi/lib/armv6k/fpu/libg.a(lib_a-svfscanf.o)
                                          0x8 (size before relaxing)
 *fill*         0x0000000000121bd5        0x3 
 .rodata.zeroes.7138
                0x0000000000121bd8       0x10 /opt/devkitpro/devkitARM/lib/gcc/arm-none-eabi/5.3.0/../../../../arm-none-eabi/lib/armv6k/fpu/libg.a(lib_a-vfprintf.o)
 .rodata.str1.4
                0x0000000000121be8       0x42 /opt/devkitpro/devkitARM/lib/gcc/arm-none-eabi/5.3.0/../../../../arm-none-eabi/lib/armv6k/fpu/libg.a(lib_a-vfprintf.o)
                                         0x44 (size before relaxing)
 *fill*         0x0000000000121c2a        0x2 
 .rodata.blanks.7137
                0x0000000000121c2c       0x10 /opt/devkitpro/devkitARM/lib/gcc/arm-none-eabi/5.3.0/../../../../arm-none-eabi/lib/armv6k/fpu/libg.a(lib_a-vfprintf.o)
 .rodata._ctype_
                0x0000000000121c3c      0x104 /opt/devkitpro/devkitARM/lib/gcc/arm-none-eabi/5.3.0/../../../../arm-none-eabi/lib/armv6k/fpu/libg.a(lib_a-ctype_.o)
                0x0000000000121c3c                _ctype_
 .rodata.str1.4
                0x0000000000121d40       0x10 /opt/devkitpro/devkitARM/lib/gcc/arm-none-eabi/5.3.0/../../../../arm-none-eabi/lib/armv6k/fpu/libg.a(lib_a-dtoa.o)
                                         0x14 (size before relaxing)
 .rodata.a1     0x0000000000121d50       0xbc /opt/devkitpro/devkitARM/lib/gcc/arm-none-eabi/5.3.0/../../../../arm-none-eabi/lib/armv6k/fpu/libg.a(lib_a-jp2uc.o)
 .rodata.a2     0x0000000000121e0c       0xbc /opt/devkitpro/devkitARM/lib/gcc/arm-none-eabi/5.3.0/../../../../arm-none-eabi/lib/armv6k/fpu/libg.a(lib_a-jp2uc.o)
 .rodata.a3     0x0000000000121ec8       0x5c /opt/devkitpro/devkitARM/lib/gcc/arm-none-eabi/5.3.0/../../../../arm-none-eabi/lib/armv6k/fpu/libg.a(lib_a-jp2uc.o)
 .rodata.a6     0x0000000000121f24       0x70 /opt/devkitpro/devkitARM/lib/gcc/arm-none-eabi/5.3.0/../../../../arm-none-eabi/lib/armv6k/fpu/libg.a(lib_a-jp2uc.o)
 .rodata.a7     0x0000000000121f94       0xa4 /opt/devkitpro/devkitARM/lib/gcc/arm-none-eabi/5.3.0/../../../../arm-none-eabi/lib/armv6k/fpu/libg.a(lib_a-jp2uc.o)
 .rodata.a8     0x0000000000122038       0x40 /opt/devkitpro/devkitARM/lib/gcc/arm-none-eabi/5.3.0/../../../../arm-none-eabi/lib/armv6k/fpu/libg.a(lib_a-jp2uc.o)
 .rodata.str1.4
                0x0000000000122078       0x12 /opt/devkitpro/devkitARM/lib/gcc/arm-none-eabi/5.3.0/../../../../arm-none-eabi/lib/armv6k/fpu/libg.a(lib_a-jp2uc.o)
                                         0x14 (size before relaxing)
 *fill*         0x000000000012208a        0x2 
 .rodata.b02cf  0x000000000012208c     0x172c /opt/devkitpro/devkitARM/lib/gcc/arm-none-eabi/5.3.0/../../../../arm-none-eabi/lib/armv6k/fpu/libg.a(lib_a-jp2uc.o)
 .rodata.d02f4  0x00000000001237b8     0x1a7c /opt/devkitpro/devkitARM/lib/gcc/arm-none-eabi/5.3.0/../../../../arm-none-eabi/lib/armv6k/fpu/libg.a(lib_a-jp2uc.o)
 .rodata.str1.4
                0x0000000000125234      0x112 /opt/devkitpro/devkitARM/lib/gcc/arm-none-eabi/5.3.0/../../../../arm-none-eabi/lib/armv6k/fpu/libg.a(lib_a-locale.o)
                                        0x130 (size before relaxing)
 .rodata.str1.4
                0x0000000000125346        0x4 /opt/devkitpro/devkitARM/lib/gcc/arm-none-eabi/5.3.0/../../../../arm-none-eabi/lib/armv6k/fpu/libg.a(lib_a-mbrtowc.o)
 *fill*         0x0000000000125346        0x2 
 .rodata.__mprec_tens
                0x0000000000125348       0xc8 /opt/devkitpro/devkitARM/lib/gcc/arm-none-eabi/5.3.0/../../../../arm-none-eabi/lib/armv6k/fpu/libg.a(lib_a-mprec.o)
                0x0000000000125348                __mprec_tens
 .rodata.p05.5412
                0x0000000000125410        0xc /opt/devkitpro/devkitARM/lib/gcc/arm-none-eabi/5.3.0/../../../../arm-none-eabi/lib/armv6k/fpu/libg.a(lib_a-mprec.o)
 *fill*         0x000000000012541c        0x4 
 .rodata.__mprec_bigtens
                0x0000000000125420       0x28 /opt/devkitpro/devkitARM/lib/gcc/arm-none-eabi/5.3.0/../../../../arm-none-eabi/lib/armv6k/fpu/libg.a(lib_a-mprec.o)
                0x0000000000125420                __mprec_bigtens
 .rodata.fpinan.5417
                0x0000000000125448       0x14 /opt/devkitpro/devkitARM/lib/gcc/arm-none-eabi/5.3.0/../../../../arm-none-eabi/lib/armv6k/fpu/libg.a(lib_a-strtod.o)
 .rodata.str1.4
                0x000000000012545c        0xf /opt/devkitpro/devkitARM/lib/gcc/arm-none-eabi/5.3.0/../../../../arm-none-eabi/lib/armv6k/fpu/libg.a(lib_a-strtod.o)
                                         0x10 (size before relaxing)
 *fill*         0x000000000012546b        0x1 
 .rodata.fpi.5381
                0x000000000012546c       0x14 /opt/devkitpro/devkitARM/lib/gcc/arm-none-eabi/5.3.0/../../../../arm-none-eabi/lib/armv6k/fpu/libg.a(lib_a-strtod.o)
 .rodata.tinytens
                0x0000000000125480       0x28 /opt/devkitpro/devkitARM/lib/gcc/arm-none-eabi/5.3.0/../../../../arm-none-eabi/lib/armv6k/fpu/libg.a(lib_a-strtod.o)
 .rodata.__state_table
                0x00000000001254a8       0x6c /opt/devkitpro/devkitARM/lib/gcc/arm-none-eabi/5.3.0/../../../../arm-none-eabi/lib/armv6k/fpu/libg.a(lib_a-svfiprintf.o)
                0x00000000001254a8                __state_table
 .rodata.__chclass
                0x0000000000125514      0x100 /opt/devkitpro/devkitARM/lib/gcc/arm-none-eabi/5.3.0/../../../../arm-none-eabi/lib/armv6k/fpu/libg.a(lib_a-svfiprintf.o)
                0x0000000000125514                __chclass
 .rodata.__action_table
                0x0000000000125614       0x6c /opt/devkitpro/devkitARM/lib/gcc/arm-none-eabi/5.3.0/../../../../arm-none-eabi/lib/armv6k/fpu/libg.a(lib_a-svfiprintf.o)
                0x0000000000125614                __action_table
 .rodata.blanks.7122
                0x0000000000125680       0x10 /opt/devkitpro/devkitARM/lib/gcc/arm-none-eabi/5.3.0/../../../../arm-none-eabi/lib/armv6k/fpu/libg.a(lib_a-svfprintf.o)
 .rodata.str1.4
                0x0000000000125690       0x44 /opt/devkitpro/devkitARM/lib/gcc/arm-none-eabi/5.3.0/../../../../arm-none-eabi/lib/armv6k/fpu/libg.a(lib_a-svfprintf.o)
 .rodata.zeroes.7123
                0x0000000000125690       0x10 /opt/devkitpro/devkitARM/lib/gcc/arm-none-eabi/5.3.0/../../../../arm-none-eabi/lib/armv6k/fpu/libg.a(lib_a-svfprintf.o)
 .rodata.__hexdig
                0x00000000001256a0      0x100 /opt/devkitpro/devkitARM/lib/gcc/arm-none-eabi/5.3.0/../../../../arm-none-eabi/lib/armv6k/fpu/libg.a(lib_a-gdtoa-gethex.o)
                0x00000000001256a0                __hexdig
 .rodata.str1.4
                0x00000000001257a0        0x8 /opt/devkitpro/devkitARM/lib/gcc/arm-none-eabi/5.3.0/../../../../arm-none-eabi/lib/armv6k/fpu/libsysbase.a(iosupport.o)
 *all.rodata*(*)
 *(.gnu.linkonce.r*)
                0x00000000001257a8                . = ALIGN (0x4)

.eh_frame       0x00000000001257a8        0x0
 .eh_frame      0x00000000001257a8        0x0 /opt/devkitpro/devkitARM/lib/gcc/arm-none-eabi/5.3.0/armv6k/fpu/crtbegin.o

.rel.dyn        0x00000000001257a8        0x0
 .rel.iplt      0x00000000001257a8        0x0 /opt/devkitpro/devkitARM/lib/gcc/arm-none-eabi/5.3.0/../../../../arm-none-eabi/lib/armv6k/fpu/3dsx_crt0.o

.ARM.extab
 *(.ARM.extab* .gnu.linkonce.armextab.*)
                0x00000000001257a8                __exidx_start = .

ARM.exidx
 *(.ARM.exidx* .gnu.linkonce.armexidx.*)
                0x00000000001257a8                __exidx_end = .

.data           0x0000000000126000     0x2e20
 *(.data)
 .data          0x0000000000126000       0x54 /opt/devkitpro/libctru/lib/libctru.a(console.o)
                0x0000000000126000                defaultConsole
                0x000000000012604c                currentConsole
 .data          0x0000000000126054        0xc /opt/devkitpro/libctru/lib/libctru.a(gfx.o)
 .data          0x0000000000126060        0x4 /opt/devkitpro/libctru/lib/libctru.a(apt.o)
 .data          0x0000000000126064        0x4 /opt/devkitpro/libctru/lib/libctru.a(stack_adjust.o)
                0x0000000000126064                __stacksize__
 .data          0x0000000000126068      0x46c /opt/devkitpro/libctru/lib/libctru.a(sdmc_dev.o)
 .data          0x00000000001264d4       0x44 /opt/devkitpro/devkitARM/lib/gcc/arm-none-eabi/5.3.0/../../../../arm-none-eabi/lib/armv6k/fpu/libsysbase.a(iosupport.o)
                0x00000000001264d8                devoptab_list
 .data          0x0000000000126518     0x1000 /opt/devkitpro/devkitARM/lib/gcc/arm-none-eabi/5.3.0/../../../../arm-none-eabi/lib/armv6k/fpu/libsysbase.a(chdir.o)
 .data          0x0000000000127518     0x1028 /opt/devkitpro/devkitARM/lib/gcc/arm-none-eabi/5.3.0/../../../../arm-none-eabi/lib/armv6k/fpu/libsysbase.a(handle_manager.o)
 *(.data.*)
 .data.impure_data
                0x0000000000128540      0x440 /opt/devkitpro/devkitARM/lib/gcc/arm-none-eabi/5.3.0/../../../../arm-none-eabi/lib/armv6k/fpu/libg.a(lib_a-impure.o)
 .data._impure_ptr
                0x0000000000128980        0x4 /opt/devkitpro/devkitARM/lib/gcc/arm-none-eabi/5.3.0/../../../../arm-none-eabi/lib/armv6k/fpu/libg.a(lib_a-impure.o)
                0x0000000000128980                _impure_ptr
 .data.__malloc_av_
                0x0000000000128984      0x408 /opt/devkitpro/devkitARM/lib/gcc/arm-none-eabi/5.3.0/../../../../arm-none-eabi/lib/armv6k/fpu/libg.a(lib_a-mallocr.o)
                0x0000000000128984                __malloc_av_
 .data.__malloc_trim_threshold
                0x0000000000128d8c        0x4 /opt/devkitpro/devkitARM/lib/gcc/arm-none-eabi/5.3.0/../../../../arm-none-eabi/lib/armv6k/fpu/libg.a(lib_a-mallocr.o)
                0x0000000000128d8c                __malloc_trim_threshold
 .data.__malloc_sbrk_base
                0x0000000000128d90        0x4 /opt/devkitpro/devkitARM/lib/gcc/arm-none-eabi/5.3.0/../../../../arm-none-eabi/lib/armv6k/fpu/libg.a(lib_a-mallocr.o)
                0x0000000000128d90                __malloc_sbrk_base
 .data.__malloc_lock_object
                0x0000000000128d94        0xc /opt/devkitpro/devkitARM/lib/gcc/arm-none-eabi/5.3.0/../../../../arm-none-eabi/lib/armv6k/fpu/libg.a(lib_a-mlock.o)
 .data.__wctomb
                0x0000000000128da0        0x4 /opt/devkitpro/devkitARM/lib/gcc/arm-none-eabi/5.3.0/../../../../arm-none-eabi/lib/armv6k/fpu/libg.a(lib_a-wctomb_r.o)
                0x0000000000128da0                __wctomb
 .data.__ctype_ptr__
                0x0000000000128da4        0x4 /opt/devkitpro/devkitARM/lib/gcc/arm-none-eabi/5.3.0/../../../../arm-none-eabi/lib/armv6k/fpu/libg.a(lib_a-ctype_.o)
                0x0000000000128da4                __ctype_ptr__
 .data.__sfp_lock
                0x0000000000128da8        0xc /opt/devkitpro/devkitARM/lib/gcc/arm-none-eabi/5.3.0/../../../../arm-none-eabi/lib/armv6k/fpu/libg.a(lib_a-findfp.o)
 .data.__sinit_lock
                0x0000000000128db4        0xc /opt/devkitpro/devkitARM/lib/gcc/arm-none-eabi/5.3.0/../../../../arm-none-eabi/lib/armv6k/fpu/libg.a(lib_a-findfp.o)
 .data.lconv    0x0000000000128dc0       0x38 /opt/devkitpro/devkitARM/lib/gcc/arm-none-eabi/5.3.0/../../../../arm-none-eabi/lib/armv6k/fpu/libg.a(lib_a-locale.o)
 .data.lc_ctype_charset
                0x0000000000128df8       0x20 /opt/devkitpro/devkitARM/lib/gcc/arm-none-eabi/5.3.0/../../../../arm-none-eabi/lib/armv6k/fpu/libg.a(lib_a-locale.o)
 .data.__mb_cur_max
                0x0000000000128e18        0x4 /opt/devkitpro/devkitARM/lib/gcc/arm-none-eabi/5.3.0/../../../../arm-none-eabi/lib/armv6k/fpu/libg.a(lib_a-locale.o)
                0x0000000000128e18                __mb_cur_max
 .data.__mbtowc
                0x0000000000128e1c        0x4 /opt/devkitpro/devkitARM/lib/gcc/arm-none-eabi/5.3.0/../../../../arm-none-eabi/lib/armv6k/fpu/libg.a(lib_a-mbtowc_r.o)
                0x0000000000128e1c                __mbtowc
 *(.gnu.linkonce.d*)
                0x0000000000128e20                . = ALIGN (0x4)

.igot.plt       0x0000000000128e20        0x0
 .igot.plt      0x0000000000128e20        0x0 /opt/devkitpro/devkitARM/lib/gcc/arm-none-eabi/5.3.0/../../../../arm-none-eabi/lib/armv6k/fpu/3dsx_crt0.o

.jcr            0x0000000000128e20        0x0
 .jcr           0x0000000000128e20        0x0 /opt/devkitpro/devkitARM/lib/gcc/arm-none-eabi/5.3.0/armv6k/fpu/crtbegin.o

.tm_clone_table
                0x0000000000128e20        0x0
 .tm_clone_table
                0x0000000000128e20        0x0 /opt/devkitpro/devkitARM/lib/gcc/arm-none-eabi/5.3.0/armv6k/fpu/crtbegin.o
 .tm_clone_table
                0x0000000000128e20        0x0 /opt/devkitpro/devkitARM/lib/gcc/arm-none-eabi/5.3.0/armv6k/fpu/crtend.o
                0x0000000000128e20                __TMC_END__

.tdata          0x0000000000128e20        0x0
                0x0000000000128e20                __tdata_lma = .
 *(.tdata)
 *(.tdata.*)
 *(.gnu.linkonce.td.*)
                0x0000000000128e20                . = ALIGN (0x4)
                0x0000000000128e20                __tdata_lma_end = .

.tbss           0x0000000000128e20     0x340c
 *(.tbss)
 .tbss          0x0000000000128e20     0x340c /opt/devkitpro/libctru/lib/libctru.a(sdmc_dev.o)
 *(.tbss.*)
 *(.gnu.linkonce.tb.*)
 *(.tcommon)
                0x000000000012c22c                . = ALIGN (0x4)

.preinit_array  0x0000000000128e20        0x0
                0x0000000000128e20                PROVIDE (__preinit_array_start, .)
 *(.preinit_array)
                0x0000000000128e20                PROVIDE (__preinit_array_end, .)

.init_array     0x0000000000128e20        0x4
                0x0000000000128e20                PROVIDE (__init_array_start, .)
 *(SORT(.init_array.*))
 *(.init_array)
 .init_array    0x0000000000128e20        0x4 /opt/devkitpro/devkitARM/lib/gcc/arm-none-eabi/5.3.0/armv6k/fpu/crtbegin.o
                0x0000000000128e24                PROVIDE (__init_array_end, .)

.fini_array     0x0000000000128e24        0x4
                0x0000000000128e24                PROVIDE (__fini_array_start, .)
 *(.fini_array)
 .fini_array    0x0000000000128e24        0x4 /opt/devkitpro/devkitARM/lib/gcc/arm-none-eabi/5.3.0/armv6k/fpu/crtbegin.o
 *(SORT(.fini_array.*))
                0x0000000000128e28                PROVIDE (__fini_array_end, .)

.ctors
 *crtbegin.o(.ctors)
 *(EXCLUDE_FILE(*crtend.o) .ctors)
 *(SORT(.ctors.*))
 *(.ctors)

.dtors
 *crtbegin.o(.dtors)
 *(EXCLUDE_FILE(*crtend.o) .dtors)
 *(SORT(.dtors.*))
 *(.dtors)
                0x0000000000128e28                __bss_start__ = .

.bss            0x0000000000128e28     0x583c
 *(.dynbss)
 *(.bss)
 .bss           0x0000000000128e28       0x1c /opt/devkitpro/devkitARM/lib/gcc/arm-none-eabi/5.3.0/armv6k/fpu/crtbegin.o
 .bss           0x0000000000128e44       0x14 /opt/devkitpro/libctru/lib/libctru.a(linear.o)
 .bss           0x0000000000128e58        0x1 /opt/devkitpro/libctru/lib/libctru.a(os.o)
                0x0000000000128e58                __ctru_speedup
 *fill*         0x0000000000128e59        0x3 
 .bss           0x0000000000128e5c        0xc /opt/devkitpro/libctru/lib/libctru.a(gfx.o)
 .bss           0x0000000000128e68        0xc /opt/devkitpro/libctru/lib/libctru.a(gspgpu.o)
 .bss           0x0000000000128e74     0x1040 /opt/devkitpro/libctru/lib/libctru.a(apt.o)
 .bss           0x0000000000129eb4       0x2c /opt/devkitpro/libctru/lib/libctru.a(hid.o)
 .bss           0x0000000000129ee0        0x8 /opt/devkitpro/libctru/lib/libctru.a(ptmsysm.o)
 .bss           0x0000000000129ee8        0x8 /opt/devkitpro/libctru/lib/libctru.a(stack_adjust.o)
 .bss           0x0000000000129ef0       0x14 /opt/devkitpro/libctru/lib/libctru.a(vram.o)
 .bss           0x0000000000129f04       0x14 /opt/devkitpro/libctru/lib/libctru.a(mappable.o)
 .bss           0x0000000000129f18        0x4 /opt/devkitpro/libctru/lib/libctru.a(synchronization.o)
 .bss           0x0000000000129f1c        0x8 /opt/devkitpro/libctru/lib/libctru.a(srv.o)
 .bss           0x0000000000129f24        0xc /opt/devkitpro/libctru/lib/libctru.a(irrst.o)
 .bss           0x0000000000129f30       0x10 /opt/devkitpro/libctru/lib/libctru.a(sdmc_dev.o)
 .bss           0x0000000000129f40       0x88 /opt/devkitpro/libctru/lib/libctru.a(fs.o)
 .bss           0x0000000000129fc8        0x4 /opt/devkitpro/devkitARM/lib/gcc/arm-none-eabi/5.3.0/../../../../arm-none-eabi/lib/armv6k/fpu/libsysbase.a(sbrk.o)
 .bss           0x0000000000129fcc        0x8 /opt/devkitpro/devkitARM/lib/gcc/arm-none-eabi/5.3.0/../../../../arm-none-eabi/lib/armv6k/fpu/libsysbase.a(malloc_vars.o)
                0x0000000000129fcc                fake_heap_start
                0x0000000000129fd0                fake_heap_end
 .bss           0x0000000000129fd4     0x1000 /opt/devkitpro/devkitARM/lib/gcc/arm-none-eabi/5.3.0/../../../../arm-none-eabi/lib/armv6k/fpu/libsysbase.a(chdir.o)
 .bss           0x000000000012afd4       0x38 /opt/devkitpro/devkitARM/lib/gcc/arm-none-eabi/5.3.0/../../../../arm-none-eabi/lib/armv6k/fpu/libsysbase.a(syscall_support.o)
                0x000000000012afd4                __syscalls
 *(.bss.*)
 .bss.__malloc_max_total_mem
                0x000000000012b00c        0x4 /opt/devkitpro/devkitARM/lib/gcc/arm-none-eabi/5.3.0/../../../../arm-none-eabi/lib/armv6k/fpu/libg.a(lib_a-mallocr.o)
                0x000000000012b00c                __malloc_max_total_mem
 .bss.__malloc_max_sbrked_mem
                0x000000000012b010        0x4 /opt/devkitpro/devkitARM/lib/gcc/arm-none-eabi/5.3.0/../../../../arm-none-eabi/lib/armv6k/fpu/libg.a(lib_a-mallocr.o)
                0x000000000012b010                __malloc_max_sbrked_mem
 .bss.__malloc_top_pad
                0x000000000012b014        0x4 /opt/devkitpro/devkitARM/lib/gcc/arm-none-eabi/5.3.0/../../../../arm-none-eabi/lib/armv6k/fpu/libg.a(lib_a-mallocr.o)
                0x000000000012b014                __malloc_top_pad
 .bss.__malloc_current_mallinfo
                0x000000000012b018       0x28 /opt/devkitpro/devkitARM/lib/gcc/arm-none-eabi/5.3.0/../../../../arm-none-eabi/lib/armv6k/fpu/libg.a(lib_a-mallocr.o)
                0x000000000012b018                __malloc_current_mallinfo
 *(.gnu.linkonce.b*)
 *(COMMON)
 COMMON         0x000000000012b040       0x98 main.o
                0x000000000012b040                bottomScreen
                0x000000000012b08c                topScreen
 COMMON         0x000000000012b0d8       0x4c /opt/devkitpro/libctru/lib/libctru.a(console.o)
                0x000000000012b0d8                currentCopy
 COMMON         0x000000000012b124       0x60 /opt/devkitpro/libctru/lib/libctru.a(gfx.o)
                0x000000000012b124                gfxBottomFramebuffers
                0x000000000012b12c                gspSharedMemHandle
                0x000000000012b130                bottomFramebufferInfo
                0x000000000012b14c                gspEvent
                0x000000000012b150                gfxTopLeftFramebuffers
                0x000000000012b158                gfxTopRightFramebuffers
                0x000000000012b160                topFramebufferInfo
                0x000000000012b17c                gfxThreadID
                0x000000000012b180                gfxSharedMemory
 COMMON         0x000000000012b184        0x4 /opt/devkitpro/libctru/lib/libctru.a(gx.o)
                0x000000000012b184                gxCmdBuf
 COMMON         0x000000000012b188       0x84 /opt/devkitpro/libctru/lib/libctru.a(gspgpu.o)
                0x000000000012b188                gspEventCbOneShot
                0x000000000012b190                gspEventCb
                0x000000000012b1ac                gspGpuHandle
                0x000000000012b1b0                gspEventThread
                0x000000000012b1b4                gspEventCounts
                0x000000000012b1d0                gspEvents
                0x000000000012b1ec                gspRunEvents
                0x000000000012b1f0                gspEventCbData
 COMMON         0x000000000012b20c       0x20 /opt/devkitpro/libctru/lib/libctru.a(hid.o)
                0x000000000012b20c                hidMemHandle
                0x000000000012b210                hidHandle
                0x000000000012b214                hidSharedMem
                0x000000000012b218                hidEvents
 COMMON         0x000000000012b22c        0x4 /opt/devkitpro/libctru/lib/libctru.a(initSystem.o)
                0x000000000012b22c                __system_retAddr
 COMMON         0x000000000012b230       0x10 /opt/devkitpro/libctru/lib/libctru.a(allocateHeaps.o)
                0x000000000012b230                __ctru_heap_size
                0x000000000012b234                __ctru_linear_heap
                0x000000000012b238                __ctru_heap
                0x000000000012b23c                __ctru_linear_heap_size